../Core/Src/Lib Src/minmea.c:19:12:hex2int	16	static
../Core/Src/Lib Src/minmea.c:26:9:minmea_checksum	24	static
../Core/Src/Lib Src/minmea.c:38:6:minmea_check	32	static
../Core/Src/Lib Src/minmea.c:79:20:minmea_isfield	16	static
../Core/Src/Lib Src/minmea.c:83:6:minmea_scan	164	static
../Core/Src/Lib Src/minmea.c:320:6:minmea_talker_id	24	static
../Core/Src/Lib Src/minmea.c:331:25:minmea_sentence_id	24	static
../Core/Src/Lib Src/minmea.c:350:6:minmea_parse_gbs	80	static
../Core/Src/Lib Src/minmea.c:363:6:minmea_parse_rmc	104	static
../Core/Src/Lib Src/minmea.c:385:6:minmea_parse_gga	112	static
../Core/Src/Lib Src/minmea.c:406:6:minmea_parse_gsa	152	static
../Core/Src/Lib Src/minmea.c:422:6:minmea_parse_gll	64	static
../Core/Src/Lib Src/minmea.c:441:6:minmea_parse_gst	80	static
../Core/Src/Lib Src/minmea.c:457:6:minmea_parse_gsv	168	static
../Core/Src/Lib Src/minmea.c:481:6:minmea_parse_vtg	72	static
../Core/Src/Lib Src/minmea.c:505:6:minmea_parse_zda	64	static
../Core/Src/Lib Src/minmea.c:523:5:minmea_getdatetime	24	static
../Core/Src/Lib Src/minmea.c:544:5:minmea_gettime	80	static
