../Drivers/STM32U5xx_HAL_Driver/Src/stm32u5xx_hal_dac.c:370:19:HAL_DAC_Init	16	static
../Drivers/STM32U5xx_HAL_Driver/Src/stm32u5xx_hal_dac.c:431:19:HAL_DAC_DeInit	16	static
../Drivers/STM32U5xx_HAL_Driver/Src/stm32u5xx_hal_dac.c:476:13:HAL_DAC_MspInit	16	static
../Drivers/STM32U5xx_HAL_Driver/Src/stm32u5xx_hal_dac.c:492:13:HAL_DAC_MspDeInit	16	static
../Drivers/STM32U5xx_HAL_Driver/Src/stm32u5xx_hal_dac.c:534:19:HAL_DAC_Start	24	static
../Drivers/STM32U5xx_HAL_Driver/Src/stm32u5xx_hal_dac.c:599:19:HAL_DAC_Stop	16	static
../Drivers/STM32U5xx_HAL_Driver/Src/stm32u5xx_hal_dac.c:631:19:HAL_DAC_Start_DMA	152	static
../Drivers/STM32U5xx_HAL_Driver/Src/stm32u5xx_hal_dac.c:904:19:HAL_DAC_Stop_DMA	16	static
../Drivers/STM32U5xx_HAL_Driver/Src/stm32u5xx_hal_dac.c:952:6:HAL_DAC_IRQHandler	24	static
../Drivers/STM32U5xx_HAL_Driver/Src/stm32u5xx_hal_dac.c:1028:19:HAL_DAC_SetValue	32	static
../Drivers/STM32U5xx_HAL_Driver/Src/stm32u5xx_hal_dac.c:1066:13:HAL_DAC_ConvCpltCallbackCh1	16	static
../Drivers/STM32U5xx_HAL_Driver/Src/stm32u5xx_hal_dac.c:1082:13:HAL_DAC_ConvHalfCpltCallbackCh1	16	static
../Drivers/STM32U5xx_HAL_Driver/Src/stm32u5xx_hal_dac.c:1098:13:HAL_DAC_ErrorCallbackCh1	16	static
../Drivers/STM32U5xx_HAL_Driver/Src/stm32u5xx_hal_dac.c:1114:13:HAL_DAC_DMAUnderrunCallbackCh1	16	static
../Drivers/STM32U5xx_HAL_Driver/Src/stm32u5xx_hal_dac.c:1153:10:HAL_DAC_GetValue	24	static
../Drivers/STM32U5xx_HAL_Driver/Src/stm32u5xx_hal_dac.c:1198:19:HAL_DAC_ConfigChannel	48	static
../Drivers/STM32U5xx_HAL_Driver/Src/stm32u5xx_hal_dac.c:1435:22:HAL_DAC_GetState	16	static
../Drivers/STM32U5xx_HAL_Driver/Src/stm32u5xx_hal_dac.c:1448:10:HAL_DAC_GetError	16	static
../Drivers/STM32U5xx_HAL_Driver/Src/stm32u5xx_hal_dac.c:1708:6:DAC_DMAConvCpltCh1	24	static
../Drivers/STM32U5xx_HAL_Driver/Src/stm32u5xx_hal_dac.c:1727:6:DAC_DMAHalfConvCpltCh1	24	static
../Drivers/STM32U5xx_HAL_Driver/Src/stm32u5xx_hal_dac.c:1744:6:DAC_DMAErrorCh1	24	static
