../Drivers/CMSIS/Include/core_cm33.h:2096:22:__NVIC_SetPriorityGrouping	24	static
../Drivers/CMSIS/Include/core_cm33.h:2115:26:__NVIC_GetPriorityGrouping	4	static
../Drivers/CMSIS/Include/core_cm33.h:2127:22:__NVIC_EnableIRQ	16	static,ignoring_inline_asm
../Drivers/CMSIS/Include/core_cm33.h:2165:22:__NVIC_DisableIRQ	16	static,ignoring_inline_asm
../Drivers/CMSIS/Include/core_cm33.h:2184:26:__NVIC_GetPendingIRQ	16	static
../Drivers/CMSIS/Include/core_cm33.h:2203:22:__NVIC_SetPendingIRQ	16	static
../Drivers/CMSIS/Include/core_cm33.h:2218:22:__NVIC_ClearPendingIRQ	16	static
../Drivers/CMSIS/Include/core_cm33.h:2235:26:__NVIC_GetActive	16	static
../Drivers/CMSIS/Include/core_cm33.h:2324:22:__NVIC_SetPriority	16	static
../Drivers/CMSIS/Include/core_cm33.h:2346:26:__NVIC_GetPriority	16	static
../Drivers/CMSIS/Include/core_cm33.h:2371:26:NVIC_EncodePriority	40	static
../Drivers/CMSIS/Include/core_cm33.h:2398:22:NVIC_DecodePriority	40	static
../Drivers/CMSIS/Include/core_cm33.h:2448:34:__NVIC_SystemReset	4	static,ignoring_inline_asm
../Drivers/CMSIS/Include/core_cm33.h:2773:26:SysTick_Config	16	static
../Drivers/STM32U5xx_HAL_Driver/Src/stm32u5xx_hal_cortex.c:185:6:HAL_NVIC_SetPriorityGrouping	16	static
../Drivers/STM32U5xx_HAL_Driver/Src/stm32u5xx_hal_cortex.c:208:6:HAL_NVIC_SetPriority	32	static
../Drivers/STM32U5xx_HAL_Driver/Src/stm32u5xx_hal_cortex.c:231:6:HAL_NVIC_EnableIRQ	16	static
../Drivers/STM32U5xx_HAL_Driver/Src/stm32u5xx_hal_cortex.c:248:6:HAL_NVIC_DisableIRQ	16	static
../Drivers/STM32U5xx_HAL_Driver/Src/stm32u5xx_hal_cortex.c:261:6:HAL_NVIC_SystemReset	8	static
../Drivers/STM32U5xx_HAL_Driver/Src/stm32u5xx_hal_cortex.c:274:10:HAL_SYSTICK_Config	16	static
../Drivers/STM32U5xx_HAL_Driver/Src/stm32u5xx_hal_cortex.c:302:10:HAL_NVIC_GetPriorityGrouping	8	static
../Drivers/STM32U5xx_HAL_Driver/Src/stm32u5xx_hal_cortex.c:330:6:HAL_NVIC_GetPriority	24	static
../Drivers/STM32U5xx_HAL_Driver/Src/stm32u5xx_hal_cortex.c:347:6:HAL_NVIC_SetPendingIRQ	16	static
../Drivers/STM32U5xx_HAL_Driver/Src/stm32u5xx_hal_cortex.c:363:10:HAL_NVIC_GetPendingIRQ	16	static
../Drivers/STM32U5xx_HAL_Driver/Src/stm32u5xx_hal_cortex.c:377:6:HAL_NVIC_ClearPendingIRQ	16	static
../Drivers/STM32U5xx_HAL_Driver/Src/stm32u5xx_hal_cortex.c:392:10:HAL_NVIC_GetActive	16	static
../Drivers/STM32U5xx_HAL_Driver/Src/stm32u5xx_hal_cortex.c:408:6:HAL_SYSTICK_CLKSourceConfig	16	static
../Drivers/STM32U5xx_HAL_Driver/Src/stm32u5xx_hal_cortex.c:443:6:HAL_SYSTICK_IRQHandler	8	static
../Drivers/STM32U5xx_HAL_Driver/Src/stm32u5xx_hal_cortex.c:452:13:HAL_SYSTICK_Callback	4	static
../Drivers/STM32U5xx_HAL_Driver/Src/stm32u5xx_hal_cortex.c:471:6:HAL_MPU_Enable	16	static,ignoring_inline_asm
../Drivers/STM32U5xx_HAL_Driver/Src/stm32u5xx_hal_cortex.c:516:6:HAL_MPU_Disable	4	static,ignoring_inline_asm
../Drivers/STM32U5xx_HAL_Driver/Src/stm32u5xx_hal_cortex.c:544:6:HAL_MPU_ConfigRegion	16	static
../Drivers/STM32U5xx_HAL_Driver/Src/stm32u5xx_hal_cortex.c:568:6:HAL_MPU_ConfigMemoryAttributes	16	static
../Drivers/STM32U5xx_HAL_Driver/Src/stm32u5xx_hal_cortex.c:597:13:MPU_ConfigRegion	16	static,ignoring_inline_asm
../Drivers/STM32U5xx_HAL_Driver/Src/stm32u5xx_hal_cortex.c:635:13:MPU_ConfigMemoryAttributes	32	static,ignoring_inline_asm
