../Drivers/STM32U5xx_HAL_Driver/Src/stm32u5xx_hal.c:140:19:HAL_Init	8	static
../Drivers/STM32U5xx_HAL_Driver/Src/stm32u5xx_hal.c:171:19:HAL_DeInit	8	static
../Drivers/STM32U5xx_HAL_Driver/Src/stm32u5xx_hal.c:200:13:HAL_MspInit	4	static
../Drivers/STM32U5xx_HAL_Driver/Src/stm32u5xx_hal.c:211:13:HAL_MspDeInit	4	static
../Drivers/STM32U5xx_HAL_Driver/Src/stm32u5xx_hal.c:234:26:HAL_InitTick	16	static
../Drivers/STM32U5xx_HAL_Driver/Src/stm32u5xx_hal.c:299:13:HAL_IncTick	4	static
../Drivers/STM32U5xx_HAL_Driver/Src/stm32u5xx_hal.c:310:17:HAL_GetTick	4	static
../Drivers/STM32U5xx_HAL_Driver/Src/stm32u5xx_hal.c:319:10:HAL_GetTickPrio	4	static
../Drivers/STM32U5xx_HAL_Driver/Src/stm32u5xx_hal.c:328:19:HAL_SetTickFreq	24	static
../Drivers/STM32U5xx_HAL_Driver/Src/stm32u5xx_hal.c:352:21:HAL_GetTickFreq	4	static
../Drivers/STM32U5xx_HAL_Driver/Src/stm32u5xx_hal.c:368:13:HAL_Delay	24	static
../Drivers/STM32U5xx_HAL_Driver/Src/stm32u5xx_hal.c:394:13:HAL_SuspendTick	4	static
../Drivers/STM32U5xx_HAL_Driver/Src/stm32u5xx_hal.c:410:13:HAL_ResumeTick	4	static
../Drivers/STM32U5xx_HAL_Driver/Src/stm32u5xx_hal.c:420:10:HAL_GetHalVersion	4	static
../Drivers/STM32U5xx_HAL_Driver/Src/stm32u5xx_hal.c:429:10:HAL_GetREVID	4	static
../Drivers/STM32U5xx_HAL_Driver/Src/stm32u5xx_hal.c:438:10:HAL_GetDEVID	4	static
../Drivers/STM32U5xx_HAL_Driver/Src/stm32u5xx_hal.c:447:10:HAL_GetUIDw0	4	static
../Drivers/STM32U5xx_HAL_Driver/Src/stm32u5xx_hal.c:456:10:HAL_GetUIDw1	4	static
../Drivers/STM32U5xx_HAL_Driver/Src/stm32u5xx_hal.c:465:10:HAL_GetUIDw2	4	static
../Drivers/STM32U5xx_HAL_Driver/Src/stm32u5xx_hal.c:494:6:HAL_DBGMCU_EnableDBGStopMode	4	static
../Drivers/STM32U5xx_HAL_Driver/Src/stm32u5xx_hal.c:503:6:HAL_DBGMCU_DisableDBGStopMode	4	static
../Drivers/STM32U5xx_HAL_Driver/Src/stm32u5xx_hal.c:512:6:HAL_DBGMCU_EnableDBGStandbyMode	4	static
../Drivers/STM32U5xx_HAL_Driver/Src/stm32u5xx_hal.c:521:6:HAL_DBGMCU_DisableDBGStandbyMode	4	static
../Drivers/STM32U5xx_HAL_Driver/Src/stm32u5xx_hal.c:560:6:HAL_SYSCFG_VREFBUF_VoltageScalingConfig	16	static
../Drivers/STM32U5xx_HAL_Driver/Src/stm32u5xx_hal.c:576:6:HAL_SYSCFG_VREFBUF_HighImpedanceConfig	16	static
../Drivers/STM32U5xx_HAL_Driver/Src/stm32u5xx_hal.c:588:6:HAL_SYSCFG_VREFBUF_TrimmingConfig	16	static
../Drivers/STM32U5xx_HAL_Driver/Src/stm32u5xx_hal.c:600:19:HAL_SYSCFG_EnableVREFBUF	16	static
../Drivers/STM32U5xx_HAL_Driver/Src/stm32u5xx_hal.c:626:6:HAL_SYSCFG_DisableVREFBUF	4	static
../Drivers/STM32U5xx_HAL_Driver/Src/stm32u5xx_hal.c:636:6:HAL_SYSCFG_EnableIOAnalogSwitchBooster	4	static
../Drivers/STM32U5xx_HAL_Driver/Src/stm32u5xx_hal.c:646:6:HAL_SYSCFG_DisableIOAnalogSwitchBooster	4	static
../Drivers/STM32U5xx_HAL_Driver/Src/stm32u5xx_hal.c:680:6:HAL_SYSCFG_EnableVddCompensationCell	4	static
../Drivers/STM32U5xx_HAL_Driver/Src/stm32u5xx_hal.c:692:6:HAL_SYSCFG_EnableVddIO2CompensationCell	4	static
../Drivers/STM32U5xx_HAL_Driver/Src/stm32u5xx_hal.c:715:6:HAL_SYSCFG_DisableVddCompensationCell	4	static
../Drivers/STM32U5xx_HAL_Driver/Src/stm32u5xx_hal.c:727:6:HAL_SYSCFG_DisableVddIO2CompensationCell	4	static
../Drivers/STM32U5xx_HAL_Driver/Src/stm32u5xx_hal.c:767:6:HAL_SYSCFG_Lock	16	static
../Drivers/STM32U5xx_HAL_Driver/Src/stm32u5xx_hal.c:788:19:HAL_SYSCFG_GetLock	24	static
