../Drivers/STM32U5xx_HAL_Driver/Src/stm32u5xx_hal_rcc.c:360:19:HAL_RCC_DeInit	16	static
../Drivers/STM32U5xx_HAL_Driver/Src/stm32u5xx_hal_rcc.c:542:19:HAL_RCC_OscConfig	64	static
../Drivers/STM32U5xx_HAL_Driver/Src/stm32u5xx_hal_rcc.c:1368:19:HAL_RCC_ClockConfig	32	static
../Drivers/STM32U5xx_HAL_Driver/Src/stm32u5xx_hal_rcc.c:1673:6:HAL_RCC_MCOConfig	48	static
../Drivers/STM32U5xx_HAL_Driver/Src/stm32u5xx_hal_rcc.c:1722:10:HAL_RCC_GetSysClockFreq	48	static
../Drivers/STM32U5xx_HAL_Driver/Src/stm32u5xx_hal_rcc.c:1831:10:HAL_RCC_GetHCLKFreq	8	static
../Drivers/STM32U5xx_HAL_Driver/Src/stm32u5xx_hal_rcc.c:1843:10:HAL_RCC_GetPCLK1Freq	8	static
../Drivers/STM32U5xx_HAL_Driver/Src/stm32u5xx_hal_rcc.c:1855:10:HAL_RCC_GetPCLK2Freq	8	static
../Drivers/STM32U5xx_HAL_Driver/Src/stm32u5xx_hal_rcc.c:1867:10:HAL_RCC_GetPCLK3Freq	8	static
../Drivers/STM32U5xx_HAL_Driver/Src/stm32u5xx_hal_rcc.c:1879:6:HAL_RCC_GetOscConfig	32	static
../Drivers/STM32U5xx_HAL_Driver/Src/stm32u5xx_hal_rcc.c:1980:6:HAL_RCC_GetClockConfig	16	static
../Drivers/STM32U5xx_HAL_Driver/Src/stm32u5xx_hal_rcc.c:2015:10:HAL_RCC_GetResetSource	16	static
../Drivers/STM32U5xx_HAL_Driver/Src/stm32u5xx_hal_rcc.c:2038:6:HAL_RCC_EnableCSS	4	static
../Drivers/STM32U5xx_HAL_Driver/Src/stm32u5xx_hal_rcc.c:2048:6:HAL_RCC_NMI_IRQHandler	8	static
../Drivers/STM32U5xx_HAL_Driver/Src/stm32u5xx_hal_rcc.c:2065:13:HAL_RCC_CSSCallback	4	static
../Drivers/STM32U5xx_HAL_Driver/Src/stm32u5xx_hal_rcc.c:2094:6:HAL_RCC_ConfigAttributes	16	static
../Drivers/STM32U5xx_HAL_Driver/Src/stm32u5xx_hal_rcc.c:2151:19:HAL_RCC_GetConfigAttributes	24	static
../Drivers/STM32U5xx_HAL_Driver/Src/stm32u5xx_hal_rcc.c:2201:26:RCC_SetFlashLatencyFromMSIRange	32	static
