Archive member included to satisfy reference by file (symbol)

/usr/lib/gcc/arm-none-eabi/10.3.1/thumb/v6-m/nofp/libgcc.a(_dvmd_tls.o)
                              CMakeFiles/recovery.dir/pico/pico-sdk/src/rp2_common/pico_divider/divider.S.obj (__aeabi_idiv0)
/usr/lib/gcc/arm-none-eabi/10.3.1/../../../arm-none-eabi/lib/thumb/v6-m/nofp/libc.a(lib_a-atexit.o)
                              /usr/lib/gcc/arm-none-eabi/10.3.1/../../../arm-none-eabi/lib/thumb/v6-m/nofp/crt0.o (atexit)
/usr/lib/gcc/arm-none-eabi/10.3.1/../../../arm-none-eabi/lib/thumb/v6-m/nofp/libc.a(lib_a-calloc.o)
                              CMakeFiles/recovery.dir/pico/pico-sdk/src/rp2_common/pico_malloc/pico_malloc.c.obj (calloc)
/usr/lib/gcc/arm-none-eabi/10.3.1/../../../arm-none-eabi/lib/thumb/v6-m/nofp/libc.a(lib_a-callocr.o)
                              /usr/lib/gcc/arm-none-eabi/10.3.1/../../../arm-none-eabi/lib/thumb/v6-m/nofp/libc.a(lib_a-calloc.o) (_calloc_r)
/usr/lib/gcc/arm-none-eabi/10.3.1/../../../arm-none-eabi/lib/thumb/v6-m/nofp/libc.a(lib_a-ctype_.o)
                              CMakeFiles/recovery.dir/minmea.c.obj (_ctype_)
/usr/lib/gcc/arm-none-eabi/10.3.1/../../../arm-none-eabi/lib/thumb/v6-m/nofp/libc.a(lib_a-fini.o)
                              /usr/lib/gcc/arm-none-eabi/10.3.1/../../../arm-none-eabi/lib/thumb/v6-m/nofp/crt0.o (__libc_fini_array)
/usr/lib/gcc/arm-none-eabi/10.3.1/../../../arm-none-eabi/lib/thumb/v6-m/nofp/libc.a(lib_a-impure.o)
                              /usr/lib/gcc/arm-none-eabi/10.3.1/../../../arm-none-eabi/lib/thumb/v6-m/nofp/libc.a(lib_a-calloc.o) (_impure_ptr)
/usr/lib/gcc/arm-none-eabi/10.3.1/../../../arm-none-eabi/lib/thumb/v6-m/nofp/libc.a(lib_a-init.o)
                              /usr/lib/gcc/arm-none-eabi/10.3.1/../../../arm-none-eabi/lib/thumb/v6-m/nofp/crt0.o (__libc_init_array)
/usr/lib/gcc/arm-none-eabi/10.3.1/../../../arm-none-eabi/lib/thumb/v6-m/nofp/libc.a(lib_a-malloc.o)
                              CMakeFiles/recovery.dir/pico/pico-sdk/src/rp2_common/pico_malloc/pico_malloc.c.obj (malloc)
/usr/lib/gcc/arm-none-eabi/10.3.1/../../../arm-none-eabi/lib/thumb/v6-m/nofp/libc.a(lib_a-mallocr.o)
                              /usr/lib/gcc/arm-none-eabi/10.3.1/../../../arm-none-eabi/lib/thumb/v6-m/nofp/libc.a(lib_a-callocr.o) (_malloc_r)
/usr/lib/gcc/arm-none-eabi/10.3.1/../../../arm-none-eabi/lib/thumb/v6-m/nofp/libc.a(lib_a-mktime.o)
                              CMakeFiles/recovery.dir/minmea.c.obj (mktime)
/usr/lib/gcc/arm-none-eabi/10.3.1/../../../arm-none-eabi/lib/thumb/v6-m/nofp/libc.a(lib_a-mlock.o)
                              /usr/lib/gcc/arm-none-eabi/10.3.1/../../../arm-none-eabi/lib/thumb/v6-m/nofp/libc.a(lib_a-mallocr.o) (__malloc_lock)
/usr/lib/gcc/arm-none-eabi/10.3.1/../../../arm-none-eabi/lib/thumb/v6-m/nofp/libc.a(lib_a-rand.o)
                              CMakeFiles/recovery.dir/main.c.obj (rand)
/usr/lib/gcc/arm-none-eabi/10.3.1/../../../arm-none-eabi/lib/thumb/v6-m/nofp/libc.a(lib_a-realloc.o)
                              CMakeFiles/recovery.dir/pico/pico-sdk/src/rp2_common/pico_malloc/pico_malloc.c.obj (realloc)
/usr/lib/gcc/arm-none-eabi/10.3.1/../../../arm-none-eabi/lib/thumb/v6-m/nofp/libc.a(lib_a-reallocr.o)
                              /usr/lib/gcc/arm-none-eabi/10.3.1/../../../arm-none-eabi/lib/thumb/v6-m/nofp/libc.a(lib_a-realloc.o) (_realloc_r)
/usr/lib/gcc/arm-none-eabi/10.3.1/../../../arm-none-eabi/lib/thumb/v6-m/nofp/libc.a(lib_a-sbrkr.o)
                              /usr/lib/gcc/arm-none-eabi/10.3.1/../../../arm-none-eabi/lib/thumb/v6-m/nofp/libc.a(lib_a-mallocr.o) (_sbrk_r)
/usr/lib/gcc/arm-none-eabi/10.3.1/../../../arm-none-eabi/lib/thumb/v6-m/nofp/libc.a(lib_a-strcmp.o)
                              CMakeFiles/recovery.dir/minmea.c.obj (strcmp)
/usr/lib/gcc/arm-none-eabi/10.3.1/../../../arm-none-eabi/lib/thumb/v6-m/nofp/libc.a(lib_a-strlen-stub.o)
                              CMakeFiles/recovery.dir/aprs.c.obj (strlen)
/usr/lib/gcc/arm-none-eabi/10.3.1/../../../arm-none-eabi/lib/thumb/v6-m/nofp/libc.a(lib_a-strtol.o)
                              CMakeFiles/recovery.dir/minmea.c.obj (strtol)
/usr/lib/gcc/arm-none-eabi/10.3.1/../../../arm-none-eabi/lib/thumb/v6-m/nofp/libc.a(lib_a-tzcalc_limits.o)
                              /usr/lib/gcc/arm-none-eabi/10.3.1/../../../arm-none-eabi/lib/thumb/v6-m/nofp/libc.a(lib_a-mktime.o) (__tzcalc_limits)
/usr/lib/gcc/arm-none-eabi/10.3.1/../../../arm-none-eabi/lib/thumb/v6-m/nofp/libc.a(lib_a-tzlock.o)
                              /usr/lib/gcc/arm-none-eabi/10.3.1/../../../arm-none-eabi/lib/thumb/v6-m/nofp/libc.a(lib_a-mktime.o) (__tz_lock)
/usr/lib/gcc/arm-none-eabi/10.3.1/../../../arm-none-eabi/lib/thumb/v6-m/nofp/libc.a(lib_a-tzset.o)
                              /usr/lib/gcc/arm-none-eabi/10.3.1/../../../arm-none-eabi/lib/thumb/v6-m/nofp/libc.a(lib_a-mktime.o) (_tzset_unlocked)
/usr/lib/gcc/arm-none-eabi/10.3.1/../../../arm-none-eabi/lib/thumb/v6-m/nofp/libc.a(lib_a-tzset_r.o)
[...]
Memory Configuration

Name             Origin             Length             Attributes
FLASH            0x0000000010000000 0x0000000000200000 xr
RAM              0x0000000020000000 0x0000000000040000 xrw
SCRATCH_X        0x0000000020040000 0x0000000000001000 xrw
SCRATCH_Y        0x0000000020041000 0x0000000000001000 xrw
*default*        0x0000000000000000 0xffffffffffffffff

Linker script and memory map

LOAD /usr/lib/gcc/arm-none-eabi/10.3.1/thumb/v6-m/nofp/crti.o
LOAD /usr/lib/gcc/arm-none-eabi/10.3.1/thumb/v6-m/nofp/crtbegin.o
LOAD /usr/lib/gcc/arm-none-eabi/10.3.1/../../../arm-none-eabi/lib/thumb/v6-m/nofp/crt0.o

.flash_begin    0x0000000010000000        0x0
                0x0000000010000000                __flash_binary_start = .

.boot2          0x0000000010000000      0x100
                0x0000000010000000                __boot2_start__ = .
 *(.boot2)
 .boot2         0x0000000010000000      0x100 /tmp/ccUnkTqp.o
                0x0000000010000100                __boot2_end__ = .
                0x0000000000000001                ASSERT (((__boot2_end__ - __boot2_start__) == 0x100), ERROR: Pico second stage bootloader must be 256 bytes in size)

.text           0x0000000010000100     0x9a40
                0x0000000010000100                __logical_binary_start = .
 *(.vectors)
 .vectors       0x0000000010000100       0xd4 CMakeFiles/recovery.dir/pico/pico-sdk/src/rp2_common/pico_standard_link/crt0.S.obj
                0x0000000010000100                __vectors
                0x0000000010000100                __VECTOR_TABLE
                0x00000000100001c0                isr_invalid
                0x00000000100001c0                __default_isrs_start
                0x00000000100001c2                isr_nmi
                0x00000000100001c4                isr_hardfault
                0x00000000100001c6                isr_svcall
                0x00000000100001c8                isr_pendsv
                0x00000000100001ca                isr_systick
                0x00000000100001cc                isr_irq30
                0x00000000100001cc                __unhandled_user_irq
                0x00000000100001cc                isr_irq13
                0x00000000100001cc                isr_irq27
                0x00000000100001cc                isr_irq31
                0x00000000100001cc                isr_irq5
                0x00000000100001cc                isr_irq11
                0x00000000100001cc                isr_irq23
                0x00000000100001cc                isr_irq18
                0x00000000100001cc                isr_irq28
                0x00000000100001cc                isr_irq19
                0x00000000100001cc                isr_irq0
                0x00000000100001cc                isr_irq6
                0x00000000100001cc                isr_irq22
                0x00000000100001cc                isr_irq17
                0x00000000100001cc                isr_irq14
                0x00000000100001cc                isr_irq2
                0x00000000100001cc                isr_irq10
                0x00000000100001cc                isr_irq8
                0x00000000100001cc                isr_irq24
                0x00000000100001cc                isr_irq1
                0x00000000100001cc                isr_irq7
                0x00000000100001cc                isr_irq21
                0x00000000100001cc                isr_irq20
                0x00000000100001cc                isr_irq15
                0x00000000100001cc                isr_irq25
                0x00000000100001cc                isr_irq4
                0x00000000100001cc                isr_irq16
                0x00000000100001cc                isr_irq29
                0x00000000100001cc                isr_irq26
                0x00000000100001cc                __default_isrs_end
                0x00000000100001cc                isr_irq3
                0x00000000100001cc                isr_irq12
                0x00000000100001cc                isr_irq9
                0x00000000100001d2                unhandled_user_irq_num_in_r0
 *(.binary_info_header)
 .binary_info_header
                0x00000000100001d4       0x14 CMakeFiles/recovery.dir/pico/pico-sdk/src/rp2_common/pico_standard_link/crt0.S.obj
                0x00000000100001e8                __binary_info_header_end = .
 *(.reset)
 .reset         0x00000000100001e8       0xa8 CMakeFiles/recovery.dir/pico/pico-sdk/src/rp2_common/pico_standard_link/crt0.S.obj
                0x00000000100001e8                _entry_point
                0x0000000010000266                __get_current_exception
 .reset         0x0000000010000290       0x30 CMakeFiles/recovery.dir/pico/pico-sdk/src/rp2_common/pico_standard_link/binary_info.c.obj
 *(.init)
 .init          0x00000000100002c0        0x4 /usr/lib/gcc/arm-none-eabi/10.3.1/thumb/v6-m/nofp/crti.o
                0x00000000100002c0                _init
 *(EXCLUDE_FILE(*libm.a: *libc.a:*lib_a-mem*.o *libgcc.a:) .text*)
 .text          0x00000000100002c4       0x98 /usr/lib/gcc/arm-none-eabi/10.3.1/thumb/v6-m/nofp/crtbegin.o
 .text.txAprs.part.0.isra.0
                0x000000001000035c       0x70 CMakeFiles/recovery.dir/main.c.obj
 .text.initAll  0x00000000100003cc       0x34 CMakeFiles/recovery.dir/main.c.obj
                0x00000000100003cc                initAll
 .text.startup.main
                0x0000000010000400      0x128 CMakeFiles/recovery.dir/main.c.obj
                0x0000000010000400                main
 .text.sendCharNRZI.constprop.1
                0x0000000010000528      0x1bc CMakeFiles/recovery.dir/aprs.c.obj
 .text.sendCharNRZI.constprop.0
                0x00000000100006e4      0x25c CMakeFiles/recovery.dir/aprs.c.obj
 .text.sendHeader
                0x0000000010000940       0xfc CMakeFiles/recovery.dir/aprs.c.obj
 .text.sendPacket
                0x0000000010000a3c      0x300 CMakeFiles/recovery.dir/aprs.c.obj
                0x0000000010000a3c                sendPacket
 .text.sendTestPackets
                0x0000000010000d3c       0xb8 CMakeFiles/recovery.dir/aprs.c.obj
                0x0000000010000d3c                sendTestPackets
 .text.initializeAPRS
                0x0000000010000df4        0x8 CMakeFiles/recovery.dir/aprs.c.obj
                0x0000000010000df4                initializeAPRS
 .text.describeConfig
                0x0000000010000dfc        0x8 CMakeFiles/recovery.dir/aprs.c.obj
                0x0000000010000dfc                describeConfig
 .text.setOutput
                0x0000000010000e04       0x14 CMakeFiles/recovery.dir/vhf.c.obj
                0x0000000010000e04                setOutput
 .text.configureDra818v
                0x0000000010000e18      0x204 CMakeFiles/recovery.dir/vhf.c.obj
                0x0000000010000e18                configureDra818v
 .text.setPttState
                0x000000001000101c       0x14 CMakeFiles/recovery.dir/vhf.c.obj
                0x000000001000101c                setPttState
 .text.wakeVHF  0x0000000010001030        0xc CMakeFiles/recovery.dir/vhf.c.obj
                0x0000000010001030                wakeVHF
 .text.sleepVHF
                0x000000001000103c        0xc CMakeFiles/recovery.dir/vhf.c.obj
                0x000000001000103c                sleepVHF
 .text.initializeVHF
                0x0000000010001048       0x6c CMakeFiles/recovery.dir/vhf.c.obj
                0x0000000010001048                initializeVHF
 .text.pinDescribe
                0x00000000100010b4        0x4 CMakeFiles/recovery.dir/vhf.c.obj
                0x00000000100010b4                pinDescribe
 .text.parseGpsOutput
                0x00000000100010b8      0x4b8 CMakeFiles/recovery.dir/gps.c.obj
                0x00000000100010b8                parseGpsOutput
 .text.readFromGps
                0x0000000010001570       0x6c CMakeFiles/recovery.dir/gps.c.obj
                0x0000000010001570                readFromGps
 .text.gps_get_lock
                0x00000000100015dc       0xd8 CMakeFiles/recovery.dir/gps.c.obj
                0x00000000100015dc                gps_get_lock
 .text.getBestLatLon
                0x00000000100016b4       0xcc CMakeFiles/recovery.dir/gps.c.obj
                0x00000000100016b4                getBestLatLon
 .text.gpsInit  0x0000000010001780       0x24 CMakeFiles/recovery.dir/gps.c.obj
                0x0000000010001780                gpsInit
 .text.initTagComm
                0x00000000100017a4       0x24 CMakeFiles/recovery.dir/tag.c.obj
                0x00000000100017a4                initTagComm
 .text.minmea_check
                0x00000000100017c8       0xb4 CMakeFiles/recovery.dir/minmea.c.obj
                0x00000000100017c8                minmea_check
 .text.minmea_scan
                0x000000001000187c      0x6c4 CMakeFiles/recovery.dir/minmea.c.obj
                0x000000001000187c                minmea_scan
 .text.minmea_sentence_id
                0x0000000010001f40       0xf4 CMakeFiles/recovery.dir/minmea.c.obj
                0x0000000010001f40                minmea_sentence_id
 .text.minmea_parse_rmc
                0x0000000010002034       0x90 CMakeFiles/recovery.dir/minmea.c.obj
                0x0000000010002034                minmea_parse_rmc
 .text.minmea_parse_gga
                0x00000000100020c4       0x7c CMakeFiles/recovery.dir/minmea.c.obj
                0x00000000100020c4                minmea_parse_gga
 .text.minmea_parse_gll
                0x0000000010002140       0x64 CMakeFiles/recovery.dir/minmea.c.obj
                0x0000000010002140                minmea_parse_gll
 .text.minmea_parse_zda
                0x00000000100021a4       0x60 CMakeFiles/recovery.dir/minmea.c.obj
                0x00000000100021a4                minmea_parse_zda
 .text.gpio_set_function
                0x0000000010002204       0x30 CMakeFiles/recovery.dir/pico/pico-sdk/src/rp2_common/hardware_gpio/gpio.c.obj
                0x0000000010002204                gpio_set_function
 .text.gpio_init
                0x0000000010002234       0x3c CMakeFiles/recovery.dir/pico/pico-sdk/src/rp2_common/hardware_gpio/gpio.c.obj
                0x0000000010002234                gpio_init
 .text.gpio_init_mask
                0x0000000010002270       0x68 CMakeFiles/recovery.dir/pico/pico-sdk/src/rp2_common/hardware_gpio/gpio.c.obj
                0x0000000010002270                gpio_init_mask
 .text.hw_claim_lock
                0x00000000100022d8       0x18 CMakeFiles/recovery.dir/pico/pico-sdk/src/rp2_common/hardware_claim/claim.c.obj
                0x00000000100022d8                hw_claim_lock
 .text.hw_claim_unlock
                0x00000000100022f0       0x14 CMakeFiles/recovery.dir/pico/pico-sdk/src/rp2_common/hardware_claim/claim.c.obj
                0x00000000100022f0                hw_claim_unlock
 .text.hw_claim_or_assert
                0x0000000010002304       0x44 CMakeFiles/recovery.dir/pico/pico-sdk/src/rp2_common/hardware_claim/claim.c.obj
                0x0000000010002304                hw_claim_or_assert
 .text.hw_claim_unused_from_range
                0x0000000010002348       0x9c CMakeFiles/recovery.dir/pico/pico-sdk/src/rp2_common/hardware_claim/claim.c.obj
                0x0000000010002348                hw_claim_unused_from_range
 .text.hw_claim_clear
                0x00000000100023e4       0x38 CMakeFiles/recovery.dir/pico/pico-sdk/src/rp2_common/hardware_claim/claim.c.obj
                0x00000000100023e4                hw_claim_clear
 .text.running_on_fpga
                0x000000001000241c       0x10 CMakeFiles/recovery.dir/pico/pico-sdk/src/rp2_common/pico_platform/platform.c.obj
                0x000000001000241c                running_on_fpga
 .text.spin_locks_reset
                0x000000001000242c       0x1c CMakeFiles/recovery.dir/pico/pico-sdk/src/rp2_common/hardware_sync/sync.c.obj
                0x000000001000242c                spin_locks_reset
 .text.next_striped_spin_lock_num
                0x0000000010002448       0x18 CMakeFiles/recovery.dir/pico/pico-sdk/src/rp2_common/hardware_sync/sync.c.obj
                0x0000000010002448                next_striped_spin_lock_num
 .text.spin_lock_claim_unused
                0x0000000010002460       0x20 CMakeFiles/recovery.dir/pico/pico-sdk/src/rp2_common/hardware_sync/sync.c.obj
                0x0000000010002460                spin_lock_claim_unused
 .text.irq_set_enabled
                0x0000000010002480       0x24 CMakeFiles/recovery.dir/pico/pico-sdk/src/rp2_common/hardware_irq/irq.c.obj
                0x0000000010002480                irq_set_enabled
 .text.irq_set_pending
                0x00000000100024a4       0x10 CMakeFiles/recovery.dir/pico/pico-sdk/src/rp2_common/hardware_irq/irq.c.obj
                0x00000000100024a4                irq_set_pending
 .text.irq_has_shared_handler
                0x00000000100024b4       0x2c CMakeFiles/recovery.dir/pico/pico-sdk/src/rp2_common/hardware_irq/irq.c.obj
                0x00000000100024b4                irq_has_shared_handler
 .text.irq_get_vtable_handler
                0x00000000100024e0       0x10 CMakeFiles/recovery.dir/pico/pico-sdk/src/rp2_common/hardware_irq/irq.c.obj
                0x00000000100024e0                irq_get_vtable_handler
 .text.irq_set_exclusive_handler
                0x00000000100024f0       0x54 CMakeFiles/recovery.dir/pico/pico-sdk/src/rp2_common/hardware_irq/irq.c.obj
                0x00000000100024f0                irq_set_exclusive_handler
 .text.irq_add_shared_handler
                0x0000000010002544      0x1e4 CMakeFiles/recovery.dir/pico/pico-sdk/src/rp2_common/hardware_irq/irq.c.obj
                0x0000000010002544                irq_add_shared_handler
 .text.irq_remove_handler
                0x0000000010002728      0x1b4 CMakeFiles/recovery.dir/pico/pico-sdk/src/rp2_common/hardware_irq/irq.c.obj
                0x0000000010002728                irq_remove_handler
 .text.irq_add_tail_to_free_list
                0x00000000100028dc       0xb4 CMakeFiles/recovery.dir/pico/pico-sdk/src/rp2_common/hardware_irq/irq.c.obj
                0x00000000100028dc                irq_add_tail_to_free_list
 .text.irq_init_priorities
                0x0000000010002990       0x24 CMakeFiles/recovery.dir/pico/pico-sdk/src/rp2_common/hardware_irq/irq.c.obj
                0x0000000010002990                irq_init_priorities
 .text.user_irq_claim_unused
                0x00000000100029b4       0x30 CMakeFiles/recovery.dir/pico/pico-sdk/src/rp2_common/hardware_irq/irq.c.obj
                0x00000000100029b4                user_irq_claim_unused
 .text.lock_init
                0x00000000100029e4       0x10 CMakeFiles/recovery.dir/pico/pico-sdk/src/common/pico_sync/lock_core.c.obj
                0x00000000100029e4                lock_init
 .text.timer_pool_entry_comparator
                0x00000000100029f4       0x34 CMakeFiles/recovery.dir/pico/pico-sdk/src/common/pico_time/time.c.obj
                0x00000000100029f4                timer_pool_entry_comparator
 .text.sleep_until_callback
                0x0000000010002a28       0x30 CMakeFiles/recovery.dir/pico/pico-sdk/src/common/pico_time/time.c.obj
 .text.add_alarm_under_lock.isra.0
                0x0000000010002a58      0x100 CMakeFiles/recovery.dir/pico/pico-sdk/src/common/pico_time/time.c.obj
 .text.alarm_pool_alarm_callback
                0x0000000010002b58      0x1c8 CMakeFiles/recovery.dir/pico/pico-sdk/src/common/pico_time/time.c.obj
 .text.alarm_pool_add_alarm_at.constprop.0
                0x0000000010002d20      0x11c CMakeFiles/recovery.dir/pico/pico-sdk/src/common/pico_time/time.c.obj
 .text.alarm_pool_init_default
                0x0000000010002e3c       0x64 CMakeFiles/recovery.dir/pico/pico-sdk/src/common/pico_time/time.c.obj
                0x0000000010002e3c                alarm_pool_init_default
 .text.alarm_pool_get_default
                0x0000000010002ea0        0x8 CMakeFiles/recovery.dir/pico/pico-sdk/src/common/pico_time/time.c.obj
                0x0000000010002ea0                alarm_pool_get_default
 .text.alarm_pool_add_alarm_at
                0x0000000010002ea8      0x194 CMakeFiles/recovery.dir/pico/pico-sdk/src/common/pico_time/time.c.obj
                0x0000000010002ea8                alarm_pool_add_alarm_at
 .text.sleep_until
                0x000000001000303c       0xac CMakeFiles/recovery.dir/pico/pico-sdk/src/common/pico_time/time.c.obj
                0x000000001000303c                sleep_until
 .text.sleep_ms
                0x00000000100030e8       0x38 CMakeFiles/recovery.dir/pico/pico-sdk/src/common/pico_time/time.c.obj
                0x00000000100030e8                sleep_ms
 .text.best_effort_wfe_or_timeout
                0x0000000010003120       0xd4 CMakeFiles/recovery.dir/pico/pico-sdk/src/common/pico_time/time.c.obj
                0x0000000010003120                best_effort_wfe_or_timeout
 .text.hardware_alarm_irq_handler
                0x00000000100031f4       0xb8 CMakeFiles/recovery.dir/pico/pico-sdk/src/rp2_common/hardware_timer/timer.c.obj
 .text.hardware_alarm_claim
                0x00000000100032ac       0x18 CMakeFiles/recovery.dir/pico/pico-sdk/src/rp2_common/hardware_timer/timer.c.obj
                0x00000000100032ac                hardware_alarm_claim
 .text.time_us_64
                0x00000000100032c4       0x14 CMakeFiles/recovery.dir/pico/pico-sdk/src/rp2_common/hardware_timer/timer.c.obj
                0x00000000100032c4                time_us_64
 .text.busy_wait_us_32
                0x00000000100032d8       0x68 CMakeFiles/recovery.dir/pico/pico-sdk/src/rp2_common/hardware_timer/timer.c.obj
                0x00000000100032d8                busy_wait_us_32
 .text.busy_wait_ms
                0x0000000010003340       0x88 CMakeFiles/recovery.dir/pico/pico-sdk/src/rp2_common/hardware_timer/timer.c.obj
                0x0000000010003340                busy_wait_ms
 .text.busy_wait_until
                0x00000000100033c8       0x20 CMakeFiles/recovery.dir/pico/pico-sdk/src/rp2_common/hardware_timer/timer.c.obj
                0x00000000100033c8                busy_wait_until
 .text.hardware_alarm_set_callback
                0x00000000100033e8       0x8c CMakeFiles/recovery.dir/pico/pico-sdk/src/rp2_common/hardware_timer/timer.c.obj
                0x00000000100033e8                hardware_alarm_set_callback
 .text.hardware_alarm_set_target
                0x0000000010003474       0xe0 CMakeFiles/recovery.dir/pico/pico-sdk/src/rp2_common/hardware_timer/timer.c.obj
                0x0000000010003474                hardware_alarm_set_target
 .text.hardware_alarm_cancel
                0x0000000010003554       0x3c CMakeFiles/recovery.dir/pico/pico-sdk/src/rp2_common/hardware_timer/timer.c.obj
                0x0000000010003554                hardware_alarm_cancel
 .text.ph_merge_nodes
                0x0000000010003590       0x68 CMakeFiles/recovery.dir/pico/pico-sdk/src/common/pico_util/pheap.c.obj
 .text.ph_post_alloc_init
                0x00000000100035f8       0x3c CMakeFiles/recovery.dir/pico/pico-sdk/src/common/pico_util/pheap.c.obj
                0x00000000100035f8                ph_post_alloc_init
 .text.ph_merge_two_pass
                0x0000000010003634       0x90 CMakeFiles/recovery.dir/pico/pico-sdk/src/common/pico_util/pheap.c.obj
                0x0000000010003634                ph_merge_two_pass
 .text.ph_remove_any_head
                0x00000000100036c4       0xf8 CMakeFiles/recovery.dir/pico/pico-sdk/src/common/pico_util/pheap.c.obj
 .text.ph_remove_head
                0x00000000100037bc       0xfc CMakeFiles/recovery.dir/pico/pico-sdk/src/common/pico_util/pheap.c.obj
                0x00000000100037bc                ph_remove_head
 .text.ph_remove_and_free_node
                0x00000000100038b8       0x7c CMakeFiles/recovery.dir/pico/pico-sdk/src/common/pico_util/pheap.c.obj
                0x00000000100038b8                ph_remove_and_free_node
 .text.mutex_init
                0x0000000010003934       0x1c CMakeFiles/recovery.dir/pico/pico-sdk/src/common/pico_sync/mutex.c.obj
                0x0000000010003934                mutex_init
 .text.recursive_mutex_init
                0x0000000010003950       0x1c CMakeFiles/recovery.dir/pico/pico-sdk/src/common/pico_sync/mutex.c.obj
                0x0000000010003950                recursive_mutex_init
 .text.critical_section_init
                0x000000001000396c       0x20 CMakeFiles/recovery.dir/pico/pico-sdk/src/common/pico_sync/critical_section.c.obj
                0x000000001000396c                critical_section_init
 .text.uart_init
                0x000000001000398c       0xe0 CMakeFiles/recovery.dir/pico/pico-sdk/src/rp2_common/hardware_uart/uart.c.obj
                0x000000001000398c                uart_init
 .text.runtime_init
                0x0000000010003a6c       0xf0 CMakeFiles/recovery.dir/pico/pico-sdk/src/rp2_common/pico_runtime/runtime.c.obj
                0x0000000010003a6c                runtime_init
 .text.exit     0x0000000010003b5c        0x4 CMakeFiles/recovery.dir/pico/pico-sdk/src/rp2_common/pico_runtime/runtime.c.obj
                0x0000000010003b5c                exit
 .text.panic    0x0000000010003b60       0x30 CMakeFiles/recovery.dir/pico/pico-sdk/src/rp2_common/pico_runtime/runtime.c.obj
                0x0000000010003b60                panic
 .text.hard_assertion_failure
                0x0000000010003b90        0xc CMakeFiles/recovery.dir/pico/pico-sdk/src/rp2_common/pico_runtime/runtime.c.obj
                0x0000000010003b90                hard_assertion_failure
 .text.clocks_init
                0x0000000010003b9c      0x2bc CMakeFiles/recovery.dir/pico/pico-sdk/src/rp2_common/hardware_clocks/clocks.c.obj
                0x0000000010003b9c                clocks_init
 .text.clock_get_hz
                0x0000000010003e58        0xc CMakeFiles/recovery.dir/pico/pico-sdk/src/rp2_common/hardware_clocks/clocks.c.obj
                0x0000000010003e58                clock_get_hz
 .text.pll_init
                0x0000000010003e64       0xb0 CMakeFiles/recovery.dir/pico/pico-sdk/src/rp2_common/hardware_pll/pll.c.obj
                0x0000000010003e64                pll_init
 .text.watchdog_start_tick
                0x0000000010003f14       0x10 CMakeFiles/recovery.dir/pico/pico-sdk/src/rp2_common/hardware_watchdog/watchdog.c.obj
                0x0000000010003f14                watchdog_start_tick
 .text.watchdog_reboot
                0x0000000010003f24       0x98 CMakeFiles/recovery.dir/pico/pico-sdk/src/rp2_common/hardware_watchdog/watchdog.c.obj
                0x0000000010003f24                watchdog_reboot
 .text.xosc_init
                0x0000000010003fbc       0x28 CMakeFiles/recovery.dir/pico/pico-sdk/src/rp2_common/hardware_xosc/xosc.c.obj
                0x0000000010003fbc                xosc_init
 .text._out_buffer
                0x0000000010003fe4        0x8 CMakeFiles/recovery.dir/pico/pico-sdk/src/rp2_common/pico_printf/printf.c.obj
 .text._out_null
                0x0000000010003fec        0x4 CMakeFiles/recovery.dir/pico/pico-sdk/src/rp2_common/pico_printf/printf.c.obj
 .text._out_rev
                0x0000000010003ff0       0x9c CMakeFiles/recovery.dir/pico/pico-sdk/src/rp2_common/pico_printf/printf.c.obj
 .text._ntoa_format
                0x000000001000408c      0x1cc CMakeFiles/recovery.dir/pico/pico-sdk/src/rp2_common/pico_printf/printf.c.obj
 .text._out_char
                0x0000000010004258       0x10 CMakeFiles/recovery.dir/pico/pico-sdk/src/rp2_common/pico_printf/printf.c.obj
 .text._out_fct
                0x0000000010004268       0x10 CMakeFiles/recovery.dir/pico/pico-sdk/src/rp2_common/pico_printf/printf.c.obj
 .text._etoa    0x0000000010004278      0x44c CMakeFiles/recovery.dir/pico/pico-sdk/src/rp2_common/pico_printf/printf.c.obj
 .text._ftoa    0x00000000100046c4      0x398 CMakeFiles/recovery.dir/pico/pico-sdk/src/rp2_common/pico_printf/printf.c.obj
 .text._vsnprintf
                0x0000000010004a5c      0xb04 CMakeFiles/recovery.dir/pico/pico-sdk/src/rp2_common/pico_printf/printf.c.obj
 .text.__wrap_sprintf
                0x0000000010005560       0x28 CMakeFiles/recovery.dir/pico/pico-sdk/src/rp2_common/pico_printf/printf.c.obj
                0x0000000010005560                __wrap_sprintf
 .text.__wrap_snprintf
                0x0000000010005588       0x28 CMakeFiles/recovery.dir/pico/pico-sdk/src/rp2_common/pico_printf/printf.c.obj
                0x0000000010005588                __wrap_snprintf
 .text.vfctprintf
                0x00000000100055b0       0x20 CMakeFiles/recovery.dir/pico/pico-sdk/src/rp2_common/pico_printf/printf.c.obj
                0x00000000100055b0                vfctprintf
 .text.weak_raw_vprintf
                0x00000000100055d0       0x30 CMakeFiles/recovery.dir/pico/pico-sdk/src/rp2_common/pico_printf/printf.c.obj
                0x00000000100055d0                weak_raw_vprintf
 .text          0x0000000010005600       0x10 CMakeFiles/recovery.dir/pico/pico-sdk/src/rp2_common/pico_bit_ops/bit_ops_aeabi.S.obj
 .text.ctzsi    0x0000000010005610        0xc CMakeFiles/recovery.dir/pico/pico-sdk/src/rp2_common/pico_bit_ops/bit_ops_aeabi.S.obj
                0x0000000010005610                __wrap___ctzsi2
 .text.rom_func_lookup
                0x000000001000561c       0x10 CMakeFiles/recovery.dir/pico/pico-sdk/src/rp2_common/pico_bootrom/bootrom.c.obj
                0x000000001000561c                rom_func_lookup
 .text.rom_data_lookup
                0x000000001000562c       0x10 CMakeFiles/recovery.dir/pico/pico-sdk/src/rp2_common/pico_bootrom/bootrom.c.obj
                0x000000001000562c                rom_data_lookup
 .text.rom_funcs_lookup
                0x000000001000563c       0x44 CMakeFiles/recovery.dir/pico/pico-sdk/src/rp2_common/pico_bootrom/bootrom.c.obj
                0x000000001000563c                rom_funcs_lookup
 .text.__wrap___aeabi_idiv
                0x0000000010005680       0x50 CMakeFiles/recovery.dir/pico/pico-sdk/src/rp2_common/pico_divider/divider.S.obj
                0x0000000010005680                __wrap___aeabi_idivmod
                0x0000000010005680                divmod_s32s32
                0x0000000010005680                div_s32s32
                0x0000000010005680                __wrap___aeabi_idiv
                0x0000000010005688                divmod_s32s32_unsafe
                0x00000000100056b4                divmod_s32s32_savestate
 .text.__wrap___aeabi_uidiv
                0x00000000100056d0       0x4c CMakeFiles/recovery.dir/pico/pico-sdk/src/rp2_common/pico_divider/divider.S.obj
                0x00000000100056d0                __wrap___aeabi_uidiv
                0x00000000100056d0                __wrap___aeabi_uidivmod
                0x00000000100056d0                div_u32u32
                0x00000000100056d0                divmod_u32u32
                0x00000000100056d8                divmod_u32u32_unsafe
                0x0000000010005700                divmod_u32u32_savestate
 .text.__wrap___aeabi_ldiv
                0x000000001000571c      0x434 CMakeFiles/recovery.dir/pico/pico-sdk/src/rp2_common/pico_divider/divider.S.obj
                0x000000001000571c                div_s64s64
                0x000000001000571c                divmod_s64s64
                0x000000001000571c                __wrap___aeabi_ldivmod
                0x0000000010005754                div_u64u64
                0x0000000010005754                divmod_u64u64
                0x0000000010005754                __wrap___aeabi_uldivmod
                0x0000000010005764                divmod_u64u64_savestate
                0x000000001000578c                divmod_s64s64_unsafe
                0x0000000010005814                divmod_u64u64_unsafe
 .text.__wrap___aeabi_darithmetic
                0x0000000010005b50       0x80 CMakeFiles/recovery.dir/pico/pico-sdk/src/rp2_common/pico_double/double_aeabi.S.obj
                0x0000000010005b50                __wrap___aeabi_drsub
                0x0000000010005b56                __wrap___aeabi_dsub
                0x0000000010005b68                __wrap___aeabi_dadd
                0x0000000010005b7a                __wrap___aeabi_ddiv
                0x0000000010005bb6                __wrap___aeabi_dmul
 .text.__wrap___aeabi_cdcmple
                0x0000000010005bd0       0x6c CMakeFiles/recovery.dir/pico/pico-sdk/src/rp2_common/pico_double/double_aeabi.S.obj
                0x0000000010005bd0                __wrap___aeabi_cdrcmple
                0x0000000010005be0                __wrap___aeabi_cdcmple
                0x0000000010005be0                __wrap___aeabi_cdcmpeq
 .text.__wrap___aeabi_dcmplt
                0x0000000010005c3c        0xc CMakeFiles/recovery.dir/pico/pico-sdk/src/rp2_common/pico_double/double_aeabi.S.obj
                0x0000000010005c3c                __wrap___aeabi_dcmplt
 .text.__wrap___aeabi_dcmple
                0x0000000010005c48       0x10 CMakeFiles/recovery.dir/pico/pico-sdk/src/rp2_common/pico_double/double_aeabi.S.obj
                0x0000000010005c48                __wrap___aeabi_dcmple
 .text.__wrap___aeabi_dcmpge
                0x0000000010005c58       0x10 CMakeFiles/recovery.dir/pico/pico-sdk/src/rp2_common/pico_double/double_aeabi.S.obj
                0x0000000010005c58                __wrap___aeabi_dcmpge
 .text.__wrap___aeabi_dcmpgt
                0x0000000010005c68        0xa CMakeFiles/recovery.dir/pico/pico-sdk/src/rp2_common/pico_double/double_aeabi.S.obj
                0x0000000010005c68                __wrap___aeabi_dcmpgt
 .text.__wrap___aeabi_dcmpun
                0x0000000010005c72       0x1c CMakeFiles/recovery.dir/pico/pico-sdk/src/rp2_common/pico_double/double_aeabi.S.obj
                0x0000000010005c72                __wrap___aeabi_dcmpun
 *fill*         0x0000000010005c8e        0x2 
 .text.__wrap___aeabi_i2d
                0x0000000010005c90       0x38 CMakeFiles/recovery.dir/pico/pico-sdk/src/rp2_common/pico_double/double_aeabi.S.obj
                0x0000000010005c90                __wrap___aeabi_ui2d
                0x0000000010005c98                __wrap___aeabi_i2d
 .text.__wrap___aeabi_d2iz
                0x0000000010005cc8       0x48 CMakeFiles/recovery.dir/pico/pico-sdk/src/rp2_common/pico_double/double_aeabi.S.obj
                0x0000000010005cc8                __wrap___aeabi_d2iz
                0x0000000010005cc8                double2int_z
 .text.__wrap___aeabi_d2uiz
                0x0000000010005d10       0x18 CMakeFiles/recovery.dir/pico/pico-sdk/src/rp2_common/pico_double/double_aeabi.S.obj
                0x0000000010005d10                double2uint
                0x0000000010005d10                __wrap___aeabi_d2uiz
 .text.__wrap___aeabi_d2f
                0x0000000010005d28       0x18 CMakeFiles/recovery.dir/pico/pico-sdk/src/rp2_common/pico_double/double_aeabi.S.obj
                0x0000000010005d28                __wrap___aeabi_d2f
 .text.__aeabi_double_init
                0x0000000010005d40       0x94 CMakeFiles/recovery.dir/pico/pico-sdk/src/rp2_common/pico_double/double_init_rom.c.obj
                0x0000000010005d40                __aeabi_double_init
 .text.__wrap_round
                0x0000000010005dd4       0xa0 CMakeFiles/recovery.dir/pico/pico-sdk/src/rp2_common/pico_double/double_math.c.obj
                0x0000000010005dd4                __wrap_round
 .text.double_table_shim_on_use_helper
                0x0000000010005e74       0x2c CMakeFiles/recovery.dir/pico/pico-sdk/src/rp2_common/pico_double/double_v1_rom_shim.S.obj
                0x0000000010005e74                double_table_shim_on_use_helper
 .text.__wrap___aeabi_dsub
                0x0000000010005ea0       0x10 CMakeFiles/recovery.dir/pico/pico-sdk/src/rp2_common/pico_double/double_v1_rom_shim.S.obj
                0x0000000010005ea0                drsub_shim
                0x0000000010005ea6                dsub_shim
 .text.dadd_shim
                0x0000000010005eb0      0x15c CMakeFiles/recovery.dir/pico/pico-sdk/src/rp2_common/pico_double/double_v1_rom_shim.S.obj
                0x0000000010005eb0                dadd_shim
 .text.dmul_shim
                0x000000001000600c      0x15c CMakeFiles/recovery.dir/pico/pico-sdk/src/rp2_common/pico_double/double_v1_rom_shim.S.obj
                0x000000001000600c                dmul_shim
 .text.ddiv_shim
                0x0000000010006168      0x1b0 CMakeFiles/recovery.dir/pico/pico-sdk/src/rp2_common/pico_double/double_v1_rom_shim.S.obj
                0x0000000010006168                ddiv_shim
 .text.double2uint_shim
                0x0000000010006318        0xe CMakeFiles/recovery.dir/pico/pico-sdk/src/rp2_common/pico_double/double_v1_rom_shim.S.obj
                0x0000000010006318                double2uint_shim
                0x000000001000631a                double2ufix_shim
 *fill*         0x0000000010006326        0x2 
 .text.double2uint64_shim
                0x0000000010006328       0x70 CMakeFiles/recovery.dir/pico/pico-sdk/src/rp2_common/pico_double/double_v1_rom_shim.S.obj
                0x0000000010006328                double2uint64_shim
                0x000000001000632a                double2ufix64_shim
                0x000000001000634a                d2fix_a
 .text.double2float_shim
                0x0000000010006398       0x5c CMakeFiles/recovery.dir/pico/pico-sdk/src/rp2_common/pico_double/double_v1_rom_shim.S.obj
                0x0000000010006398                double2float_shim
 .text.dunpacks
                0x00000000100063f4       0x3c CMakeFiles/recovery.dir/pico/pico-sdk/src/rp2_common/pico_double/double_v1_rom_shim.S.obj
                0x00000000100063f4                dunpacks
 .text.__aeabi_lmul
                0x0000000010006430       0x32 CMakeFiles/recovery.dir/pico/pico-sdk/src/rp2_common/pico_int64_ops/pico_int64_ops_aeabi.S.obj
                0x0000000010006430                __wrap___aeabi_lmul
 *fill*         0x0000000010006462        0x2 
 .text.__wrap___aeabi_farithmetic
                0x0000000010006464       0x48 CMakeFiles/recovery.dir/pico/pico-sdk/src/rp2_common/pico_float/float_aeabi.S.obj
                0x0000000010006464                __wrap___aeabi_frsub
                0x000000001000646a                __wrap___aeabi_fsub
                0x0000000010006470                __wrap___aeabi_fadd
                0x0000000010006476                __wrap___aeabi_fdiv
                0x000000001000649e                __wrap___aeabi_fmul
 .text.__wrap___aeabi_cfcmple
                0x00000000100064ac       0x50 CMakeFiles/recovery.dir/pico/pico-sdk/src/rp2_common/pico_float/float_aeabi.S.obj
                0x00000000100064ac                __wrap___aeabi_cfrcmple
                0x00000000100064b8                __wrap___aeabi_cfcmpeq
                0x00000000100064b8                __wrap___aeabi_cfcmple
 .text.__wrap___aeabi_fcmplt
                0x00000000100064fc        0xc CMakeFiles/recovery.dir/pico/pico-sdk/src/rp2_common/pico_float/float_aeabi.S.obj
                0x00000000100064fc                __wrap___aeabi_fcmplt
 .text.__wrap___aeabi_fcmpun
                0x0000000010006508       0x18 CMakeFiles/recovery.dir/pico/pico-sdk/src/rp2_common/pico_float/float_aeabi.S.obj
                0x0000000010006508                __wrap___aeabi_fcmpun
 .text.__wrap___aeabi_ui2f
                0x0000000010006520        0xa CMakeFiles/recovery.dir/pico/pico-sdk/src/rp2_common/pico_float/float_aeabi.S.obj
                0x0000000010006520                __wrap___aeabi_ui2f
 *fill*         0x000000001000652a        0x2 
 .text.__wrap___aeabi_i2f
                0x000000001000652c       0x44 CMakeFiles/recovery.dir/pico/pico-sdk/src/rp2_common/pico_float/float_aeabi.S.obj
                0x000000001000652c                __wrap___aeabi_i2f
 .text.__wrap___aeabi_f2iz
                0x0000000010006570       0x4e CMakeFiles/recovery.dir/pico/pico-sdk/src/rp2_common/pico_float/float_aeabi.S.obj
                0x0000000010006570                __wrap___aeabi_f2iz
                0x0000000010006570                float2int_z
 *fill*         0x00000000100065be        0x2 
 .text.float2int
                0x00000000100065c0       0x14 CMakeFiles/recovery.dir/pico/pico-sdk/src/rp2_common/pico_float/float_aeabi.S.obj
                0x00000000100065c0                float2int
 .text.__wrap___aeabi_f2uiz
                0x00000000100065d4        0xc CMakeFiles/recovery.dir/pico/pico-sdk/src/rp2_common/pico_float/float_aeabi.S.obj
                0x00000000100065d4                __wrap___aeabi_f2uiz
 .text.__wrap___aeabi_f2d
                0x00000000100065e0       0x14 CMakeFiles/recovery.dir/pico/pico-sdk/src/rp2_common/pico_float/float_aeabi.S.obj
                0x00000000100065e0                __wrap___aeabi_f2d
 .text.__aeabi_float_init
                0x00000000100065f4       0x64 CMakeFiles/recovery.dir/pico/pico-sdk/src/rp2_common/pico_float/float_init_rom.c.obj
                0x00000000100065f4                __aeabi_float_init
 .text.float_table_shim_on_use_helper
                0x0000000010006658       0x2c CMakeFiles/recovery.dir/pico/pico-sdk/src/rp2_common/pico_float/float_v1_rom_shim.S.obj
                0x0000000010006658                float_table_shim_on_use_helper
 .text.float232_shims
                0x0000000010006684       0x18 CMakeFiles/recovery.dir/pico/pico-sdk/src/rp2_common/pico_float/float_v1_rom_shim.S.obj
                0x0000000010006684                float2int_shim
                0x0000000010006686                float2fix_shim
 .text.float2double_shim
                0x000000001000669c       0x30 CMakeFiles/recovery.dir/pico/pico-sdk/src/rp2_common/pico_float/float_v1_rom_shim.S.obj
                0x000000001000669c                float2double_shim
 .text          0x00000000100066cc       0x10 CMakeFiles/recovery.dir/pico/pico-sdk/src/rp2_common/pico_mem_ops/mem_ops_aeabi.S.obj
                0x00000000100066cc                __aeabi_mem_init
 .text.memset   0x00000000100066dc        0xc CMakeFiles/recovery.dir/pico/pico-sdk/src/rp2_common/pico_mem_ops/mem_ops_aeabi.S.obj
                0x00000000100066dc                __wrap_memset
 .text.memcpy   0x00000000100066e8        0xc CMakeFiles/recovery.dir/pico/pico-sdk/src/rp2_common/pico_mem_ops/mem_ops_aeabi.S.obj
                0x00000000100066e8                __wrap___aeabi_memcpy
                0x00000000100066e8                __wrap_memcpy
 .text.stdio_out_chars_no_crlf
                0x00000000100066f4       0x10 CMakeFiles/recovery.dir/pico/pico-sdk/src/rp2_common/pico_stdio/stdio.c.obj
 .text.stdio_out_chars_crlf
                0x0000000010006704       0xb4 CMakeFiles/recovery.dir/pico/pico-sdk/src/rp2_common/pico_stdio/stdio.c.obj
 .text.stdio_buffered_printer
                0x00000000100067b8       0x64 CMakeFiles/recovery.dir/pico/pico-sdk/src/rp2_common/pico_stdio/stdio.c.obj
 .text.stdio_put_string.isra.0
                0x000000001000681c       0xfc CMakeFiles/recovery.dir/pico/pico-sdk/src/rp2_common/pico_stdio/stdio.c.obj
 .text.__wrap_putchar
                0x0000000010006918       0xa0 CMakeFiles/recovery.dir/pico/pico-sdk/src/rp2_common/pico_stdio/stdio.c.obj
                0x0000000010006918                __wrap_putchar
 .text.__wrap_puts
                0x00000000100069b8       0x3c CMakeFiles/recovery.dir/pico/pico-sdk/src/rp2_common/pico_stdio/stdio.c.obj
                0x00000000100069b8                __wrap_puts
 .text.stdio_set_driver_enabled
                0x00000000100069f4       0x30 CMakeFiles/recovery.dir/pico/pico-sdk/src/rp2_common/pico_stdio/stdio.c.obj
                0x00000000100069f4                stdio_set_driver_enabled
 .text.__wrap_vprintf
                0x0000000010006a24       0xd8 CMakeFiles/recovery.dir/pico/pico-sdk/src/rp2_common/pico_stdio/stdio.c.obj
                0x0000000010006a24                __wrap_vprintf
 .text.__wrap_printf
                0x0000000010006afc       0x18 CMakeFiles/recovery.dir/pico/pico-sdk/src/rp2_common/pico_stdio/stdio.c.obj
                0x0000000010006afc                __wrap_printf
 .text.stdio_init_all
                0x0000000010006b14        0x8 CMakeFiles/recovery.dir/pico/pico-sdk/src/rp2_common/pico_stdio/stdio.c.obj
                0x0000000010006b14                stdio_init_all
 .text.resetd_init
                0x0000000010006b1c        0x4 CMakeFiles/recovery.dir/pico/pico-sdk/src/rp2_common/pico_stdio_usb/reset_interface.c.obj
 .text.resetd_reset
                0x0000000010006b20        0xc CMakeFiles/recovery.dir/pico/pico-sdk/src/rp2_common/pico_stdio_usb/reset_interface.c.obj
 .text.resetd_open
                0x0000000010006b2c       0x28 CMakeFiles/recovery.dir/pico/pico-sdk/src/rp2_common/pico_stdio_usb/reset_interface.c.obj
 .text.resetd_xfer_cb
                0x0000000010006b54        0x4 CMakeFiles/recovery.dir/pico/pico-sdk/src/rp2_common/pico_stdio_usb/reset_interface.c.obj
 .text.resetd_control_xfer_cb
                0x0000000010006b58       0x64 CMakeFiles/recovery.dir/pico/pico-sdk/src/rp2_common/pico_stdio_usb/reset_interface.c.obj
 .text.usbd_app_driver_get_cb
                0x0000000010006bbc        0xc CMakeFiles/recovery.dir/pico/pico-sdk/src/rp2_common/pico_stdio_usb/reset_interface.c.obj
                0x0000000010006bbc                usbd_app_driver_get_cb
 .text.tud_cdc_line_coding_cb
                0x0000000010006bc8       0x34 CMakeFiles/recovery.dir/pico/pico-sdk/src/rp2_common/pico_stdio_usb/reset_interface.c.obj
                0x0000000010006bc8                tud_cdc_line_coding_cb
 .text.stdio_usb_in_chars
                0x0000000010006bfc       0x68 CMakeFiles/recovery.dir/pico/pico-sdk/src/rp2_common/pico_stdio_usb/stdio_usb.c.obj
                0x0000000010006bfc                stdio_usb_in_chars
 .text.stdio_usb_out_chars
                0x0000000010006c64       0xe4 CMakeFiles/recovery.dir/pico/pico-sdk/src/rp2_common/pico_stdio_usb/stdio_usb.c.obj
 .text.timer_task
                0x0000000010006d48       0x18 CMakeFiles/recovery.dir/pico/pico-sdk/src/rp2_common/pico_stdio_usb/stdio_usb.c.obj
 .text.usb_irq  0x0000000010006d60       0x10 CMakeFiles/recovery.dir/pico/pico-sdk/src/rp2_common/pico_stdio_usb/stdio_usb.c.obj
 .text.low_priority_worker_irq
                0x0000000010006d70       0x24 CMakeFiles/recovery.dir/pico/pico-sdk/src/rp2_common/pico_stdio_usb/stdio_usb.c.obj
 .text.stdio_usb_init
                0x0000000010006d94       0xb0 CMakeFiles/recovery.dir/pico/pico-sdk/src/rp2_common/pico_stdio_usb/stdio_usb.c.obj
                0x0000000010006d94                stdio_usb_init
 .text.tud_descriptor_device_cb
                0x0000000010006e44        0x8 CMakeFiles/recovery.dir/pico/pico-sdk/src/rp2_common/pico_stdio_usb/stdio_usb_descriptors.c.obj
                0x0000000010006e44                tud_descriptor_device_cb
 .text.tud_descriptor_configuration_cb
                0x0000000010006e4c        0x8 CMakeFiles/recovery.dir/pico/pico-sdk/src/rp2_common/pico_stdio_usb/stdio_usb_descriptors.c.obj
                0x0000000010006e4c                tud_descriptor_configuration_cb
 .text.tud_descriptor_string_cb
                0x0000000010006e54       0x74 CMakeFiles/recovery.dir/pico/pico-sdk/src/rp2_common/pico_stdio_usb/stdio_usb_descriptors.c.obj
                0x0000000010006e54                tud_descriptor_string_cb
 .text.dcd_rp2040_irq
                0x0000000010006ec8      0x21c CMakeFiles/recovery.dir/pico/pico-sdk/lib/tinyusb/src/portable/raspberrypi/rp2040/dcd_rp2040.c.obj
 .text.dcd_int_enable
                0x00000000100070e4        0xc CMakeFiles/recovery.dir/pico/pico-sdk/lib/tinyusb/src/portable/raspberrypi/rp2040/dcd_rp2040.c.obj
                0x00000000100070e4                dcd_int_enable
 .text.dcd_set_address
                0x00000000100070f0       0x14 CMakeFiles/recovery.dir/pico/pico-sdk/lib/tinyusb/src/portable/raspberrypi/rp2040/dcd_rp2040.c.obj
                0x00000000100070f0                dcd_set_address
 .text.dcd_connect
                0x0000000010007104       0x10 CMakeFiles/recovery.dir/pico/pico-sdk/lib/tinyusb/src/portable/raspberrypi/rp2040/dcd_rp2040.c.obj
                0x0000000010007104                dcd_connect
 .text.dcd_init
                0x0000000010007114      0x144 CMakeFiles/recovery.dir/pico/pico-sdk/lib/tinyusb/src/portable/raspberrypi/rp2040/dcd_rp2040.c.obj
                0x0000000010007114                dcd_init
 .text.dcd_edpt0_status_complete
                0x0000000010007258       0x1c CMakeFiles/recovery.dir/pico/pico-sdk/lib/tinyusb/src/portable/raspberrypi/rp2040/dcd_rp2040.c.obj
                0x0000000010007258                dcd_edpt0_status_complete
 .text.dcd_edpt_open
                0x0000000010007274       0xf0 CMakeFiles/recovery.dir/pico/pico-sdk/lib/tinyusb/src/portable/raspberrypi/rp2040/dcd_rp2040.c.obj
                0x0000000010007274                dcd_edpt_open
 .text.dcd_edpt_close_all
                0x0000000010007364       0xbc CMakeFiles/recovery.dir/pico/pico-sdk/lib/tinyusb/src/portable/raspberrypi/rp2040/dcd_rp2040.c.obj
                0x0000000010007364                dcd_edpt_close_all
 .text.dcd_edpt_xfer
                0x0000000010007420       0x24 CMakeFiles/recovery.dir/pico/pico-sdk/lib/tinyusb/src/portable/raspberrypi/rp2040/dcd_rp2040.c.obj
                0x0000000010007420                dcd_edpt_xfer
 .text.dcd_edpt_stall
                0x0000000010007444       0x38 CMakeFiles/recovery.dir/pico/pico-sdk/lib/tinyusb/src/portable/raspberrypi/rp2040/dcd_rp2040.c.obj
                0x0000000010007444                dcd_edpt_stall
 .text.dcd_edpt_clear_stall
                0x000000001000747c       0x30 CMakeFiles/recovery.dir/pico/pico-sdk/lib/tinyusb/src/portable/raspberrypi/rp2040/dcd_rp2040.c.obj
                0x000000001000747c                dcd_edpt_clear_stall
 .text._hw_endpoint_buffer_control_update32.part.0.isra.0
                0x00000000100074ac       0x1c CMakeFiles/recovery.dir/pico/pico-sdk/lib/tinyusb/src/portable/raspberrypi/rp2040/rp2040_usb.c.obj
 .text.rp2040_usb_init
                0x00000000100074c8       0x4c CMakeFiles/recovery.dir/pico/pico-sdk/lib/tinyusb/src/portable/raspberrypi/rp2040/rp2040_usb.c.obj
                0x00000000100074c8                rp2040_usb_init
 .text.hw_endpoint_reset_transfer
                0x0000000010007514        0xc CMakeFiles/recovery.dir/pico/pico-sdk/lib/tinyusb/src/portable/raspberrypi/rp2040/rp2040_usb.c.obj
                0x0000000010007514                hw_endpoint_reset_transfer
 .text._hw_endpoint_buffer_control_update32
                0x0000000010007520       0x44 CMakeFiles/recovery.dir/pico/pico-sdk/lib/tinyusb/src/portable/raspberrypi/rp2040/rp2040_usb.c.obj
                0x0000000010007520                _hw_endpoint_buffer_control_update32
 .text.hw_endpoint_xfer_start
                0x0000000010007564      0x138 CMakeFiles/recovery.dir/pico/pico-sdk/lib/tinyusb/src/portable/raspberrypi/rp2040/rp2040_usb.c.obj
                0x0000000010007564                hw_endpoint_xfer_start
 .text.hw_endpoint_xfer_continue
                0x000000001000769c      0x1e4 CMakeFiles/recovery.dir/pico/pico-sdk/lib/tinyusb/src/portable/raspberrypi/rp2040/rp2040_usb.c.obj
                0x000000001000769c                hw_endpoint_xfer_continue
 .text.tud_mounted
                0x0000000010007880       0x10 CMakeFiles/recovery.dir/pico/pico-sdk/lib/tinyusb/src/device/usbd.c.obj
                0x0000000010007880                tud_mounted
 .text.tud_suspended
                0x0000000010007890       0x10 CMakeFiles/recovery.dir/pico/pico-sdk/lib/tinyusb/src/device/usbd.c.obj
                0x0000000010007890                tud_suspended
 .text.tud_inited
                0x00000000100078a0        0xc CMakeFiles/recovery.dir/pico/pico-sdk/lib/tinyusb/src/device/usbd.c.obj
                0x00000000100078a0                tud_inited
 .text.tud_init
                0x00000000100078ac       0xd8 CMakeFiles/recovery.dir/pico/pico-sdk/lib/tinyusb/src/device/usbd.c.obj
                0x00000000100078ac                tud_init
 .text.tud_task
                0x0000000010007984      0x8ec CMakeFiles/recovery.dir/pico/pico-sdk/lib/tinyusb/src/device/usbd.c.obj
                0x0000000010007984                tud_task
 .text.dcd_event_bus_signal
                0x0000000010008270      0x120 CMakeFiles/recovery.dir/pico/pico-sdk/lib/tinyusb/src/device/usbd.c.obj
                0x0000000010008270                dcd_event_bus_signal
 .text.dcd_event_bus_reset
                0x0000000010008390       0x54 CMakeFiles/recovery.dir/pico/pico-sdk/lib/tinyusb/src/device/usbd.c.obj
                0x0000000010008390                dcd_event_bus_reset
 .text.dcd_event_setup_received
                0x00000000100083e4       0x50 CMakeFiles/recovery.dir/pico/pico-sdk/lib/tinyusb/src/device/usbd.c.obj
                0x00000000100083e4                dcd_event_setup_received
 .text.dcd_event_xfer_complete
                0x0000000010008434       0x68 CMakeFiles/recovery.dir/pico/pico-sdk/lib/tinyusb/src/device/usbd.c.obj
                0x0000000010008434                dcd_event_xfer_complete
 .text.usbd_open_edpt_pair
                0x000000001000849c       0x80 CMakeFiles/recovery.dir/pico/pico-sdk/lib/tinyusb/src/device/usbd.c.obj
                0x000000001000849c                usbd_open_edpt_pair
 .text.usbd_edpt_open
                0x000000001000851c       0x30 CMakeFiles/recovery.dir/pico/pico-sdk/lib/tinyusb/src/device/usbd.c.obj
                0x000000001000851c                usbd_edpt_open
 .text.usbd_edpt_claim
                0x000000001000854c       0x64 CMakeFiles/recovery.dir/pico/pico-sdk/lib/tinyusb/src/device/usbd.c.obj
                0x000000001000854c                usbd_edpt_claim
 .text.usbd_edpt_release
                0x00000000100085b0       0x4c CMakeFiles/recovery.dir/pico/pico-sdk/lib/tinyusb/src/device/usbd.c.obj
                0x00000000100085b0                usbd_edpt_release
 .text.usbd_edpt_xfer
                0x00000000100085fc       0x48 CMakeFiles/recovery.dir/pico/pico-sdk/lib/tinyusb/src/device/usbd.c.obj
                0x00000000100085fc                usbd_edpt_xfer
 .text.tud_control_status
                0x0000000010008644       0x30 CMakeFiles/recovery.dir/pico/pico-sdk/lib/tinyusb/src/device/usbd_control.c.obj
                0x0000000010008644                tud_control_status
 .text.tud_control_xfer
                0x0000000010008674       0xbc CMakeFiles/recovery.dir/pico/pico-sdk/lib/tinyusb/src/device/usbd_control.c.obj
                0x0000000010008674                tud_control_xfer
 .text.usbd_control_reset
                0x0000000010008730       0x14 CMakeFiles/recovery.dir/pico/pico-sdk/lib/tinyusb/src/device/usbd_control.c.obj
                0x0000000010008730                usbd_control_reset
 .text.usbd_control_set_complete_callback
                0x0000000010008744        0xc CMakeFiles/recovery.dir/pico/pico-sdk/lib/tinyusb/src/device/usbd_control.c.obj
                0x0000000010008744                usbd_control_set_complete_callback
 .text.usbd_control_set_request
                0x0000000010008750       0x1c CMakeFiles/recovery.dir/pico/pico-sdk/lib/tinyusb/src/device/usbd_control.c.obj
                0x0000000010008750                usbd_control_set_request
 .text.usbd_control_xfer_cb
                0x000000001000876c       0xfc CMakeFiles/recovery.dir/pico/pico-sdk/lib/tinyusb/src/device/usbd_control.c.obj
                0x000000001000876c                usbd_control_xfer_cb
 .text.tud_cdc_n_connected
                0x0000000010008868       0x30 CMakeFiles/recovery.dir/pico/pico-sdk/lib/tinyusb/src/class/cdc/cdc_device.c.obj
                0x0000000010008868                tud_cdc_n_connected
 .text.tud_cdc_n_available
                0x0000000010008898       0x18 CMakeFiles/recovery.dir/pico/pico-sdk/lib/tinyusb/src/class/cdc/cdc_device.c.obj
                0x0000000010008898                tud_cdc_n_available
 .text.tud_cdc_n_read
                0x00000000100088b0       0x70 CMakeFiles/recovery.dir/pico/pico-sdk/lib/tinyusb/src/class/cdc/cdc_device.c.obj
                0x00000000100088b0                tud_cdc_n_read
 .text.tud_cdc_n_write_flush
                0x0000000010008920       0x78 CMakeFiles/recovery.dir/pico/pico-sdk/lib/tinyusb/src/class/cdc/cdc_device.c.obj
                0x0000000010008920                tud_cdc_n_write_flush
 .text.tud_cdc_n_write
                0x0000000010008998       0x34 CMakeFiles/recovery.dir/pico/pico-sdk/lib/tinyusb/src/class/cdc/cdc_device.c.obj
                0x0000000010008998                tud_cdc_n_write
 .text.tud_cdc_n_write_available
                0x00000000100089cc       0x18 CMakeFiles/recovery.dir/pico/pico-sdk/lib/tinyusb/src/class/cdc/cdc_device.c.obj
                0x00000000100089cc                tud_cdc_n_write_available
 .text.cdcd_init
                0x00000000100089e4       0x7c CMakeFiles/recovery.dir/pico/pico-sdk/lib/tinyusb/src/class/cdc/cdc_device.c.obj
                0x00000000100089e4                cdcd_init
 .text.cdcd_reset
                0x0000000010008a60       0x2c CMakeFiles/recovery.dir/pico/pico-sdk/lib/tinyusb/src/class/cdc/cdc_device.c.obj
                0x0000000010008a60                cdcd_reset
 .text.cdcd_open
                0x0000000010008a8c       0xe4 CMakeFiles/recovery.dir/pico/pico-sdk/lib/tinyusb/src/class/cdc/cdc_device.c.obj
                0x0000000010008a8c                cdcd_open
 .text.cdcd_control_xfer_cb
                0x0000000010008b70       0xe4 CMakeFiles/recovery.dir/pico/pico-sdk/lib/tinyusb/src/class/cdc/cdc_device.c.obj
                0x0000000010008b70                cdcd_control_xfer_cb
 .text.cdcd_xfer_cb
                0x0000000010008c54      0x148 CMakeFiles/recovery.dir/pico/pico-sdk/lib/tinyusb/src/class/cdc/cdc_device.c.obj
                0x0000000010008c54                cdcd_xfer_cb
 .text.tusb_init
                0x0000000010008d9c        0xc CMakeFiles/recovery.dir/pico/pico-sdk/lib/tinyusb/src/tusb.c.obj
                0x0000000010008d9c                tusb_init
 .text.tusb_inited
                0x0000000010008da8        0x8 CMakeFiles/recovery.dir/pico/pico-sdk/lib/tinyusb/src/tusb.c.obj
                0x0000000010008da8                tusb_inited
 .text.tu_edpt_validate
                0x0000000010008db0       0x78 CMakeFiles/recovery.dir/pico/pico-sdk/lib/tinyusb/src/tusb.c.obj
                0x0000000010008db0                tu_edpt_validate
 .text.tu_edpt_bind_driver
                0x0000000010008e28       0x2c CMakeFiles/recovery.dir/pico/pico-sdk/lib/tinyusb/src/tusb.c.obj
                0x0000000010008e28                tu_edpt_bind_driver
 .text.tu_fifo_config
                0x0000000010008e54       0x78 CMakeFiles/recovery.dir/pico/pico-sdk/lib/tinyusb/src/common/tusb_fifo.c.obj
                0x0000000010008e54                tu_fifo_config
 .text.tu_fifo_count
                0x0000000010008ecc       0x20 CMakeFiles/recovery.dir/pico/pico-sdk/lib/tinyusb/src/common/tusb_fifo.c.obj
                0x0000000010008ecc                tu_fifo_count
 .text.tu_fifo_empty
                0x0000000010008eec       0x10 CMakeFiles/recovery.dir/pico/pico-sdk/lib/tinyusb/src/common/tusb_fifo.c.obj
                0x0000000010008eec                tu_fifo_empty
 .text.tu_fifo_remaining
                0x0000000010008efc       0x1c CMakeFiles/recovery.dir/pico/pico-sdk/lib/tinyusb/src/common/tusb_fifo.c.obj
                0x0000000010008efc                tu_fifo_remaining
 .text.tu_fifo_read
                0x0000000010008f18       0x9c CMakeFiles/recovery.dir/pico/pico-sdk/lib/tinyusb/src/common/tusb_fifo.c.obj
                0x0000000010008f18                tu_fifo_read
 .text.tu_fifo_read_n
                0x0000000010008fb4      0x100 CMakeFiles/recovery.dir/pico/pico-sdk/lib/tinyusb/src/common/tusb_fifo.c.obj
                0x0000000010008fb4                tu_fifo_read_n
 .text.tu_fifo_write
                0x00000000100090b4       0x7c CMakeFiles/recovery.dir/pico/pico-sdk/lib/tinyusb/src/common/tusb_fifo.c.obj
                0x00000000100090b4                tu_fifo_write
 .text.tu_fifo_write_n
                0x0000000010009130      0x100 CMakeFiles/recovery.dir/pico/pico-sdk/lib/tinyusb/src/common/tusb_fifo.c.obj
                0x0000000010009130                tu_fifo_write_n
 .text.tu_fifo_clear
                0x0000000010009230       0x4c CMakeFiles/recovery.dir/pico/pico-sdk/lib/tinyusb/src/common/tusb_fifo.c.obj
                0x0000000010009230                tu_fifo_clear
 .text.tu_fifo_set_overwritable
                0x000000001000927c       0x3c CMakeFiles/recovery.dir/pico/pico-sdk/lib/tinyusb/src/common/tusb_fifo.c.obj
                0x000000001000927c                tu_fifo_set_overwritable
 .text.startup._retrieve_unique_id_on_boot
                0x00000000100092b8       0x10 CMakeFiles/recovery.dir/pico/pico-sdk/src/rp2_common/pico_unique_id/unique_id.c.obj
 .text.pico_get_unique_board_id_string
                0x00000000100092c8      0x1a8 CMakeFiles/recovery.dir/pico/pico-sdk/src/rp2_common/pico_unique_id/unique_id.c.obj
                0x00000000100092c8                pico_get_unique_board_id_string
 .text.flash_get_unique_id
                0x0000000010009470       0x40 CMakeFiles/recovery.dir/pico/pico-sdk/src/rp2_common/hardware_flash/flash.c.obj
                0x0000000010009470                flash_get_unique_id
 .text.pio_sm_unclaim
                0x00000000100094b0       0x20 CMakeFiles/recovery.dir/pico/pico-sdk/src/rp2_common/hardware_pio/pio.c.obj
                0x00000000100094b0                pio_sm_unclaim
 .text.pio_claim_unused_sm
                0x00000000100094d0       0x3c CMakeFiles/recovery.dir/pico/pico-sdk/src/rp2_common/hardware_pio/pio.c.obj
                0x00000000100094d0                pio_claim_unused_sm
 .text.pio_add_program
                0x000000001000950c       0xc8 CMakeFiles/recovery.dir/pico/pico-sdk/src/rp2_common/hardware_pio/pio.c.obj
                0x000000001000950c                pio_add_program
 .text.pio_remove_program
                0x00000000100095d4       0x34 CMakeFiles/recovery.dir/pico/pico-sdk/src/rp2_common/hardware_pio/pio.c.obj
                0x00000000100095d4                pio_remove_program
 .text.pio_clear_instruction_memory
                0x0000000010009608       0x38 CMakeFiles/recovery.dir/pico/pico-sdk/src/rp2_common/hardware_pio/pio.c.obj
                0x0000000010009608                pio_clear_instruction_memory
 .text.pio_sm_set_pins_with_mask
                0x0000000010009640       0x84 CMakeFiles/recovery.dir/pico/pico-sdk/src/rp2_common/hardware_pio/pio.c.obj
                0x0000000010009640                pio_sm_set_pins_with_mask
 .text.pio_sm_set_pindirs_with_mask
                0x00000000100096c4       0x88 CMakeFiles/recovery.dir/pico/pico-sdk/src/rp2_common/hardware_pio/pio.c.obj
                0x00000000100096c4                pio_sm_set_pindirs_with_mask
 .text.pio_sm_init
                0x000000001000974c       0x90 CMakeFiles/recovery.dir/pico/pico-sdk/src/rp2_common/hardware_pio/pio.c.obj
                0x000000001000974c                pio_sm_init
 .text          0x00000000100097dc       0x48 /usr/lib/gcc/arm-none-eabi/10.3.1/../../../arm-none-eabi/lib/thumb/v6-m/nofp/libc.a(lib_a-rand.o)
                0x00000000100097dc                srand
                0x00000000100097f0                rand
 .text          0x0000000010009824       0x88 /usr/lib/gcc/arm-none-eabi/10.3.1/../../../arm-none-eabi/lib/thumb/v6-m/nofp/libc.a(lib_a-strcmp.o)
                0x0000000010009824                strcmp
 .text          0x00000000100098ac       0x5c /usr/lib/gcc/arm-none-eabi/10.3.1/../../../arm-none-eabi/lib/thumb/v6-m/nofp/libc.a(lib_a-strlen-stub.o)
                0x00000000100098ac                strlen
 .text          0x0000000010009908      0x1b8 /usr/lib/gcc/arm-none-eabi/10.3.1/../../../arm-none-eabi/lib/thumb/v6-m/nofp/libc.a(lib_a-strtol.o)
                0x0000000010009a4c                _strtol_r
                0x0000000010009a68                strtol_l
                0x0000000010009a94                strtol
 .text          0x0000000010009ac0        0xc /usr/lib/gcc/arm-none-eabi/10.3.1/../../../arm-none-eabi/lib/thumb/v6-m/nofp/libc.a(lib_a-errno.o)
                0x0000000010009ac0                __errno
 *(.fini)
 .fini          0x0000000010009acc        0x4 /usr/lib/gcc/arm-none-eabi/10.3.1/thumb/v6-m/nofp/crti.o
                0x0000000010009acc                _fini
 .fini.__stub   0x0000000010009ad0       0x70 linker stubs
 *crtbegin.o(.ctors)
 *crtbegin?.o(.ctors)
 *(EXCLUDE_FILE(*crtend.o *crtend?.o) .ctors)
 *(SORT_BY_NAME(.ctors.*))
 *(.ctors)
 *crtbegin.o(.dtors)
 *crtbegin?.o(.dtors)
 *(EXCLUDE_FILE(*crtend.o *crtend?.o) .dtors)
 *(SORT_BY_NAME(.dtors.*))
 *(.dtors)
 *(.eh_frame*)
 .eh_frame      0x0000000010009b40        0x0 /usr/lib/gcc/arm-none-eabi/10.3.1/thumb/v6-m/nofp/crtbegin.o
                0x0000000010009b40                . = ALIGN (0x4)

.glue_7         0x0000000010009b40        0x0
 .glue_7        0x0000000010009b40        0x0 linker stubs

.glue_7t        0x0000000010009b40        0x0
 .glue_7t       0x0000000010009b40        0x0 linker stubs

.vfp11_veneer   0x0000000010009b40        0x0
 .vfp11_veneer  0x0000000010009b40        0x0 linker stubs

.v4_bx          0x0000000010009b40        0x0
 .v4_bx         0x0000000010009b40        0x0 linker stubs

.iplt           0x0000000010009b40        0x0
 .iplt          0x0000000010009b40        0x0 /usr/lib/gcc/arm-none-eabi/10.3.1/thumb/v6-m/nofp/crtbegin.o

.rodata         0x0000000010009b40      0xc10
 *(EXCLUDE_FILE(*libm.a: *libc.a:*lib_a-mem*.o *libgcc.a:) .rodata*)
 .rodata.txAprs.part.0.isra.0.str1.4
                0x0000000010009b40       0x2a CMakeFiles/recovery.dir/main.c.obj
 *fill*         0x0000000010009b6a        0x2 
 .rodata.main.str1.4
                0x0000000010009b6c       0x14 CMakeFiles/recovery.dir/main.c.obj
 .rodata.str1.4
                0x0000000010009b80       0x99 CMakeFiles/recovery.dir/main.c.obj
 *fill*         0x0000000010009c19        0x3 
 .rodata.__bi_100.2
                0x0000000010009c1c        0xc CMakeFiles/recovery.dir/main.c.obj
 .rodata.__bi_101.3
                0x0000000010009c28        0xc CMakeFiles/recovery.dir/main.c.obj
 .rodata.__bi_102.4
                0x0000000010009c34        0xc CMakeFiles/recovery.dir/main.c.obj
 .rodata.__bi_103.5
                0x0000000010009c40        0xc CMakeFiles/recovery.dir/main.c.obj
 .rodata.__bi_97.0
                0x0000000010009c4c        0xc CMakeFiles/recovery.dir/main.c.obj
 .rodata.__bi_99.1
                0x0000000010009c58        0xc CMakeFiles/recovery.dir/main.c.obj
 .rodata.gps_config
                0x0000000010009c64       0x14 CMakeFiles/recovery.dir/main.c.obj
                0x0000000010009c64                gps_config
 .rodata.tag_config
                0x0000000010009c78       0x20 CMakeFiles/recovery.dir/main.c.obj
                0x0000000010009c78                tag_config
 .rodata.sendPacket.str1.4
                0x0000000010009c98       0x4b CMakeFiles/recovery.dir/aprs.c.obj
 *fill*         0x0000000010009ce3        0x1 
 .rodata.sendTestPackets.str1.4
                0x0000000010009ce4        0xa CMakeFiles/recovery.dir/aprs.c.obj
 *fill*         0x0000000010009cee        0x2 
 .rodata.sinValues
                0x0000000010009cf0       0x20 CMakeFiles/recovery.dir/aprs.c.obj
 .rodata.configureDra818v.str1.4
                0x0000000010009d10       0xa8 CMakeFiles/recovery.dir/vhf.c.obj
 .rodata.str1.4
                0x0000000010009db8       0x89 CMakeFiles/recovery.dir/vhf.c.obj
 *fill*         0x0000000010009e41        0x3 
 .rodata.DEFAULT_FREQ
                0x0000000010009e44        0x9 CMakeFiles/recovery.dir/vhf.c.obj
 *fill*         0x0000000010009e4d        0x3 
 .rodata.__bi_167.0
                0x0000000010009e50        0xc CMakeFiles/recovery.dir/vhf.c.obj
 .rodata.__bi_168.1
                0x0000000010009e5c        0xc CMakeFiles/recovery.dir/vhf.c.obj
 .rodata.__bi_169.2
                0x0000000010009e68        0xc CMakeFiles/recovery.dir/vhf.c.obj
 .rodata.__bi_170.3
                0x0000000010009e74        0xc CMakeFiles/recovery.dir/vhf.c.obj
 .rodata.__bi_171.4
                0x0000000010009e80        0xc CMakeFiles/recovery.dir/vhf.c.obj
 .rodata.__bi_172.5
                0x0000000010009e8c        0xc CMakeFiles/recovery.dir/vhf.c.obj
 .rodata.uart_tx_program
                0x0000000010009e98        0x6 CMakeFiles/recovery.dir/vhf.c.obj
 *fill*         0x0000000010009e9e        0x2 
 .rodata.uart_tx_program_instructions
                0x0000000010009ea0        0x8 CMakeFiles/recovery.dir/vhf.c.obj
 .rodata.parseGpsOutput.str1.4
                0x0000000010009ea8       0x2c CMakeFiles/recovery.dir/gps.c.obj
 .rodata.gps_get_lock.str1.4
                0x0000000010009ed4       0x3f CMakeFiles/recovery.dir/gps.c.obj
 *fill*         0x0000000010009f13        0x1 
 .rodata.getBestLatLon.str1.4
                0x0000000010009f14       0x14 CMakeFiles/recovery.dir/gps.c.obj
 .rodata.minmea_scan
                0x0000000010009f28      0x188 CMakeFiles/recovery.dir/minmea.c.obj
 .rodata.minmea_talker_id.str1.4
                0x000000001000a0b0       0x14 CMakeFiles/recovery.dir/minmea.c.obj
                                          0x2 (size before relaxing)
 .rodata.minmea_sentence_id.str1.4
                0x000000001000a0b0       0x18 CMakeFiles/recovery.dir/minmea.c.obj
                                         0x24 (size before relaxing)
 .rodata.minmea_parse_rmc.str1.4
                0x000000001000a0c8        0xd CMakeFiles/recovery.dir/minmea.c.obj
 *fill*         0x000000001000a0d5        0x3 
 .rodata.minmea_parse_gga.str1.4
                0x000000001000a0d8       0x10 CMakeFiles/recovery.dir/minmea.c.obj
 .rodata.minmea_parse_gll.str1.4
                0x000000001000a0e8        0xa CMakeFiles/recovery.dir/minmea.c.obj
 *fill*         0x000000001000a0f2        0x2 
 .rodata.minmea_parse_zda.str1.4
                0x000000001000a0f4        0x8 CMakeFiles/recovery.dir/minmea.c.obj
 .rodata.spin_lock_claim_unused.str1.4
                0x000000001000a0fc       0x1b CMakeFiles/recovery.dir/pico/pico-sdk/src/rp2_common/hardware_sync/sync.c.obj
 *fill*         0x000000001000a117        0x1 
 .rodata.user_irq_claim_unused.str1.4
                0x000000001000a118       0x1b CMakeFiles/recovery.dir/pico/pico-sdk/src/rp2_common/hardware_irq/irq.c.obj
 *fill*         0x000000001000a133        0x1 
 .rodata.hardware_alarm_claim.str1.4
                0x000000001000a134       0x22 CMakeFiles/recovery.dir/pico/pico-sdk/src/rp2_common/hardware_timer/timer.c.obj
 *fill*         0x000000001000a156        0x2 
 .rodata.panic.str1.4
                0x000000001000a158       0x10 CMakeFiles/recovery.dir/pico/pico-sdk/src/rp2_common/pico_runtime/runtime.c.obj
                                         0x12 (size before relaxing)
 .rodata.hard_assertion_failure.str1.4
                0x000000001000a168        0xc CMakeFiles/recovery.dir/pico/pico-sdk/src/rp2_common/pico_runtime/runtime.c.obj
 .rodata._ftoa.str1.4
                0x000000001000a174       0x15 CMakeFiles/recovery.dir/pico/pico-sdk/src/rp2_common/pico_printf/printf.c.obj
 *fill*         0x000000001000a189        0x3 
 .rodata._vsnprintf
                0x000000001000a18c      0x1e0 CMakeFiles/recovery.dir/pico/pico-sdk/src/rp2_common/pico_printf/printf.c.obj
 *fill*         0x000000001000a36c        0x4 
 .rodata.pow10.0
                0x000000001000a370       0x50 CMakeFiles/recovery.dir/pico/pico-sdk/src/rp2_common/pico_printf/printf.c.obj
 .rodata.str1.4
                0x000000001000a3c0       0x40 CMakeFiles/recovery.dir/pico/pico-sdk/src/rp2_common/pico_standard_link/binary_info.c.obj
 .rodata.__bi_44
                0x000000001000a400        0xc CMakeFiles/recovery.dir/pico/pico-sdk/src/rp2_common/pico_standard_link/binary_info.c.obj
 .rodata.__bi_75
                0x000000001000a40c        0xc CMakeFiles/recovery.dir/pico/pico-sdk/src/rp2_common/pico_standard_link/binary_info.c.obj
 .rodata.__bi_81
                0x000000001000a418        0xc CMakeFiles/recovery.dir/pico/pico-sdk/src/rp2_common/pico_standard_link/binary_info.c.obj
 .rodata.crlf_str.0
                0x000000001000a424        0x2 CMakeFiles/recovery.dir/pico/pico-sdk/src/rp2_common/pico_stdio/stdio.c.obj
 *fill*         0x000000001000a426        0x2 
 .rodata._resetd_driver
                0x000000001000a428       0x18 CMakeFiles/recovery.dir/pico/pico-sdk/src/rp2_common/pico_stdio_usb/reset_interface.c.obj
 .rodata.str1.4
                0x000000001000a440       0x13 CMakeFiles/recovery.dir/pico/pico-sdk/src/rp2_common/pico_stdio_usb/stdio_usb.c.obj
 *fill*         0x000000001000a453        0x1 
 .rodata.__bi_118.0
                0x000000001000a454        0xc CMakeFiles/recovery.dir/pico/pico-sdk/src/rp2_common/pico_stdio_usb/stdio_usb.c.obj
 .rodata.str1.4
                0x000000001000a460       0x2a CMakeFiles/recovery.dir/pico/pico-sdk/src/rp2_common/pico_stdio_usb/stdio_usb_descriptors.c.obj
 *fill*         0x000000001000a48a        0x2 
 .rodata.usbd_desc_cfg
                0x000000001000a48c       0x54 CMakeFiles/recovery.dir/pico/pico-sdk/src/rp2_common/pico_stdio_usb/stdio_usb_descriptors.c.obj
 .rodata.usbd_desc_device
                0x000000001000a4e0       0x12 CMakeFiles/recovery.dir/pico/pico-sdk/src/rp2_common/pico_stdio_usb/stdio_usb_descriptors.c.obj
 *fill*         0x000000001000a4f2        0x2 
 .rodata.usbd_desc_str
                0x000000001000a4f4       0x18 CMakeFiles/recovery.dir/pico/pico-sdk/src/rp2_common/pico_stdio_usb/stdio_usb_descriptors.c.obj
 .rodata.dcd_rp2040_irq.str1.4
                0x000000001000a50c       0x14 CMakeFiles/recovery.dir/pico/pico-sdk/lib/tinyusb/src/portable/raspberrypi/rp2040/dcd_rp2040.c.obj
 .rodata._hw_endpoint_buffer_control_update32.part.0.isra.0.str1.4
                0x000000001000a520       0x1f CMakeFiles/recovery.dir/pico/pico-sdk/lib/tinyusb/src/portable/raspberrypi/rp2040/rp2040_usb.c.obj
 *fill*         0x000000001000a53f        0x1 
 .rodata.hw_endpoint_xfer_continue.str1.4
                0x000000001000a540       0x29 CMakeFiles/recovery.dir/pico/pico-sdk/lib/tinyusb/src/portable/raspberrypi/rp2040/rp2040_usb.c.obj
 *fill*         0x000000001000a569        0x3 
 .rodata.str1.4
                0x000000001000a56c        0x4 CMakeFiles/recovery.dir/pico/pico-sdk/lib/tinyusb/src/portable/raspberrypi/rp2040/rp2040_usb.c.obj
                                          0x7 (size before relaxing)
 .rodata.tud_task
                0x000000001000a570       0x8c CMakeFiles/recovery.dir/pico/pico-sdk/lib/tinyusb/src/device/usbd.c.obj
 .rodata._usbd_driver
                0x000000001000a5fc       0x18 CMakeFiles/recovery.dir/pico/pico-sdk/lib/tinyusb/src/device/usbd.c.obj
 .rodata.pio_claim_unused_sm.str1.4
                0x000000001000a614       0x24 CMakeFiles/recovery.dir/pico/pico-sdk/src/rp2_common/hardware_pio/pio.c.obj
 .rodata.pio_add_program.str1.4
                0x000000001000a638       0x11 CMakeFiles/recovery.dir/pico/pico-sdk/src/rp2_common/hardware_pio/pio.c.obj
 *fill*         0x000000001000a649        0x3 
 .rodata        0x000000001000a64c      0x101 /usr/lib/gcc/arm-none-eabi/10.3.1/../../../arm-none-eabi/lib/thumb/v6-m/nofp/libc.a(lib_a-ctype_.o)
                0x000000001000a64c                _ctype_
                0x000000001000a750                . = ALIGN (0x4)
 *fill*         0x000000001000a74d        0x3 
 *(SORT_BY_ALIGNMENT(SORT_BY_NAME(.flashdata*)))
                0x000000001000a750                . = ALIGN (0x4)

.rel.dyn        0x000000001000a750        0x0
 .rel.iplt      0x000000001000a750        0x0 /usr/lib/gcc/arm-none-eabi/10.3.1/thumb/v6-m/nofp/crtbegin.o

.ARM.extab
 *(.ARM.extab* .gnu.linkonce.armextab.*)
                0x000000001000a750                __exidx_start = .

.ARM.exidx
 *(.ARM.exidx* .gnu.linkonce.armexidx.*)
                0x000000001000a750                __exidx_end = .
                0x000000001000a750                . = ALIGN (0x4)
                0x000000001000a750                __binary_info_start = .

.binary_info    0x000000001000a750       0x50
 *(.binary_info.keep.*)
 .binary_info.keep.__bi_ptr100
                0x000000001000a750        0x4 CMakeFiles/recovery.dir/main.c.obj
 .binary_info.keep.__bi_ptr101
                0x000000001000a754        0x4 CMakeFiles/recovery.dir/main.c.obj
 .binary_info.keep.__bi_ptr102
                0x000000001000a758        0x4 CMakeFiles/recovery.dir/main.c.obj
 .binary_info.keep.__bi_ptr103
                0x000000001000a75c        0x4 CMakeFiles/recovery.dir/main.c.obj
 .binary_info.keep.__bi_ptr97
                0x000000001000a760        0x4 CMakeFiles/recovery.dir/main.c.obj
 .binary_info.keep.__bi_ptr99
                0x000000001000a764        0x4 CMakeFiles/recovery.dir/main.c.obj
 .binary_info.keep.__bi_ptr167
                0x000000001000a768        0x4 CMakeFiles/recovery.dir/vhf.c.obj
 .binary_info.keep.__bi_ptr168
                0x000000001000a76c        0x4 CMakeFiles/recovery.dir/vhf.c.obj
 .binary_info.keep.__bi_ptr169
                0x000000001000a770        0x4 CMakeFiles/recovery.dir/vhf.c.obj
 .binary_info.keep.__bi_ptr170
                0x000000001000a774        0x4 CMakeFiles/recovery.dir/vhf.c.obj
 .binary_info.keep.__bi_ptr171
                0x000000001000a778        0x4 CMakeFiles/recovery.dir/vhf.c.obj
 .binary_info.keep.__bi_ptr172
                0x000000001000a77c        0x4 CMakeFiles/recovery.dir/vhf.c.obj
 .binary_info.keep.__bi_ptr22
                0x000000001000a780        0x4 CMakeFiles/recovery.dir/pico/pico-sdk/src/rp2_common/pico_standard_link/binary_info.c.obj
 .binary_info.keep.__bi_ptr30
                0x000000001000a784        0x4 CMakeFiles/recovery.dir/pico/pico-sdk/src/rp2_common/pico_standard_link/binary_info.c.obj
 .binary_info.keep.__bi_ptr38
                0x000000001000a788        0x4 CMakeFiles/recovery.dir/pico/pico-sdk/src/rp2_common/pico_standard_link/binary_info.c.obj
 .binary_info.keep.__bi_ptr44
                0x000000001000a78c        0x4 CMakeFiles/recovery.dir/pico/pico-sdk/src/rp2_common/pico_standard_link/binary_info.c.obj
 .binary_info.keep.__bi_ptr50
                0x000000001000a790        0x4 CMakeFiles/recovery.dir/pico/pico-sdk/src/rp2_common/pico_standard_link/binary_info.c.obj
 .binary_info.keep.__bi_ptr75
                0x000000001000a794        0x4 CMakeFiles/recovery.dir/pico/pico-sdk/src/rp2_common/pico_standard_link/binary_info.c.obj
 .binary_info.keep.__bi_ptr81
                0x000000001000a798        0x4 CMakeFiles/recovery.dir/pico/pico-sdk/src/rp2_common/pico_standard_link/binary_info.c.obj
 *(.binary_info.*)
 .binary_info.__bi_ptr118
                0x000000001000a79c        0x4 CMakeFiles/recovery.dir/pico/pico-sdk/src/rp2_common/pico_stdio_usb/stdio_usb.c.obj
                0x000000001000a7a0                __binary_info_end = .
                0x000000001000a7a0                . = ALIGN (0x4)
                0x000000001000a7a0                __etext = .

.ram_vector_table
                0x0000000020000000       0xc0
 *(.ram_vector_table)
 .ram_vector_table
                0x0000000020000000       0xc0 CMakeFiles/recovery.dir/pico/pico-sdk/src/rp2_common/pico_runtime/runtime.c.obj
                0x0000000020000000                ram_vector_table

.data           0x00000000200000c0      0xde0 load address 0x000000001000a7a0
                0x00000000200000c0                __data_start__ = .
 *(vtable)
 *(.time_critical*)
 .time_critical.mutex_enter_blocking
                0x00000000200000c0       0x48 CMakeFiles/recovery.dir/pico/pico-sdk/src/common/pico_sync/mutex.c.obj
                0x00000000200000c0                mutex_enter_blocking
 .time_critical.mutex_try_enter
                0x0000000020000108       0x44 CMakeFiles/recovery.dir/pico/pico-sdk/src/common/pico_sync/mutex.c.obj
                0x0000000020000108                mutex_try_enter
 .time_critical.mutex_enter_timeout_ms
                0x000000002000014c       0xa0 CMakeFiles/recovery.dir/pico/pico-sdk/src/common/pico_sync/mutex.c.obj
                0x000000002000014c                mutex_enter_timeout_ms
 .time_critical.mutex_exit
                0x00000000200001ec       0x28 CMakeFiles/recovery.dir/pico/pico-sdk/src/common/pico_sync/mutex.c.obj
                0x00000000200001ec                mutex_exit
 .time_critical.flash_init_boot2_copyout
                0x0000000020000214       0x30 CMakeFiles/recovery.dir/pico/pico-sdk/src/rp2_common/hardware_flash/flash.c.obj
 .time_critical.flash_enable_xip_via_boot2
                0x0000000020000244       0x10 CMakeFiles/recovery.dir/pico/pico-sdk/src/rp2_common/hardware_flash/flash.c.obj
 .time_critical.flash_cs_force
                0x0000000020000254       0x38 CMakeFiles/recovery.dir/pico/pico-sdk/src/rp2_common/hardware_flash/flash.c.obj
 .time_critical.flash_do_cmd
                0x000000002000028c       0xc4 CMakeFiles/recovery.dir/pico/pico-sdk/src/rp2_common/hardware_flash/flash.c.obj
                0x000000002000028c                flash_do_cmd
 *(.text*)
 .text          0x0000000020000350        0x4 /usr/lib/gcc/arm-none-eabi/10.3.1/thumb/v6-m/nofp/libgcc.a(_dvmd_tls.o)
                0x0000000020000350                __aeabi_ldiv0
                0x0000000020000350                __aeabi_idiv0
 *fill*         0x0000000020000354        0x4 
 .text.__stub   0x0000000020000358       0x30 linker stubs
                0x0000000020000388                . = ALIGN (0x4)
 *(.rodata*)
                0x0000000020000388                . = ALIGN (0x4)
 *(.data*)
 .data.aprs_config
                0x0000000020000388       0xb4 CMakeFiles/recovery.dir/main.c.obj
 .data.gps_data
                0x000000002000043c      0x538 CMakeFiles/recovery.dir/main.c.obj
                0x000000002000043c                gps_data
 .data.aprs_cc  0x0000000020000974        0x6 CMakeFiles/recovery.dir/aprs.c.obj
                0x0000000020000974                aprs_cc
 .data.striped_spin_lock_num
                0x000000002000097a        0x1 CMakeFiles/recovery.dir/pico/pico-sdk/src/rp2_common/hardware_sync/sync.c.obj
 *fill*         0x000000002000097b        0x1 
 .data          0x000000002000097c       0x48 CMakeFiles/recovery.dir/pico/pico-sdk/src/rp2_common/hardware_irq/irq_handler_chain.S.obj
                0x000000002000097c                irq_handler_chain_slots
                0x00000000200009ac                irq_handler_chain_first_slot
                0x00000000200009b6                irq_handler_chain_remove_tail
 .data.default_alarm_pool
                0x00000000200009c4       0x18 CMakeFiles/recovery.dir/pico/pico-sdk/src/common/pico_time/time.c.obj
 .data.default_alarm_pool_heap
                0x00000000200009dc       0x10 CMakeFiles/recovery.dir/pico/pico-sdk/src/common/pico_time/time.c.obj
 *fill*         0x00000000200009ec        0x4 
 .data.aeabi_bits_funcs
                0x00000000200009f0       0x10 CMakeFiles/recovery.dir/pico/pico-sdk/src/rp2_common/pico_bit_ops/bit_ops_aeabi.S.obj
                0x00000000200009f0                aeabi_bits_funcs
                0x0000000020000a00                aeabi_bits_funcs_end
 .data.aeabi_mem_funcs
                0x0000000020000a00       0x10 CMakeFiles/recovery.dir/pico/pico-sdk/src/rp2_common/pico_mem_ops/mem_ops_aeabi.S.obj
                0x0000000020000a00                aeabi_mem_funcs
                0x0000000020000a10                aeabi_mem_funcs_end
 .data.stdio_usb
                0x0000000020000a10       0x14 CMakeFiles/recovery.dir/pico/pico-sdk/src/rp2_common/pico_stdio_usb/stdio_usb.c.obj
                0x0000000020000a10                stdio_usb
 .data.ep_dir_string
                0x0000000020000a24        0x8 CMakeFiles/recovery.dir/pico/pico-sdk/lib/tinyusb/src/portable/raspberrypi/rp2040/rp2040_usb.c.obj
                0x0000000020000a24                ep_dir_string
 .data._usbd_qdef
                0x0000000020000a2c       0x24 CMakeFiles/recovery.dir/pico/pico-sdk/lib/tinyusb/src/device/usbd.c.obj
                0x0000000020000a2c                _usbd_qdef
 .data          0x0000000020000a50      0x430 /usr/lib/gcc/arm-none-eabi/10.3.1/../../../arm-none-eabi/lib/thumb/v6-m/nofp/libc.a(lib_a-impure.o)
                0x0000000020000a50                _impure_ptr
                0x0000000020000e80                . = ALIGN (0x4)
 *(.after_data.*)
                0x0000000020000e80                . = ALIGN (0x4)
                0x0000000020000e80                PROVIDE (__mutex_array_start = .)
 *(SORT_BY_NAME(.mutex_array.*))
 *(.mutex_array)
 .mutex_array   0x0000000020000e80        0x8 CMakeFiles/recovery.dir/pico/pico-sdk/src/rp2_common/pico_stdio/stdio.c.obj
                0x0000000020000e88                PROVIDE (__mutex_array_end = .)
                0x0000000020000e88                . = ALIGN (0x4)
                0x0000000020000e88                PROVIDE (__preinit_array_start = .)
 *(SORT_BY_NAME(.preinit_array.*))
 .preinit_array.00001
                0x0000000020000e88        0x4 CMakeFiles/recovery.dir/pico/pico-sdk/src/rp2_common/pico_mem_ops/mem_ops_aeabi.S.obj
 .preinit_array.00010
                0x0000000020000e8c        0x4 CMakeFiles/recovery.dir/pico/pico-sdk/src/rp2_common/pico_bit_ops/bit_ops_aeabi.S.obj
 .preinit_array.00020
                0x0000000020000e90        0x4 CMakeFiles/recovery.dir/pico/pico-sdk/src/rp2_common/pico_double/double_aeabi.S.obj
 .preinit_array.00020
                0x0000000020000e94        0x4 CMakeFiles/recovery.dir/pico/pico-sdk/src/rp2_common/pico_float/float_aeabi.S.obj
 *(.preinit_array)
                0x0000000020000e98                PROVIDE (__preinit_array_end = .)
                0x0000000020000e98                . = ALIGN (0x4)
                0x0000000020000e98                PROVIDE (__init_array_start = .)
 *(SORT_BY_NAME(.init_array.*))
 *(.init_array)
 .init_array    0x0000000020000e98        0x4 /usr/lib/gcc/arm-none-eabi/10.3.1/thumb/v6-m/nofp/crtbegin.o
 .init_array    0x0000000020000e9c        0x4 CMakeFiles/recovery.dir/pico/pico-sdk/src/rp2_common/pico_unique_id/unique_id.c.obj
                0x0000000020000ea0                PROVIDE (__init_array_end = .)
                0x0000000020000ea0                . = ALIGN (0x4)
                0x0000000020000ea0                PROVIDE (__fini_array_start = .)
 *(SORT_BY_NAME(.fini_array.*))
 *(.fini_array)
                0x0000000020000ea0                PROVIDE (__fini_array_end = .)
 *(.jcr)
                0x0000000020000ea0                . = ALIGN (0x4)
                0x0000000020000ea0                __data_end__ = .

.tm_clone_table
                0x0000000020000ea0        0x0 load address 0x000000001000b580
 .tm_clone_table
                0x0000000020000ea0        0x0 /usr/lib/gcc/arm-none-eabi/10.3.1/thumb/v6-m/nofp/crtbegin.o
 .tm_clone_table
                0x0000000020000ea0        0x0 /usr/lib/gcc/arm-none-eabi/10.3.1/thumb/v6-m/nofp/crtend.o

.igot.plt       0x0000000020000ea0        0x0 load address 0x000000001000b580
 .igot.plt      0x0000000020000ea0        0x0 /usr/lib/gcc/arm-none-eabi/10.3.1/thumb/v6-m/nofp/crtbegin.o

.uninitialized_data
                0x0000000020000ea0        0x0 load address 0x000000001000b580
                0x0000000020000ea0                . = ALIGN (0x4)
 *(.uninitialized_data*)

.scratch_x      0x0000000020040000        0x0 load address 0x000000001000b580
                0x0000000020040000                __scratch_x_start__ = .
 *(.scratch_x.*)
                0x0000000020040000                . = ALIGN (0x4)
                0x0000000020040000                __scratch_x_end__ = .
                0x000000001000b580                __scratch_x_source__ = LOADADDR (.scratch_x)

.scratch_y      0x0000000020041000        0x0 load address 0x000000001000b580
                0x0000000020041000                __scratch_y_start__ = .
 *(.scratch_y.*)
                0x0000000020041000                . = ALIGN (0x4)
                0x0000000020041000                __scratch_y_end__ = .
                0x000000001000b580                __scratch_y_source__ = LOADADDR (.scratch_y)

.bss            0x0000000020000ea0      0xeb8
                0x0000000020000ea0                . = ALIGN (0x4)
                0x0000000020000ea0                __bss_start__ = .
 *(SORT_BY_ALIGNMENT(SORT_BY_NAME(.bss*)))
 .bss.default_alarm_pool_entries
                0x0000000020000ea0      0x100 CMakeFiles/recovery.dir/pico/pico-sdk/src/common/pico_time/time.c.obj
 .bss.endTimeAPRS
                0x0000000020000fa0        0x8 CMakeFiles/recovery.dir/aprs.c.obj
                0x0000000020000fa0                endTimeAPRS
 .bss.last_avail_time.1
                0x0000000020000fa8        0x8 CMakeFiles/recovery.dir/pico/pico-sdk/src/rp2_common/pico_stdio_usb/stdio_usb.c.obj
 .bss.sd_table  0x0000000020000fb0      0x100 CMakeFiles/recovery.dir/pico/pico-sdk/src/rp2_common/pico_double/double_init_rom.c.obj
                0x0000000020000fb0                sd_table
 .bss.sf_table  0x00000000200010b0      0x100 CMakeFiles/recovery.dir/pico/pico-sdk/src/rp2_common/pico_float/float_init_rom.c.obj
                0x00000000200010b0                sf_table
 .bss           0x00000000200011b0       0x1c /usr/lib/gcc/arm-none-eabi/10.3.1/thumb/v6-m/nofp/crtbegin.o
 .bss._app_driver
                0x00000000200011cc        0x4 CMakeFiles/recovery.dir/pico/pico-sdk/lib/tinyusb/src/device/usbd.c.obj
 .bss._cdcd_itf
                0x00000000200011d0      0x2d8 CMakeFiles/recovery.dir/pico/pico-sdk/lib/tinyusb/src/class/cdc/cdc_device.c.obj
 .bss._ctrl_xfer
                0x00000000200014a8       0x14 CMakeFiles/recovery.dir/pico/pico-sdk/lib/tinyusb/src/device/usbd_control.c.obj
 .bss._ubsd_mutexdef
                0x00000000200014bc        0x8 CMakeFiles/recovery.dir/pico/pico-sdk/lib/tinyusb/src/device/usbd.c.obj
 .bss._usbd_ctrl_buf
                0x00000000200014c4       0x40 CMakeFiles/recovery.dir/pico/pico-sdk/lib/tinyusb/src/device/usbd_control.c.obj
 .bss._usbd_dev
                0x0000000020001504       0x53 CMakeFiles/recovery.dir/pico/pico-sdk/lib/tinyusb/src/device/usbd.c.obj
 *fill*         0x0000000020001557        0x1 
 .bss._usbd_mutex
                0x0000000020001558        0x4 CMakeFiles/recovery.dir/pico/pico-sdk/lib/tinyusb/src/device/usbd.c.obj
 .bss._usbd_q   0x000000002000155c        0x4 CMakeFiles/recovery.dir/pico/pico-sdk/lib/tinyusb/src/device/usbd.c.obj
 .bss._usbd_qdef_buf
                0x0000000020001560       0xc0 CMakeFiles/recovery.dir/pico/pico-sdk/lib/tinyusb/src/device/usbd.c.obj
                0x0000000020001560                _usbd_qdef_buf
 .bss._used_instruction_space
                0x0000000020001620        0x8 CMakeFiles/recovery.dir/pico/pico-sdk/src/rp2_common/hardware_pio/pio.c.obj
 .bss.alarm_callbacks
                0x0000000020001628       0x10 CMakeFiles/recovery.dir/pico/pico-sdk/src/rp2_common/hardware_timer/timer.c.obj
 .bss.aprs_pyld
                0x0000000020001638       0x1b CMakeFiles/recovery.dir/aprs.c.obj
                0x0000000020001638                aprs_pyld
 *fill*         0x0000000020001653        0x1 
 .bss.boot2_copyout
                0x0000000020001654      0x100 CMakeFiles/recovery.dir/pico/pico-sdk/src/rp2_common/hardware_flash/flash.c.obj
 .bss.buffer    0x0000000020001754      0x100 CMakeFiles/recovery.dir/aprs.c.obj
                0x0000000020001754                buffer
 .bss.claimed   0x0000000020001854        0x4 CMakeFiles/recovery.dir/pico/pico-sdk/src/rp2_common/hardware_sync/sync.c.obj
 .bss.configured_freq
                0x0000000020001858       0x28 CMakeFiles/recovery.dir/pico/pico-sdk/src/rp2_common/hardware_clocks/clocks.c.obj
 .bss.default_alarm_pool_entry_ids_high
                0x0000000020001880       0x10 CMakeFiles/recovery.dir/pico/pico-sdk/src/common/pico_time/time.c.obj
 .bss.default_alarm_pool_heap_nodes
                0x0000000020001890       0x30 CMakeFiles/recovery.dir/pico/pico-sdk/src/common/pico_time/time.c.obj
 .bss.desc_str.0
                0x00000000200018c0       0x28 CMakeFiles/recovery.dir/pico/pico-sdk/src/rp2_common/pico_stdio_usb/stdio_usb_descriptors.c.obj
 .bss.drivers   0x00000000200018e8        0x4 CMakeFiles/recovery.dir/pico/pico-sdk/src/rp2_common/pico_stdio/stdio.c.obj
 .bss.filter    0x00000000200018ec        0x4 CMakeFiles/recovery.dir/pico/pico-sdk/src/rp2_common/pico_stdio/stdio.c.obj
 .bss.hw_endpoints
                0x00000000200018f0      0x400 CMakeFiles/recovery.dir/pico/pico-sdk/lib/tinyusb/src/portable/raspberrypi/rp2040/dcd_rp2040.c.obj
 .bss.lazy_vsnprintf
                0x0000000020001cf0        0x4 CMakeFiles/recovery.dir/pico/pico-sdk/src/rp2_common/pico_printf/printf.c.obj
 .bss.load_value
                0x0000000020001cf4        0x4 CMakeFiles/recovery.dir/pico/pico-sdk/src/rp2_common/hardware_watchdog/watchdog.c.obj
 .bss.next_buffer_ptr
                0x0000000020001cf8        0x4 CMakeFiles/recovery.dir/pico/pico-sdk/lib/tinyusb/src/portable/raspberrypi/rp2040/dcd_rp2040.c.obj
 .bss.pools     0x0000000020001cfc       0x10 CMakeFiles/recovery.dir/pico/pico-sdk/src/common/pico_time/time.c.obj
 .bss.retrieved_id
                0x0000000020001d0c        0x8 CMakeFiles/recovery.dir/pico/pico-sdk/src/rp2_common/pico_unique_id/unique_id.c.obj
 .bss.sf_clz_func
                0x0000000020001d14        0x4 CMakeFiles/recovery.dir/pico/pico-sdk/src/rp2_common/pico_double/double_init_rom.c.obj
                0x0000000020001d14                sf_clz_func
 .bss.sleep_notifier
                0x0000000020001d18        0x4 CMakeFiles/recovery.dir/pico/pico-sdk/src/common/pico_time/time.c.obj
 .bss.stdio_usb_mutex
                0x0000000020001d1c        0x8 CMakeFiles/recovery.dir/pico/pico-sdk/src/rp2_common/pico_stdio_usb/stdio_usb.c.obj
 .bss.target_hi
                0x0000000020001d24       0x10 CMakeFiles/recovery.dir/pico/pico-sdk/src/rp2_common/hardware_timer/timer.c.obj
 .bss.uart_char_to_line_feed
                0x0000000020001d34        0x4 CMakeFiles/recovery.dir/pico/pico-sdk/src/rp2_common/hardware_uart/uart.c.obj
                0x0000000020001d34                uart_char_to_line_feed
 .bss.usbd_serial_str
                0x0000000020001d38       0x11 CMakeFiles/recovery.dir/pico/pico-sdk/src/rp2_common/pico_stdio_usb/stdio_usb_descriptors.c.obj
 *fill*         0x0000000020001d49        0x3 
 .bss.user_irq_claimed
                0x0000000020001d4c        0x2 CMakeFiles/recovery.dir/pico/pico-sdk/src/rp2_common/hardware_irq/irq.c.obj
 .bss._app_driver_count
                0x0000000020001d4e        0x1 CMakeFiles/recovery.dir/pico/pico-sdk/lib/tinyusb/src/device/usbd.c.obj
 .bss._usbd_initialized
                0x0000000020001d4f        0x1 CMakeFiles/recovery.dir/pico/pico-sdk/lib/tinyusb/src/device/usbd.c.obj
 .bss.boot2_copyout_valid
                0x0000000020001d50        0x1 CMakeFiles/recovery.dir/pico/pico-sdk/src/rp2_common/hardware_flash/flash.c.obj
 .bss.buffer_index
                0x0000000020001d51        0x1 CMakeFiles/recovery.dir/aprs.c.obj
                0x0000000020001d51                buffer_index
 .bss.claimed   0x0000000020001d52        0x1 CMakeFiles/recovery.dir/pico/pico-sdk/src/rp2_common/hardware_timer/timer.c.obj
 .bss.claimed   0x0000000020001d53        0x1 CMakeFiles/recovery.dir/pico/pico-sdk/src/rp2_common/hardware_pio/pio.c.obj
 .bss.irq_hander_chain_free_slot_head
                0x0000000020001d54        0x1 CMakeFiles/recovery.dir/pico/pico-sdk/src/rp2_common/hardware_irq/irq.c.obj
 .bss.itf_num   0x0000000020001d55        0x1 CMakeFiles/recovery.dir/pico/pico-sdk/src/rp2_common/pico_stdio_usb/reset_interface.c.obj
 .bss.low_priority_irq_num
                0x0000000020001d56        0x1 CMakeFiles/recovery.dir/pico/pico-sdk/src/rp2_common/pico_stdio_usb/stdio_usb.c.obj
 .bss.timer_callbacks_pending
                0x0000000020001d57        0x1 CMakeFiles/recovery.dir/pico/pico-sdk/src/rp2_common/hardware_timer/timer.c.obj
 *(COMMON)
                0x0000000020001d58                . = ALIGN (0x4)
                0x0000000020001d58                __bss_end__ = .

.heap           0x0000000020001d58      0x800
                0x0000000020001d58                __end__ = .
                0x0000000020001d58                end = __end__
 *(.heap*)
 .heap          0x0000000020001d58      0x800 CMakeFiles/recovery.dir/pico/pico-sdk/src/rp2_common/pico_standard_link/crt0.S.obj
                0x0000000020002558                __HeapLimit = .

.stack1_dummy   0x0000000020040000        0x0
 *(.stack1*)

.stack_dummy    0x0000000020041000      0x800
 *(.stack*)
 .stack         0x0000000020041000      0x800 CMakeFiles/recovery.dir/pico/pico-sdk/src/rp2_common/pico_standard_link/crt0.S.obj

.flash_end      0x000000001000b580        0x0
                0x000000001000b580                __flash_binary_end = .
                0x0000000020040000                __StackLimit = (ORIGIN (RAM) + LENGTH (RAM))
                0x0000000020041000                __StackOneTop = (ORIGIN (SCRATCH_X) + LENGTH (SCRATCH_X))
                0x0000000020042000                __StackTop = (ORIGIN (SCRATCH_Y) + LENGTH (SCRATCH_Y))
                0x0000000020041000                __StackOneBottom = (__StackOneTop - SIZEOF (.stack1_dummy))
                0x0000000020041800                __StackBottom = (__StackTop - SIZEOF (.stack_dummy))
                0x0000000020042000                PROVIDE (__stack = __StackTop)
                0x0000000000000001                ASSERT ((__StackLimit >= __HeapLimit), region RAM overflowed)
                0x0000000000000001                ASSERT (((__binary_info_header_end - __logical_binary_start) <= 0x100), Binary info must be in first 256 bytes of the binary)
LOAD CMakeFiles/recovery.dir/main.c.obj
LOAD CMakeFiles/recovery.dir/aprs.c.obj
LOAD CMakeFiles/recovery.dir/vhf.c.obj
LOAD CMakeFiles/recovery.dir/gps.c.obj
LOAD CMakeFiles/recovery.dir/tag.c.obj
LOAD CMakeFiles/recovery.dir/minmea.c.obj
LOAD CMakeFiles/recovery.dir/sleep.c.obj
LOAD CMakeFiles/recovery.dir/pico/pico-sdk/src/rp2_common/pico_stdlib/stdlib.c.obj
LOAD CMakeFiles/recovery.dir/pico/pico-sdk/src/rp2_common/hardware_gpio/gpio.c.obj
LOAD CMakeFiles/recovery.dir/pico/pico-sdk/src/rp2_common/hardware_claim/claim.c.obj
LOAD CMakeFiles/recovery.dir/pico/pico-sdk/src/rp2_common/pico_platform/platform.c.obj