Archive member included to satisfy reference by file (symbol)

/usr/lib/gcc/arm-none-eabi/10.3.1/thumb/v6-m/nofp/libgcc.a(_dvmd_tls.o)
                              CMakeFiles/swarm.dir/pico/pico-sdk/src/rp2_common/pico_divider/divider.S.obj (__aeabi_idiv0)
/usr/lib/gcc/arm-none-eabi/10.3.1/../../../arm-none-eabi/lib/thumb/v6-m/nofp/libc.a(lib_a-atexit.o)
                              /usr/lib/gcc/arm-none-eabi/10.3.1/../../../arm-none-eabi/lib/thumb/v6-m/nofp/crt0.o (atexit)
/usr/lib/gcc/arm-none-eabi/10.3.1/../../../arm-none-eabi/lib/thumb/v6-m/nofp/libc.a(lib_a-atof.o)
                              CMakeFiles/swarm.dir/swarm.c.obj (atof)
/usr/lib/gcc/arm-none-eabi/10.3.1/../../../arm-none-eabi/lib/thumb/v6-m/nofp/libc.a(lib_a-atoi.o)
                              CMakeFiles/swarm.dir/swarm.c.obj (atoi)
/usr/lib/gcc/arm-none-eabi/10.3.1/../../../arm-none-eabi/lib/thumb/v6-m/nofp/libc.a(lib_a-calloc.o)
                              CMakeFiles/swarm.dir/pico/pico-sdk/src/rp2_common/pico_malloc/pico_malloc.c.obj (calloc)
/usr/lib/gcc/arm-none-eabi/10.3.1/../../../arm-none-eabi/lib/thumb/v6-m/nofp/libc.a(lib_a-callocr.o)
                              /usr/lib/gcc/arm-none-eabi/10.3.1/../../../arm-none-eabi/lib/thumb/v6-m/nofp/libc.a(lib_a-calloc.o) (_calloc_r)
/usr/lib/gcc/arm-none-eabi/10.3.1/../../../arm-none-eabi/lib/thumb/v6-m/nofp/libc.a(lib_a-fini.o)
                              /usr/lib/gcc/arm-none-eabi/10.3.1/../../../arm-none-eabi/lib/thumb/v6-m/nofp/crt0.o (__libc_fini_array)
/usr/lib/gcc/arm-none-eabi/10.3.1/../../../arm-none-eabi/lib/thumb/v6-m/nofp/libc.a(lib_a-impure.o)
                              /usr/lib/gcc/arm-none-eabi/10.3.1/../../../arm-none-eabi/lib/thumb/v6-m/nofp/libc.a(lib_a-calloc.o) (_impure_ptr)
/usr/lib/gcc/arm-none-eabi/10.3.1/../../../arm-none-eabi/lib/thumb/v6-m/nofp/libc.a(lib_a-init.o)
                              /usr/lib/gcc/arm-none-eabi/10.3.1/../../../arm-none-eabi/lib/thumb/v6-m/nofp/crt0.o (__libc_init_array)
/usr/lib/gcc/arm-none-eabi/10.3.1/../../../arm-none-eabi/lib/thumb/v6-m/nofp/libc.a(lib_a-malloc.o)
                              CMakeFiles/swarm.dir/pico/pico-sdk/src/rp2_common/pico_malloc/pico_malloc.c.obj (malloc)
/usr/lib/gcc/arm-none-eabi/10.3.1/../../../arm-none-eabi/lib/thumb/v6-m/nofp/libc.a(lib_a-mallocr.o)
                              /usr/lib/gcc/arm-none-eabi/10.3.1/../../../arm-none-eabi/lib/thumb/v6-m/nofp/libc.a(lib_a-callocr.o) (_malloc_r)
/usr/lib/gcc/arm-none-eabi/10.3.1/../../../arm-none-eabi/lib/thumb/v6-m/nofp/libc.a(lib_a-mktime.o)
                              CMakeFiles/swarm.dir/swarm.c.obj (mktime)
/usr/lib/gcc/arm-none-eabi/10.3.1/../../../arm-none-eabi/lib/thumb/v6-m/nofp/libc.a(lib_a-mlock.o)
                              /usr/lib/gcc/arm-none-eabi/10.3.1/../../../arm-none-eabi/lib/thumb/v6-m/nofp/libc.a(lib_a-mallocr.o) (__malloc_lock)
/usr/lib/gcc/arm-none-eabi/10.3.1/../../../arm-none-eabi/lib/thumb/v6-m/nofp/libc.a(lib_a-realloc.o)
                              CMakeFiles/swarm.dir/pico/pico-sdk/src/rp2_common/pico_malloc/pico_malloc.c.obj (realloc)
/usr/lib/gcc/arm-none-eabi/10.3.1/../../../arm-none-eabi/lib/thumb/v6-m/nofp/libc.a(lib_a-reallocr.o)
                              /usr/lib/gcc/arm-none-eabi/10.3.1/../../../arm-none-eabi/lib/thumb/v6-m/nofp/libc.a(lib_a-realloc.o) (_realloc_r)
/usr/lib/gcc/arm-none-eabi/10.3.1/../../../arm-none-eabi/lib/thumb/v6-m/nofp/libc.a(lib_a-sbrkr.o)
                              /usr/lib/gcc/arm-none-eabi/10.3.1/../../../arm-none-eabi/lib/thumb/v6-m/nofp/libc.a(lib_a-mallocr.o) (_sbrk_r)
/usr/lib/gcc/arm-none-eabi/10.3.1/../../../arm-none-eabi/lib/thumb/v6-m/nofp/libc.a(lib_a-strftime.o)
                              CMakeFiles/swarm.dir/swarm.c.obj (strftime)
/usr/lib/gcc/arm-none-eabi/10.3.1/../../../arm-none-eabi/lib/thumb/v6-m/nofp/libc.a(lib_a-strlen-stub.o)
                              CMakeFiles/swarm.dir/aprs.c.obj (strlen)
/usr/lib/gcc/arm-none-eabi/10.3.1/../../../arm-none-eabi/lib/thumb/v6-m/nofp/libc.a(lib_a-strtod.o)
                              /usr/lib/gcc/arm-none-eabi/10.3.1/../../../arm-none-eabi/lib/thumb/v6-m/nofp/libc.a(lib_a-atof.o) (strtod)
/usr/lib/gcc/arm-none-eabi/10.3.1/../../../arm-none-eabi/lib/thumb/v6-m/nofp/libc.a(lib_a-strtol.o)
                              /usr/lib/gcc/arm-none-eabi/10.3.1/../../../arm-none-eabi/lib/thumb/v6-m/nofp/libc.a(lib_a-atoi.o) (_strtol_r)
/usr/lib/gcc/arm-none-eabi/10.3.1/../../../arm-none-eabi/lib/thumb/v6-m/nofp/libc.a(lib_a-strtoul.o)
                              /usr/lib/gcc/arm-none-eabi/10.3.1/../../../arm-none-eabi/lib/thumb/v6-m/nofp/libc.a(lib_a-strftime.o) (strtoul)
/usr/lib/gcc/arm-none-eabi/10.3.1/../../../arm-none-eabi/lib/thumb/v6-m/nofp/libc.a(lib_a-timelocal.o)
                              /usr/lib/gcc/arm-none-eabi/10.3.1/../../../arm-none-eabi/lib/thumb/v6-m/nofp/libc.a(lib_a-strftime.o) (_C_time_locale)
[...]
Memory Configuration

Name             Origin             Length             Attributes
FLASH            0x0000000010000000 0x0000000000200000 xr
RAM              0x0000000020000000 0x0000000000040000 xrw
SCRATCH_X        0x0000000020040000 0x0000000000001000 xrw
SCRATCH_Y        0x0000000020041000 0x0000000000001000 xrw
*default*        0x0000000000000000 0xffffffffffffffff

Linker script and memory map

LOAD /usr/lib/gcc/arm-none-eabi/10.3.1/thumb/v6-m/nofp/crti.o
LOAD /usr/lib/gcc/arm-none-eabi/10.3.1/thumb/v6-m/nofp/crtbegin.o
LOAD /usr/lib/gcc/arm-none-eabi/10.3.1/../../../arm-none-eabi/lib/thumb/v6-m/nofp/crt0.o

.flash_begin    0x0000000010000000        0x0
                0x0000000010000000                __flash_binary_start = .

.boot2          0x0000000010000000      0x100
                0x0000000010000000                __boot2_start__ = .
 *(.boot2)
 .boot2         0x0000000010000000      0x100 /tmp/ccPXFIfo.o
                0x0000000010000100                __boot2_end__ = .
                0x0000000000000001                ASSERT (((__boot2_end__ - __boot2_start__) == 0x100), ERROR: Pico second stage bootloader must be 256 bytes in size)

.text           0x0000000010000100    0x10d90
                0x0000000010000100                __logical_binary_start = .
 *(.vectors)
 .vectors       0x0000000010000100       0xd4 CMakeFiles/swarm.dir/pico/pico-sdk/src/rp2_common/pico_standard_link/crt0.S.obj
                0x0000000010000100                __vectors
                0x0000000010000100                __VECTOR_TABLE
                0x00000000100001c0                isr_invalid
                0x00000000100001c0                __default_isrs_start
                0x00000000100001c2                isr_nmi
                0x00000000100001c4                isr_hardfault
                0x00000000100001c6                isr_svcall
                0x00000000100001c8                isr_pendsv
                0x00000000100001ca                isr_systick
                0x00000000100001cc                isr_irq30
                0x00000000100001cc                __unhandled_user_irq
                0x00000000100001cc                isr_irq13
                0x00000000100001cc                isr_irq27
                0x00000000100001cc                isr_irq31
                0x00000000100001cc                isr_irq5
                0x00000000100001cc                isr_irq11
                0x00000000100001cc                isr_irq23
                0x00000000100001cc                isr_irq18
                0x00000000100001cc                isr_irq28
                0x00000000100001cc                isr_irq19
                0x00000000100001cc                isr_irq0
                0x00000000100001cc                isr_irq6
                0x00000000100001cc                isr_irq22
                0x00000000100001cc                isr_irq17
                0x00000000100001cc                isr_irq14
                0x00000000100001cc                isr_irq2
                0x00000000100001cc                isr_irq10
                0x00000000100001cc                isr_irq8
                0x00000000100001cc                isr_irq24
                0x00000000100001cc                isr_irq1
                0x00000000100001cc                isr_irq7
                0x00000000100001cc                isr_irq21
                0x00000000100001cc                isr_irq20
                0x00000000100001cc                isr_irq15
                0x00000000100001cc                isr_irq25
                0x00000000100001cc                isr_irq4
                0x00000000100001cc                isr_irq16
                0x00000000100001cc                isr_irq29
                0x00000000100001cc                isr_irq26
                0x00000000100001cc                __default_isrs_end
                0x00000000100001cc                isr_irq3
                0x00000000100001cc                isr_irq12
                0x00000000100001cc                isr_irq9
                0x00000000100001d2                unhandled_user_irq_num_in_r0
 *(.binary_info_header)
 .binary_info_header
                0x00000000100001d4       0x14 CMakeFiles/swarm.dir/pico/pico-sdk/src/rp2_common/pico_standard_link/crt0.S.obj
                0x00000000100001e8                __binary_info_header_end = .
 *(.reset)
 .reset         0x00000000100001e8       0xa8 CMakeFiles/swarm.dir/pico/pico-sdk/src/rp2_common/pico_standard_link/crt0.S.obj
                0x00000000100001e8                _entry_point
                0x0000000010000266                __get_current_exception
 .reset         0x0000000010000290       0x30 CMakeFiles/swarm.dir/pico/pico-sdk/src/rp2_common/pico_standard_link/binary_info.c.obj
 *(.init)
 .init          0x00000000100002c0        0x4 /usr/lib/gcc/arm-none-eabi/10.3.1/thumb/v6-m/nofp/crti.o
                0x00000000100002c0                _init
 *(EXCLUDE_FILE(*libm.a: *libc.a:*lib_a-mem*.o *libgcc.a:) .text*)
 .text          0x00000000100002c4       0x98 /usr/lib/gcc/arm-none-eabi/10.3.1/thumb/v6-m/nofp/crtbegin.o
 .text.setup    0x000000001000035c      0x114 CMakeFiles/swarm.dir/main.c.obj
                0x000000001000035c                setup
 .text.startup.main
                0x0000000010000470      0x12c CMakeFiles/swarm.dir/main.c.obj
                0x0000000010000470                main
 .text.sendCharNRZI.constprop.1
                0x000000001000059c      0x2e8 CMakeFiles/swarm.dir/aprs.c.obj
 .text.setPayload
                0x0000000010000884      0x1d8 CMakeFiles/swarm.dir/aprs.c.obj
                0x0000000010000884                setPayload
 .text.sendHeader
                0x0000000010000a5c      0x100 CMakeFiles/swarm.dir/aprs.c.obj
                0x0000000010000a5c                sendHeader
 .text.sendPacket
                0x0000000010000b5c      0x570 CMakeFiles/swarm.dir/aprs.c.obj
                0x0000000010000b5c                sendPacket
 .text.configureAPRS
                0x00000000100010cc       0x64 CMakeFiles/swarm.dir/aprs.c.obj
                0x00000000100010cc                configureAPRS
 .text.describeConfig
                0x0000000010001130        0x8 CMakeFiles/swarm.dir/aprs.c.obj
                0x0000000010001130                describeConfig
 .text.setOutput
                0x0000000010001138       0x14 CMakeFiles/swarm.dir/vhf.c.obj
                0x0000000010001138                setOutput
 .text.configureDra818v
                0x000000001000114c      0x20c CMakeFiles/swarm.dir/vhf.c.obj
                0x000000001000114c                configureDra818v
 .text.setPttState
                0x0000000010001358       0x14 CMakeFiles/swarm.dir/vhf.c.obj
                0x0000000010001358                setPttState
 .text.setVhfState
                0x000000001000136c       0x14 CMakeFiles/swarm.dir/vhf.c.obj
                0x000000001000136c                setVhfState
 .text.configureVHF
                0x0000000010001380       0x70 CMakeFiles/swarm.dir/vhf.c.obj
                0x0000000010001380                configureVHF
 .text.pinDescribe
                0x00000000100013f0        0x4 CMakeFiles/swarm.dir/vhf.c.obj
                0x00000000100013f0                pinDescribe
 .text.writeToModem
                0x00000000100013f4       0xf4 CMakeFiles/swarm.dir/swarm.c.obj
                0x00000000100013f4                writeToModem
 .text.storeGpsData
                0x00000000100014e8      0x20c CMakeFiles/swarm.dir/swarm.c.obj
                0x00000000100014e8                storeGpsData
 .text.storeDTData
                0x00000000100016f4       0xf0 CMakeFiles/swarm.dir/swarm.c.obj
                0x00000000100016f4                storeDTData
 .text.storeQCount
                0x00000000100017e4       0xc4 CMakeFiles/swarm.dir/swarm.c.obj
                0x00000000100017e4                storeQCount
 .text.parseModemOutput
                0x00000000100018a8       0xbc CMakeFiles/swarm.dir/swarm.c.obj
                0x00000000100018a8                parseModemOutput
 .text.readFromModem
                0x0000000010001964       0x7c CMakeFiles/swarm.dir/swarm.c.obj
                0x0000000010001964                readFromModem
 .text.swarmBootSequence
                0x00000000100019e0      0x15c CMakeFiles/swarm.dir/swarm.c.obj
                0x00000000100019e0                swarmBootSequence
 .text.swarmInit
                0x0000000010001b3c       0xa8 CMakeFiles/swarm.dir/swarm.c.obj
                0x0000000010001b3c                swarmInit
 .text.getPos   0x0000000010001be4       0x10 CMakeFiles/swarm.dir/swarm.c.obj
                0x0000000010001be4                getPos
 .text.getACS   0x0000000010001bf4       0x10 CMakeFiles/swarm.dir/swarm.c.obj
                0x0000000010001bf4                getACS
 .text.getLastPDtBufs
                0x0000000010001c04       0x2c CMakeFiles/swarm.dir/swarm.c.obj
                0x0000000010001c04                getLastPDtBufs
 .text.writeGpsToTag
                0x0000000010001c30       0xf0 CMakeFiles/swarm.dir/tag.c.obj
                0x0000000010001c30                writeGpsToTag
 .text.initTagComm
                0x0000000010001d20       0x28 CMakeFiles/swarm.dir/tag.c.obj
                0x0000000010001d20                initTagComm
 .text.gpio_set_function
                0x0000000010001d48       0x30 CMakeFiles/swarm.dir/pico/pico-sdk/src/rp2_common/hardware_gpio/gpio.c.obj
                0x0000000010001d48                gpio_set_function
 .text.gpio_init
                0x0000000010001d78       0x3c CMakeFiles/swarm.dir/pico/pico-sdk/src/rp2_common/hardware_gpio/gpio.c.obj
                0x0000000010001d78                gpio_init
 .text.gpio_init_mask
                0x0000000010001db4       0x68 CMakeFiles/swarm.dir/pico/pico-sdk/src/rp2_common/hardware_gpio/gpio.c.obj
                0x0000000010001db4                gpio_init_mask
 .text.hw_claim_lock
                0x0000000010001e1c       0x18 CMakeFiles/swarm.dir/pico/pico-sdk/src/rp2_common/hardware_claim/claim.c.obj
                0x0000000010001e1c                hw_claim_lock
 .text.hw_claim_unlock
                0x0000000010001e34       0x14 CMakeFiles/swarm.dir/pico/pico-sdk/src/rp2_common/hardware_claim/claim.c.obj
                0x0000000010001e34                hw_claim_unlock
 .text.hw_claim_or_assert
                0x0000000010001e48       0x44 CMakeFiles/swarm.dir/pico/pico-sdk/src/rp2_common/hardware_claim/claim.c.obj
                0x0000000010001e48                hw_claim_or_assert
 .text.hw_claim_unused_from_range
                0x0000000010001e8c       0x9c CMakeFiles/swarm.dir/pico/pico-sdk/src/rp2_common/hardware_claim/claim.c.obj
                0x0000000010001e8c                hw_claim_unused_from_range
 .text.hw_claim_clear
                0x0000000010001f28       0x38 CMakeFiles/swarm.dir/pico/pico-sdk/src/rp2_common/hardware_claim/claim.c.obj
                0x0000000010001f28                hw_claim_clear
 .text.running_on_fpga
                0x0000000010001f60       0x10 CMakeFiles/swarm.dir/pico/pico-sdk/src/rp2_common/pico_platform/platform.c.obj
                0x0000000010001f60                running_on_fpga
 .text.spin_locks_reset
                0x0000000010001f70       0x1c CMakeFiles/swarm.dir/pico/pico-sdk/src/rp2_common/hardware_sync/sync.c.obj
                0x0000000010001f70                spin_locks_reset
 .text.next_striped_spin_lock_num
                0x0000000010001f8c       0x18 CMakeFiles/swarm.dir/pico/pico-sdk/src/rp2_common/hardware_sync/sync.c.obj
                0x0000000010001f8c                next_striped_spin_lock_num
 .text.spin_lock_claim_unused
                0x0000000010001fa4       0x20 CMakeFiles/swarm.dir/pico/pico-sdk/src/rp2_common/hardware_sync/sync.c.obj
                0x0000000010001fa4                spin_lock_claim_unused
 .text.irq_set_enabled
                0x0000000010001fc4       0x24 CMakeFiles/swarm.dir/pico/pico-sdk/src/rp2_common/hardware_irq/irq.c.obj
                0x0000000010001fc4                irq_set_enabled
 .text.irq_set_pending
                0x0000000010001fe8       0x10 CMakeFiles/swarm.dir/pico/pico-sdk/src/rp2_common/hardware_irq/irq.c.obj
                0x0000000010001fe8                irq_set_pending
 .text.irq_has_shared_handler
                0x0000000010001ff8       0x2c CMakeFiles/swarm.dir/pico/pico-sdk/src/rp2_common/hardware_irq/irq.c.obj
                0x0000000010001ff8                irq_has_shared_handler
 .text.irq_get_vtable_handler
                0x0000000010002024       0x10 CMakeFiles/swarm.dir/pico/pico-sdk/src/rp2_common/hardware_irq/irq.c.obj
                0x0000000010002024                irq_get_vtable_handler
 .text.irq_set_exclusive_handler
                0x0000000010002034       0x54 CMakeFiles/swarm.dir/pico/pico-sdk/src/rp2_common/hardware_irq/irq.c.obj
                0x0000000010002034                irq_set_exclusive_handler
 .text.irq_add_shared_handler
                0x0000000010002088      0x1e4 CMakeFiles/swarm.dir/pico/pico-sdk/src/rp2_common/hardware_irq/irq.c.obj
                0x0000000010002088                irq_add_shared_handler
 .text.irq_remove_handler
                0x000000001000226c      0x1b4 CMakeFiles/swarm.dir/pico/pico-sdk/src/rp2_common/hardware_irq/irq.c.obj
                0x000000001000226c                irq_remove_handler
 .text.irq_add_tail_to_free_list
                0x0000000010002420       0xb4 CMakeFiles/swarm.dir/pico/pico-sdk/src/rp2_common/hardware_irq/irq.c.obj
                0x0000000010002420                irq_add_tail_to_free_list
 .text.irq_init_priorities
                0x00000000100024d4       0x24 CMakeFiles/swarm.dir/pico/pico-sdk/src/rp2_common/hardware_irq/irq.c.obj
                0x00000000100024d4                irq_init_priorities
 .text.user_irq_claim_unused
                0x00000000100024f8       0x30 CMakeFiles/swarm.dir/pico/pico-sdk/src/rp2_common/hardware_irq/irq.c.obj
                0x00000000100024f8                user_irq_claim_unused
 .text.lock_init
                0x0000000010002528       0x10 CMakeFiles/swarm.dir/pico/pico-sdk/src/common/pico_sync/lock_core.c.obj
                0x0000000010002528                lock_init
 .text.timer_pool_entry_comparator
                0x0000000010002538       0x34 CMakeFiles/swarm.dir/pico/pico-sdk/src/common/pico_time/time.c.obj
                0x0000000010002538                timer_pool_entry_comparator
 .text.sleep_until_callback
                0x000000001000256c       0x30 CMakeFiles/swarm.dir/pico/pico-sdk/src/common/pico_time/time.c.obj
 .text.add_alarm_under_lock.isra.0
                0x000000001000259c      0x100 CMakeFiles/swarm.dir/pico/pico-sdk/src/common/pico_time/time.c.obj
 .text.alarm_pool_alarm_callback
                0x000000001000269c      0x1c8 CMakeFiles/swarm.dir/pico/pico-sdk/src/common/pico_time/time.c.obj
 .text.alarm_pool_add_alarm_at.constprop.0
                0x0000000010002864      0x11c CMakeFiles/swarm.dir/pico/pico-sdk/src/common/pico_time/time.c.obj
 .text.alarm_pool_init_default
                0x0000000010002980       0x64 CMakeFiles/swarm.dir/pico/pico-sdk/src/common/pico_time/time.c.obj
                0x0000000010002980                alarm_pool_init_default
 .text.alarm_pool_get_default
                0x00000000100029e4        0x8 CMakeFiles/swarm.dir/pico/pico-sdk/src/common/pico_time/time.c.obj
                0x00000000100029e4                alarm_pool_get_default
 .text.alarm_pool_add_alarm_at
                0x00000000100029ec      0x194 CMakeFiles/swarm.dir/pico/pico-sdk/src/common/pico_time/time.c.obj
                0x00000000100029ec                alarm_pool_add_alarm_at
 .text.sleep_until
                0x0000000010002b80       0xac CMakeFiles/swarm.dir/pico/pico-sdk/src/common/pico_time/time.c.obj
                0x0000000010002b80                sleep_until
 .text.sleep_ms
                0x0000000010002c2c       0x38 CMakeFiles/swarm.dir/pico/pico-sdk/src/common/pico_time/time.c.obj
                0x0000000010002c2c                sleep_ms
 .text.best_effort_wfe_or_timeout
                0x0000000010002c64       0xd4 CMakeFiles/swarm.dir/pico/pico-sdk/src/common/pico_time/time.c.obj
                0x0000000010002c64                best_effort_wfe_or_timeout
 .text.hardware_alarm_irq_handler
                0x0000000010002d38       0xb8 CMakeFiles/swarm.dir/pico/pico-sdk/src/rp2_common/hardware_timer/timer.c.obj
 .text.hardware_alarm_claim
                0x0000000010002df0       0x18 CMakeFiles/swarm.dir/pico/pico-sdk/src/rp2_common/hardware_timer/timer.c.obj
                0x0000000010002df0                hardware_alarm_claim
 .text.time_us_64
                0x0000000010002e08       0x14 CMakeFiles/swarm.dir/pico/pico-sdk/src/rp2_common/hardware_timer/timer.c.obj
                0x0000000010002e08                time_us_64
 .text.busy_wait_us
                0x0000000010002e1c       0x54 CMakeFiles/swarm.dir/pico/pico-sdk/src/rp2_common/hardware_timer/timer.c.obj
                0x0000000010002e1c                busy_wait_us
 .text.busy_wait_until
                0x0000000010002e70       0x20 CMakeFiles/swarm.dir/pico/pico-sdk/src/rp2_common/hardware_timer/timer.c.obj
                0x0000000010002e70                busy_wait_until
 .text.hardware_alarm_set_callback
                0x0000000010002e90       0x8c CMakeFiles/swarm.dir/pico/pico-sdk/src/rp2_common/hardware_timer/timer.c.obj
                0x0000000010002e90                hardware_alarm_set_callback
 .text.hardware_alarm_set_target
                0x0000000010002f1c       0xe0 CMakeFiles/swarm.dir/pico/pico-sdk/src/rp2_common/hardware_timer/timer.c.obj
                0x0000000010002f1c                hardware_alarm_set_target
 .text.hardware_alarm_cancel
                0x0000000010002ffc       0x3c CMakeFiles/swarm.dir/pico/pico-sdk/src/rp2_common/hardware_timer/timer.c.obj
                0x0000000010002ffc                hardware_alarm_cancel
 .text.ph_merge_nodes
                0x0000000010003038       0x68 CMakeFiles/swarm.dir/pico/pico-sdk/src/common/pico_util/pheap.c.obj
 .text.ph_post_alloc_init
                0x00000000100030a0       0x3c CMakeFiles/swarm.dir/pico/pico-sdk/src/common/pico_util/pheap.c.obj
                0x00000000100030a0                ph_post_alloc_init
 .text.ph_merge_two_pass
                0x00000000100030dc       0x90 CMakeFiles/swarm.dir/pico/pico-sdk/src/common/pico_util/pheap.c.obj
                0x00000000100030dc                ph_merge_two_pass
 .text.ph_remove_any_head
                0x000000001000316c       0xf8 CMakeFiles/swarm.dir/pico/pico-sdk/src/common/pico_util/pheap.c.obj
 .text.ph_remove_head
                0x0000000010003264       0xfc CMakeFiles/swarm.dir/pico/pico-sdk/src/common/pico_util/pheap.c.obj
                0x0000000010003264                ph_remove_head
 .text.ph_remove_and_free_node
                0x0000000010003360       0x7c CMakeFiles/swarm.dir/pico/pico-sdk/src/common/pico_util/pheap.c.obj
                0x0000000010003360                ph_remove_and_free_node
 .text.mutex_init
                0x00000000100033dc       0x1c CMakeFiles/swarm.dir/pico/pico-sdk/src/common/pico_sync/mutex.c.obj
                0x00000000100033dc                mutex_init
 .text.recursive_mutex_init
                0x00000000100033f8       0x1c CMakeFiles/swarm.dir/pico/pico-sdk/src/common/pico_sync/mutex.c.obj
                0x00000000100033f8                recursive_mutex_init
 .text.critical_section_init
                0x0000000010003414       0x20 CMakeFiles/swarm.dir/pico/pico-sdk/src/common/pico_sync/critical_section.c.obj
                0x0000000010003414                critical_section_init
 .text.uart_init
                0x0000000010003434       0xe0 CMakeFiles/swarm.dir/pico/pico-sdk/src/rp2_common/hardware_uart/uart.c.obj
                0x0000000010003434                uart_init
 .text.runtime_init
                0x0000000010003514       0xf0 CMakeFiles/swarm.dir/pico/pico-sdk/src/rp2_common/pico_runtime/runtime.c.obj
                0x0000000010003514                runtime_init
 .text._sbrk    0x0000000010003604       0x34 CMakeFiles/swarm.dir/pico/pico-sdk/src/rp2_common/pico_runtime/runtime.c.obj
                0x0000000010003604                _sbrk
 .text.exit     0x0000000010003638        0x4 CMakeFiles/swarm.dir/pico/pico-sdk/src/rp2_common/pico_runtime/runtime.c.obj
                0x0000000010003638                exit
 .text.__assert_func
                0x000000001000363c       0x34 CMakeFiles/swarm.dir/pico/pico-sdk/src/rp2_common/pico_runtime/runtime.c.obj
                0x000000001000363c                __assert_func
 .text.panic    0x0000000010003670       0x30 CMakeFiles/swarm.dir/pico/pico-sdk/src/rp2_common/pico_runtime/runtime.c.obj
                0x0000000010003670                panic
 .text.hard_assertion_failure
                0x00000000100036a0        0xc CMakeFiles/swarm.dir/pico/pico-sdk/src/rp2_common/pico_runtime/runtime.c.obj
                0x00000000100036a0                hard_assertion_failure
 .text.clocks_init
                0x00000000100036ac      0x2bc CMakeFiles/swarm.dir/pico/pico-sdk/src/rp2_common/hardware_clocks/clocks.c.obj
                0x00000000100036ac                clocks_init
 .text.clock_get_hz
                0x0000000010003968        0xc CMakeFiles/swarm.dir/pico/pico-sdk/src/rp2_common/hardware_clocks/clocks.c.obj
                0x0000000010003968                clock_get_hz
 .text.pll_init
                0x0000000010003974       0xb0 CMakeFiles/swarm.dir/pico/pico-sdk/src/rp2_common/hardware_pll/pll.c.obj
                0x0000000010003974                pll_init
 .text.watchdog_start_tick
                0x0000000010003a24       0x10 CMakeFiles/swarm.dir/pico/pico-sdk/src/rp2_common/hardware_watchdog/watchdog.c.obj
                0x0000000010003a24                watchdog_start_tick
 .text.watchdog_reboot
                0x0000000010003a34       0x98 CMakeFiles/swarm.dir/pico/pico-sdk/src/rp2_common/hardware_watchdog/watchdog.c.obj
                0x0000000010003a34                watchdog_reboot
 .text.xosc_init
                0x0000000010003acc       0x28 CMakeFiles/swarm.dir/pico/pico-sdk/src/rp2_common/hardware_xosc/xosc.c.obj
                0x0000000010003acc                xosc_init
 .text._out_buffer
                0x0000000010003af4        0x8 CMakeFiles/swarm.dir/pico/pico-sdk/src/rp2_common/pico_printf/printf.c.obj
 .text._out_null
                0x0000000010003afc        0x4 CMakeFiles/swarm.dir/pico/pico-sdk/src/rp2_common/pico_printf/printf.c.obj
 .text._out_rev
                0x0000000010003b00       0x9c CMakeFiles/swarm.dir/pico/pico-sdk/src/rp2_common/pico_printf/printf.c.obj
 .text._ntoa_format
                0x0000000010003b9c      0x1cc CMakeFiles/swarm.dir/pico/pico-sdk/src/rp2_common/pico_printf/printf.c.obj
 .text._out_char
                0x0000000010003d68       0x10 CMakeFiles/swarm.dir/pico/pico-sdk/src/rp2_common/pico_printf/printf.c.obj
 .text._out_fct
                0x0000000010003d78       0x10 CMakeFiles/swarm.dir/pico/pico-sdk/src/rp2_common/pico_printf/printf.c.obj
 .text._etoa    0x0000000010003d88      0x44c CMakeFiles/swarm.dir/pico/pico-sdk/src/rp2_common/pico_printf/printf.c.obj
 .text._ftoa    0x00000000100041d4      0x398 CMakeFiles/swarm.dir/pico/pico-sdk/src/rp2_common/pico_printf/printf.c.obj
 .text._vsnprintf
                0x000000001000456c      0xb04 CMakeFiles/swarm.dir/pico/pico-sdk/src/rp2_common/pico_printf/printf.c.obj
 .text.__wrap_sprintf
                0x0000000010005070       0x28 CMakeFiles/swarm.dir/pico/pico-sdk/src/rp2_common/pico_printf/printf.c.obj
                0x0000000010005070                __wrap_sprintf
 .text.__wrap_snprintf
                0x0000000010005098       0x28 CMakeFiles/swarm.dir/pico/pico-sdk/src/rp2_common/pico_printf/printf.c.obj
                0x0000000010005098                __wrap_snprintf
 .text.vfctprintf
                0x00000000100050c0       0x20 CMakeFiles/swarm.dir/pico/pico-sdk/src/rp2_common/pico_printf/printf.c.obj
                0x00000000100050c0                vfctprintf
 .text.weak_raw_printf
                0x00000000100050e0       0x40 CMakeFiles/swarm.dir/pico/pico-sdk/src/rp2_common/pico_printf/printf.c.obj
                0x00000000100050e0                weak_raw_printf
 .text.weak_raw_vprintf
                0x0000000010005120       0x30 CMakeFiles/swarm.dir/pico/pico-sdk/src/rp2_common/pico_printf/printf.c.obj
                0x0000000010005120                weak_raw_vprintf
 .text          0x0000000010005150       0x10 CMakeFiles/swarm.dir/pico/pico-sdk/src/rp2_common/pico_bit_ops/bit_ops_aeabi.S.obj
 .text.ctzsi    0x0000000010005160        0xc CMakeFiles/swarm.dir/pico/pico-sdk/src/rp2_common/pico_bit_ops/bit_ops_aeabi.S.obj
                0x0000000010005160                __wrap___ctzsi2
 .text.rom_func_lookup
                0x000000001000516c       0x10 CMakeFiles/swarm.dir/pico/pico-sdk/src/rp2_common/pico_bootrom/bootrom.c.obj
                0x000000001000516c                rom_func_lookup
 .text.rom_data_lookup
                0x000000001000517c       0x10 CMakeFiles/swarm.dir/pico/pico-sdk/src/rp2_common/pico_bootrom/bootrom.c.obj
                0x000000001000517c                rom_data_lookup
 .text.rom_funcs_lookup
                0x000000001000518c       0x44 CMakeFiles/swarm.dir/pico/pico-sdk/src/rp2_common/pico_bootrom/bootrom.c.obj
                0x000000001000518c                rom_funcs_lookup
 .text.__wrap___aeabi_idiv
                0x00000000100051d0       0x50 CMakeFiles/swarm.dir/pico/pico-sdk/src/rp2_common/pico_divider/divider.S.obj
                0x00000000100051d0                __wrap___aeabi_idivmod
                0x00000000100051d0                divmod_s32s32
                0x00000000100051d0                div_s32s32
                0x00000000100051d0                __wrap___aeabi_idiv
                0x00000000100051d8                divmod_s32s32_unsafe
                0x0000000010005204                divmod_s32s32_savestate
 .text.__wrap___aeabi_uidiv
                0x0000000010005220       0x4c CMakeFiles/swarm.dir/pico/pico-sdk/src/rp2_common/pico_divider/divider.S.obj
                0x0000000010005220                __wrap___aeabi_uidiv
                0x0000000010005220                __wrap___aeabi_uidivmod
                0x0000000010005220                div_u32u32
                0x0000000010005220                divmod_u32u32
                0x0000000010005228                divmod_u32u32_unsafe
                0x0000000010005250                divmod_u32u32_savestate
 .text.__wrap___aeabi_ldiv
                0x000000001000526c      0x434 CMakeFiles/swarm.dir/pico/pico-sdk/src/rp2_common/pico_divider/divider.S.obj
                0x000000001000526c                div_s64s64
                0x000000001000526c                divmod_s64s64
                0x000000001000526c                __wrap___aeabi_ldivmod
                0x00000000100052a4                div_u64u64
                0x00000000100052a4                divmod_u64u64
                0x00000000100052a4                __wrap___aeabi_uldivmod
                0x00000000100052b4                divmod_u64u64_savestate
                0x00000000100052dc                divmod_s64s64_unsafe
                0x0000000010005364                divmod_u64u64_unsafe
 .text.__wrap___aeabi_darithmetic
                0x00000000100056a0       0x80 CMakeFiles/swarm.dir/pico/pico-sdk/src/rp2_common/pico_double/double_aeabi.S.obj
                0x00000000100056a0                __wrap___aeabi_drsub
                0x00000000100056a6                __wrap___aeabi_dsub
                0x00000000100056b8                __wrap___aeabi_dadd
                0x00000000100056ca                __wrap___aeabi_ddiv
                0x0000000010005706                __wrap___aeabi_dmul
 .text.__wrap___aeabi_cdcmple
                0x0000000010005720       0x6c CMakeFiles/swarm.dir/pico/pico-sdk/src/rp2_common/pico_double/double_aeabi.S.obj
                0x0000000010005720                __wrap___aeabi_cdrcmple
                0x0000000010005730                __wrap___aeabi_cdcmple
                0x0000000010005730                __wrap___aeabi_cdcmpeq
 .text.__wrap___aeabi_dcmpeq
                0x000000001000578c       0x10 CMakeFiles/swarm.dir/pico/pico-sdk/src/rp2_common/pico_double/double_aeabi.S.obj
                0x000000001000578c                __wrap___aeabi_dcmpeq
 .text.__wrap___aeabi_dcmplt
                0x000000001000579c        0xc CMakeFiles/swarm.dir/pico/pico-sdk/src/rp2_common/pico_double/double_aeabi.S.obj
                0x000000001000579c                __wrap___aeabi_dcmplt
 .text.__wrap___aeabi_dcmple
                0x00000000100057a8       0x10 CMakeFiles/swarm.dir/pico/pico-sdk/src/rp2_common/pico_double/double_aeabi.S.obj
                0x00000000100057a8                __wrap___aeabi_dcmple
 .text.__wrap___aeabi_dcmpge
                0x00000000100057b8       0x10 CMakeFiles/swarm.dir/pico/pico-sdk/src/rp2_common/pico_double/double_aeabi.S.obj
                0x00000000100057b8                __wrap___aeabi_dcmpge
 .text.__wrap___aeabi_dcmpgt
                0x00000000100057c8        0xa CMakeFiles/swarm.dir/pico/pico-sdk/src/rp2_common/pico_double/double_aeabi.S.obj
                0x00000000100057c8                __wrap___aeabi_dcmpgt
 .text.__wrap___aeabi_dcmpun
                0x00000000100057d2       0x1c CMakeFiles/swarm.dir/pico/pico-sdk/src/rp2_common/pico_double/double_aeabi.S.obj
                0x00000000100057d2                __wrap___aeabi_dcmpun
 *fill*         0x00000000100057ee        0x2 
 .text.__wrap___aeabi_i2d
                0x00000000100057f0       0x38 CMakeFiles/swarm.dir/pico/pico-sdk/src/rp2_common/pico_double/double_aeabi.S.obj
                0x00000000100057f0                __wrap___aeabi_ui2d
                0x00000000100057f8                __wrap___aeabi_i2d
 .text.__wrap___aeabi_d2iz
                0x0000000010005828       0x48 CMakeFiles/swarm.dir/pico/pico-sdk/src/rp2_common/pico_double/double_aeabi.S.obj
                0x0000000010005828                __wrap___aeabi_d2iz
                0x0000000010005828                double2int_z
 .text.__wrap___aeabi_d2uiz
                0x0000000010005870       0x18 CMakeFiles/swarm.dir/pico/pico-sdk/src/rp2_common/pico_double/double_aeabi.S.obj
                0x0000000010005870                double2uint
                0x0000000010005870                __wrap___aeabi_d2uiz
 .text.__wrap___aeabi_l2d
                0x0000000010005888       0x18 CMakeFiles/swarm.dir/pico/pico-sdk/src/rp2_common/pico_double/double_aeabi.S.obj
                0x0000000010005888                __wrap___aeabi_l2d
 .text.__wrap___aeabi_d2lz
                0x00000000100058a0       0x26 CMakeFiles/swarm.dir/pico/pico-sdk/src/rp2_common/pico_double/double_aeabi.S.obj
                0x00000000100058a0                __wrap___aeabi_d2lz
                0x00000000100058a0                double2int64_z
 *fill*         0x00000000100058c6        0x2 
 .text.double2int64
                0x00000000100058c8       0x18 CMakeFiles/swarm.dir/pico/pico-sdk/src/rp2_common/pico_double/double_aeabi.S.obj
                0x00000000100058c8                double2int64
 .text.double2ufix64
                0x00000000100058e0       0x18 CMakeFiles/swarm.dir/pico/pico-sdk/src/rp2_common/pico_double/double_aeabi.S.obj
                0x00000000100058e0                double2ufix64
 .text.__wrap___aeabi_d2f
                0x00000000100058f8       0x18 CMakeFiles/swarm.dir/pico/pico-sdk/src/rp2_common/pico_double/double_aeabi.S.obj
                0x00000000100058f8                __wrap___aeabi_d2f
 .text.__aeabi_double_init
                0x0000000010005910       0x94 CMakeFiles/swarm.dir/pico/pico-sdk/src/rp2_common/pico_double/double_init_rom.c.obj
                0x0000000010005910                __aeabi_double_init
 .text.__wrap_round
                0x00000000100059a4       0xa0 CMakeFiles/swarm.dir/pico/pico-sdk/src/rp2_common/pico_double/double_math.c.obj
                0x00000000100059a4                __wrap_round
 .text.double_table_shim_on_use_helper
                0x0000000010005a44       0x2c CMakeFiles/swarm.dir/pico/pico-sdk/src/rp2_common/pico_double/double_v1_rom_shim.S.obj
                0x0000000010005a44                double_table_shim_on_use_helper
 .text.__wrap___aeabi_dsub
                0x0000000010005a70       0x10 CMakeFiles/swarm.dir/pico/pico-sdk/src/rp2_common/pico_double/double_v1_rom_shim.S.obj
                0x0000000010005a70                drsub_shim
                0x0000000010005a76                dsub_shim
 .text.dadd_shim
                0x0000000010005a80      0x15c CMakeFiles/swarm.dir/pico/pico-sdk/src/rp2_common/pico_double/double_v1_rom_shim.S.obj
                0x0000000010005a80                dadd_shim
 .text.dmul_shim
                0x0000000010005bdc      0x15c CMakeFiles/swarm.dir/pico/pico-sdk/src/rp2_common/pico_double/double_v1_rom_shim.S.obj
                0x0000000010005bdc                dmul_shim
 .text.ddiv_shim
                0x0000000010005d38      0x1b0 CMakeFiles/swarm.dir/pico/pico-sdk/src/rp2_common/pico_double/double_v1_rom_shim.S.obj
                0x0000000010005d38                ddiv_shim
 .text.double2uint_shim
                0x0000000010005ee8        0xe CMakeFiles/swarm.dir/pico/pico-sdk/src/rp2_common/pico_double/double_v1_rom_shim.S.obj
                0x0000000010005ee8                double2uint_shim
                0x0000000010005eea                double2ufix_shim
 .text.double2int64_shim
                0x0000000010005ef6       0x1a CMakeFiles/swarm.dir/pico/pico-sdk/src/rp2_common/pico_double/double_v1_rom_shim.S.obj
                0x0000000010005ef6                double2int64_shim
                0x0000000010005ef8                double2fix64_shim
 .text.double2uint64_shim
                0x0000000010005f10       0x70 CMakeFiles/swarm.dir/pico/pico-sdk/src/rp2_common/pico_double/double_v1_rom_shim.S.obj
                0x0000000010005f10                double2uint64_shim
                0x0000000010005f12                double2ufix64_shim
                0x0000000010005f32                d2fix_a
 .text.double2float_shim
                0x0000000010005f80       0x5c CMakeFiles/swarm.dir/pico/pico-sdk/src/rp2_common/pico_double/double_v1_rom_shim.S.obj
                0x0000000010005f80                double2float_shim
 .text.x2double_shims
                0x0000000010005fdc       0x90 CMakeFiles/swarm.dir/pico/pico-sdk/src/rp2_common/pico_double/double_v1_rom_shim.S.obj
                0x0000000010005fdc                uint2double_shim
                0x0000000010005fde                ufix2double_shim
                0x0000000010005fe4                int2double_shim
                0x0000000010005fe6                fix2double_shim
                0x0000000010005fec                uint642double_shim
                0x0000000010005fee                ufix642double_shim
                0x0000000010005ff4                int642double_shim
                0x0000000010005ff6                fix642double_shim
 .text.dunpacks
                0x000000001000606c       0x3c CMakeFiles/swarm.dir/pico/pico-sdk/src/rp2_common/pico_double/double_v1_rom_shim.S.obj
                0x000000001000606c                dunpacks
 .text.__aeabi_lmul
                0x00000000100060a8       0x32 CMakeFiles/swarm.dir/pico/pico-sdk/src/rp2_common/pico_int64_ops/pico_int64_ops_aeabi.S.obj
                0x00000000100060a8                __wrap___aeabi_lmul
 *fill*         0x00000000100060da        0x2 
 .text.__wrap___aeabi_farithmetic
                0x00000000100060dc       0x48 CMakeFiles/swarm.dir/pico/pico-sdk/src/rp2_common/pico_float/float_aeabi.S.obj
                0x00000000100060dc                __wrap___aeabi_frsub
                0x00000000100060e2                __wrap___aeabi_fsub
                0x00000000100060e8                __wrap___aeabi_fadd
                0x00000000100060ee                __wrap___aeabi_fdiv
                0x0000000010006116                __wrap___aeabi_fmul
 .text.__wrap___aeabi_cfcmple
                0x0000000010006124       0x50 CMakeFiles/swarm.dir/pico/pico-sdk/src/rp2_common/pico_float/float_aeabi.S.obj
                0x0000000010006124                __wrap___aeabi_cfrcmple
                0x0000000010006130                __wrap___aeabi_cfcmpeq
                0x0000000010006130                __wrap___aeabi_cfcmple
 .text.__wrap___aeabi_fcmplt
                0x0000000010006174        0xc CMakeFiles/swarm.dir/pico/pico-sdk/src/rp2_common/pico_float/float_aeabi.S.obj
                0x0000000010006174                __wrap___aeabi_fcmplt
 .text.__wrap___aeabi_fcmple
                0x0000000010006180       0x10 CMakeFiles/swarm.dir/pico/pico-sdk/src/rp2_common/pico_float/float_aeabi.S.obj
                0x0000000010006180                __wrap___aeabi_fcmple
 .text.__wrap___aeabi_fcmpun
                0x0000000010006190       0x18 CMakeFiles/swarm.dir/pico/pico-sdk/src/rp2_common/pico_float/float_aeabi.S.obj
                0x0000000010006190                __wrap___aeabi_fcmpun
 .text.__wrap___aeabi_ui2f
                0x00000000100061a8        0xa CMakeFiles/swarm.dir/pico/pico-sdk/src/rp2_common/pico_float/float_aeabi.S.obj
                0x00000000100061a8                __wrap___aeabi_ui2f
 *fill*         0x00000000100061b2        0x2 
 .text.__wrap___aeabi_i2f
                0x00000000100061b4       0x44 CMakeFiles/swarm.dir/pico/pico-sdk/src/rp2_common/pico_float/float_aeabi.S.obj
                0x00000000100061b4                __wrap___aeabi_i2f
 .text.__wrap___aeabi_f2iz
                0x00000000100061f8       0x4e CMakeFiles/swarm.dir/pico/pico-sdk/src/rp2_common/pico_float/float_aeabi.S.obj
                0x00000000100061f8                __wrap___aeabi_f2iz
                0x00000000100061f8                float2int_z
 *fill*         0x0000000010006246        0x2 
 .text.float2int
                0x0000000010006248       0x14 CMakeFiles/swarm.dir/pico/pico-sdk/src/rp2_common/pico_float/float_aeabi.S.obj
                0x0000000010006248                float2int
 .text.__wrap___aeabi_f2uiz
                0x000000001000625c        0xc CMakeFiles/swarm.dir/pico/pico-sdk/src/rp2_common/pico_float/float_aeabi.S.obj
                0x000000001000625c                __wrap___aeabi_f2uiz
 .text.__wrap___aeabi_f2d
                0x0000000010006268       0x14 CMakeFiles/swarm.dir/pico/pico-sdk/src/rp2_common/pico_float/float_aeabi.S.obj
                0x0000000010006268                __wrap___aeabi_f2d
 .text.__aeabi_float_init
                0x000000001000627c       0x64 CMakeFiles/swarm.dir/pico/pico-sdk/src/rp2_common/pico_float/float_init_rom.c.obj
                0x000000001000627c                __aeabi_float_init
 .text.float_table_shim_on_use_helper
                0x00000000100062e0       0x2c CMakeFiles/swarm.dir/pico/pico-sdk/src/rp2_common/pico_float/float_v1_rom_shim.S.obj
                0x00000000100062e0                float_table_shim_on_use_helper
 .text.float232_shims
                0x000000001000630c       0x18 CMakeFiles/swarm.dir/pico/pico-sdk/src/rp2_common/pico_float/float_v1_rom_shim.S.obj
                0x000000001000630c                float2int_shim
                0x000000001000630e                float2fix_shim
 .text.float2double_shim
                0x0000000010006324       0x30 CMakeFiles/swarm.dir/pico/pico-sdk/src/rp2_common/pico_float/float_v1_rom_shim.S.obj
                0x0000000010006324                float2double_shim
 .text.__wrap_free
                0x0000000010006354        0x8 CMakeFiles/swarm.dir/pico/pico-sdk/src/rp2_common/pico_malloc/pico_malloc.c.obj
                0x0000000010006354                __wrap_free
 .text          0x000000001000635c       0x10 CMakeFiles/swarm.dir/pico/pico-sdk/src/rp2_common/pico_mem_ops/mem_ops_aeabi.S.obj
                0x000000001000635c                __aeabi_mem_init
 .text.memset   0x000000001000636c        0xc CMakeFiles/swarm.dir/pico/pico-sdk/src/rp2_common/pico_mem_ops/mem_ops_aeabi.S.obj
                0x000000001000636c                __wrap_memset
 .text.memcpy   0x0000000010006378        0xc CMakeFiles/swarm.dir/pico/pico-sdk/src/rp2_common/pico_mem_ops/mem_ops_aeabi.S.obj
                0x0000000010006378                __wrap___aeabi_memcpy
                0x0000000010006378                __wrap_memcpy
 .text.stdio_out_chars_no_crlf
                0x0000000010006384       0x10 CMakeFiles/swarm.dir/pico/pico-sdk/src/rp2_common/pico_stdio/stdio.c.obj
 .text.stdio_out_chars_crlf
                0x0000000010006394       0xb4 CMakeFiles/swarm.dir/pico/pico-sdk/src/rp2_common/pico_stdio/stdio.c.obj
 .text.stdio_buffered_printer
                0x0000000010006448       0x64 CMakeFiles/swarm.dir/pico/pico-sdk/src/rp2_common/pico_stdio/stdio.c.obj
 .text.stdio_put_string.isra.0
                0x00000000100064ac       0xfc CMakeFiles/swarm.dir/pico/pico-sdk/src/rp2_common/pico_stdio/stdio.c.obj
 .text.__wrap_putchar
                0x00000000100065a8       0xa0 CMakeFiles/swarm.dir/pico/pico-sdk/src/rp2_common/pico_stdio/stdio.c.obj
                0x00000000100065a8                __wrap_putchar
 .text.__wrap_puts
                0x0000000010006648       0x3c CMakeFiles/swarm.dir/pico/pico-sdk/src/rp2_common/pico_stdio/stdio.c.obj
                0x0000000010006648                __wrap_puts
 .text._read    0x0000000010006684       0x94 CMakeFiles/swarm.dir/pico/pico-sdk/src/rp2_common/pico_stdio/stdio.c.obj
                0x0000000010006684                _read
 .text._write   0x0000000010006718       0xb0 CMakeFiles/swarm.dir/pico/pico-sdk/src/rp2_common/pico_stdio/stdio.c.obj
                0x0000000010006718                _write
 .text.stdio_set_driver_enabled
                0x00000000100067c8       0x30 CMakeFiles/swarm.dir/pico/pico-sdk/src/rp2_common/pico_stdio/stdio.c.obj
                0x00000000100067c8                stdio_set_driver_enabled
 .text.__wrap_vprintf
                0x00000000100067f8       0xd8 CMakeFiles/swarm.dir/pico/pico-sdk/src/rp2_common/pico_stdio/stdio.c.obj
                0x00000000100067f8                __wrap_vprintf
 .text.__wrap_printf
                0x00000000100068d0       0x18 CMakeFiles/swarm.dir/pico/pico-sdk/src/rp2_common/pico_stdio/stdio.c.obj
                0x00000000100068d0                __wrap_printf
 .text.stdio_init_all
                0x00000000100068e8        0x8 CMakeFiles/swarm.dir/pico/pico-sdk/src/rp2_common/pico_stdio/stdio.c.obj
                0x00000000100068e8                stdio_init_all
 .text.resetd_init
                0x00000000100068f0        0x4 CMakeFiles/swarm.dir/pico/pico-sdk/src/rp2_common/pico_stdio_usb/reset_interface.c.obj
 .text.resetd_reset
                0x00000000100068f4        0xc CMakeFiles/swarm.dir/pico/pico-sdk/src/rp2_common/pico_stdio_usb/reset_interface.c.obj
 .text.resetd_open
                0x0000000010006900       0x28 CMakeFiles/swarm.dir/pico/pico-sdk/src/rp2_common/pico_stdio_usb/reset_interface.c.obj
 .text.resetd_xfer_cb
                0x0000000010006928        0x4 CMakeFiles/swarm.dir/pico/pico-sdk/src/rp2_common/pico_stdio_usb/reset_interface.c.obj
 .text.resetd_control_xfer_cb
                0x000000001000692c       0x64 CMakeFiles/swarm.dir/pico/pico-sdk/src/rp2_common/pico_stdio_usb/reset_interface.c.obj
 .text.usbd_app_driver_get_cb
                0x0000000010006990        0xc CMakeFiles/swarm.dir/pico/pico-sdk/src/rp2_common/pico_stdio_usb/reset_interface.c.obj
                0x0000000010006990                usbd_app_driver_get_cb
 .text.tud_cdc_line_coding_cb
                0x000000001000699c       0x34 CMakeFiles/swarm.dir/pico/pico-sdk/src/rp2_common/pico_stdio_usb/reset_interface.c.obj
                0x000000001000699c                tud_cdc_line_coding_cb
 .text.stdio_usb_in_chars
                0x00000000100069d0       0x68 CMakeFiles/swarm.dir/pico/pico-sdk/src/rp2_common/pico_stdio_usb/stdio_usb.c.obj
                0x00000000100069d0                stdio_usb_in_chars
 .text.stdio_usb_out_chars
                0x0000000010006a38       0xe4 CMakeFiles/swarm.dir/pico/pico-sdk/src/rp2_common/pico_stdio_usb/stdio_usb.c.obj
 .text.timer_task
                0x0000000010006b1c       0x18 CMakeFiles/swarm.dir/pico/pico-sdk/src/rp2_common/pico_stdio_usb/stdio_usb.c.obj
 .text.usb_irq  0x0000000010006b34       0x10 CMakeFiles/swarm.dir/pico/pico-sdk/src/rp2_common/pico_stdio_usb/stdio_usb.c.obj
 .text.low_priority_worker_irq
                0x0000000010006b44       0x24 CMakeFiles/swarm.dir/pico/pico-sdk/src/rp2_common/pico_stdio_usb/stdio_usb.c.obj
 .text.stdio_usb_init
                0x0000000010006b68       0xb0 CMakeFiles/swarm.dir/pico/pico-sdk/src/rp2_common/pico_stdio_usb/stdio_usb.c.obj
                0x0000000010006b68                stdio_usb_init
 .text.tud_descriptor_device_cb
                0x0000000010006c18        0x8 CMakeFiles/swarm.dir/pico/pico-sdk/src/rp2_common/pico_stdio_usb/stdio_usb_descriptors.c.obj
                0x0000000010006c18                tud_descriptor_device_cb
 .text.tud_descriptor_configuration_cb
                0x0000000010006c20        0x8 CMakeFiles/swarm.dir/pico/pico-sdk/src/rp2_common/pico_stdio_usb/stdio_usb_descriptors.c.obj
                0x0000000010006c20                tud_descriptor_configuration_cb
 .text.tud_descriptor_string_cb
                0x0000000010006c28       0x74 CMakeFiles/swarm.dir/pico/pico-sdk/src/rp2_common/pico_stdio_usb/stdio_usb_descriptors.c.obj
                0x0000000010006c28                tud_descriptor_string_cb
 .text.dcd_rp2040_irq
                0x0000000010006c9c      0x21c CMakeFiles/swarm.dir/pico/pico-sdk/lib/tinyusb/src/portable/raspberrypi/rp2040/dcd_rp2040.c.obj
 .text.dcd_int_enable
                0x0000000010006eb8        0xc CMakeFiles/swarm.dir/pico/pico-sdk/lib/tinyusb/src/portable/raspberrypi/rp2040/dcd_rp2040.c.obj
                0x0000000010006eb8                dcd_int_enable
 .text.dcd_set_address
                0x0000000010006ec4       0x14 CMakeFiles/swarm.dir/pico/pico-sdk/lib/tinyusb/src/portable/raspberrypi/rp2040/dcd_rp2040.c.obj
                0x0000000010006ec4                dcd_set_address
 .text.dcd_connect
                0x0000000010006ed8       0x10 CMakeFiles/swarm.dir/pico/pico-sdk/lib/tinyusb/src/portable/raspberrypi/rp2040/dcd_rp2040.c.obj
                0x0000000010006ed8                dcd_connect
 .text.dcd_init
                0x0000000010006ee8      0x144 CMakeFiles/swarm.dir/pico/pico-sdk/lib/tinyusb/src/portable/raspberrypi/rp2040/dcd_rp2040.c.obj
                0x0000000010006ee8                dcd_init
 .text.dcd_edpt0_status_complete
                0x000000001000702c       0x1c CMakeFiles/swarm.dir/pico/pico-sdk/lib/tinyusb/src/portable/raspberrypi/rp2040/dcd_rp2040.c.obj
                0x000000001000702c                dcd_edpt0_status_complete
 .text.dcd_edpt_open
                0x0000000010007048       0xf0 CMakeFiles/swarm.dir/pico/pico-sdk/lib/tinyusb/src/portable/raspberrypi/rp2040/dcd_rp2040.c.obj
                0x0000000010007048                dcd_edpt_open
 .text.dcd_edpt_close_all
                0x0000000010007138       0xbc CMakeFiles/swarm.dir/pico/pico-sdk/lib/tinyusb/src/portable/raspberrypi/rp2040/dcd_rp2040.c.obj
                0x0000000010007138                dcd_edpt_close_all
 .text.dcd_edpt_xfer
                0x00000000100071f4       0x24 CMakeFiles/swarm.dir/pico/pico-sdk/lib/tinyusb/src/portable/raspberrypi/rp2040/dcd_rp2040.c.obj
                0x00000000100071f4                dcd_edpt_xfer
 .text.dcd_edpt_stall
                0x0000000010007218       0x38 CMakeFiles/swarm.dir/pico/pico-sdk/lib/tinyusb/src/portable/raspberrypi/rp2040/dcd_rp2040.c.obj
                0x0000000010007218                dcd_edpt_stall
 .text.dcd_edpt_clear_stall
                0x0000000010007250       0x30 CMakeFiles/swarm.dir/pico/pico-sdk/lib/tinyusb/src/portable/raspberrypi/rp2040/dcd_rp2040.c.obj
                0x0000000010007250                dcd_edpt_clear_stall
 .text._hw_endpoint_buffer_control_update32.part.0.isra.0
                0x0000000010007280       0x1c CMakeFiles/swarm.dir/pico/pico-sdk/lib/tinyusb/src/portable/raspberrypi/rp2040/rp2040_usb.c.obj
 .text.rp2040_usb_init
                0x000000001000729c       0x4c CMakeFiles/swarm.dir/pico/pico-sdk/lib/tinyusb/src/portable/raspberrypi/rp2040/rp2040_usb.c.obj
                0x000000001000729c                rp2040_usb_init
 .text.hw_endpoint_reset_transfer
                0x00000000100072e8        0xc CMakeFiles/swarm.dir/pico/pico-sdk/lib/tinyusb/src/portable/raspberrypi/rp2040/rp2040_usb.c.obj
                0x00000000100072e8                hw_endpoint_reset_transfer
 .text._hw_endpoint_buffer_control_update32
                0x00000000100072f4       0x44 CMakeFiles/swarm.dir/pico/pico-sdk/lib/tinyusb/src/portable/raspberrypi/rp2040/rp2040_usb.c.obj
                0x00000000100072f4                _hw_endpoint_buffer_control_update32
 .text.hw_endpoint_xfer_start
                0x0000000010007338      0x138 CMakeFiles/swarm.dir/pico/pico-sdk/lib/tinyusb/src/portable/raspberrypi/rp2040/rp2040_usb.c.obj
                0x0000000010007338                hw_endpoint_xfer_start
 .text.hw_endpoint_xfer_continue
                0x0000000010007470      0x1e4 CMakeFiles/swarm.dir/pico/pico-sdk/lib/tinyusb/src/portable/raspberrypi/rp2040/rp2040_usb.c.obj
                0x0000000010007470                hw_endpoint_xfer_continue
 .text.tud_mounted
                0x0000000010007654       0x10 CMakeFiles/swarm.dir/pico/pico-sdk/lib/tinyusb/src/device/usbd.c.obj
                0x0000000010007654                tud_mounted
 .text.tud_suspended
                0x0000000010007664       0x10 CMakeFiles/swarm.dir/pico/pico-sdk/lib/tinyusb/src/device/usbd.c.obj
                0x0000000010007664                tud_suspended
 .text.tud_inited
                0x0000000010007674        0xc CMakeFiles/swarm.dir/pico/pico-sdk/lib/tinyusb/src/device/usbd.c.obj
                0x0000000010007674                tud_inited
 .text.tud_init
                0x0000000010007680       0xd8 CMakeFiles/swarm.dir/pico/pico-sdk/lib/tinyusb/src/device/usbd.c.obj
                0x0000000010007680                tud_init
 .text.tud_task
                0x0000000010007758      0x8ec CMakeFiles/swarm.dir/pico/pico-sdk/lib/tinyusb/src/device/usbd.c.obj
                0x0000000010007758                tud_task
 .text.dcd_event_bus_signal
                0x0000000010008044      0x120 CMakeFiles/swarm.dir/pico/pico-sdk/lib/tinyusb/src/device/usbd.c.obj
                0x0000000010008044                dcd_event_bus_signal
 .text.dcd_event_bus_reset
                0x0000000010008164       0x54 CMakeFiles/swarm.dir/pico/pico-sdk/lib/tinyusb/src/device/usbd.c.obj
                0x0000000010008164                dcd_event_bus_reset
 .text.dcd_event_setup_received
                0x00000000100081b8       0x50 CMakeFiles/swarm.dir/pico/pico-sdk/lib/tinyusb/src/device/usbd.c.obj
                0x00000000100081b8                dcd_event_setup_received
 .text.dcd_event_xfer_complete
                0x0000000010008208       0x68 CMakeFiles/swarm.dir/pico/pico-sdk/lib/tinyusb/src/device/usbd.c.obj
                0x0000000010008208                dcd_event_xfer_complete
 .text.usbd_open_edpt_pair
                0x0000000010008270       0x80 CMakeFiles/swarm.dir/pico/pico-sdk/lib/tinyusb/src/device/usbd.c.obj
                0x0000000010008270                usbd_open_edpt_pair
 .text.usbd_edpt_open
                0x00000000100082f0       0x30 CMakeFiles/swarm.dir/pico/pico-sdk/lib/tinyusb/src/device/usbd.c.obj
                0x00000000100082f0                usbd_edpt_open
 .text.usbd_edpt_claim
                0x0000000010008320       0x64 CMakeFiles/swarm.dir/pico/pico-sdk/lib/tinyusb/src/device/usbd.c.obj
                0x0000000010008320                usbd_edpt_claim
 .text.usbd_edpt_release
                0x0000000010008384       0x4c CMakeFiles/swarm.dir/pico/pico-sdk/lib/tinyusb/src/device/usbd.c.obj
                0x0000000010008384                usbd_edpt_release
 .text.usbd_edpt_xfer
                0x00000000100083d0       0x48 CMakeFiles/swarm.dir/pico/pico-sdk/lib/tinyusb/src/device/usbd.c.obj
                0x00000000100083d0                usbd_edpt_xfer
 .text.tud_control_status
                0x0000000010008418       0x30 CMakeFiles/swarm.dir/pico/pico-sdk/lib/tinyusb/src/device/usbd_control.c.obj
                0x0000000010008418                tud_control_status
 .text.tud_control_xfer
                0x0000000010008448       0xbc CMakeFiles/swarm.dir/pico/pico-sdk/lib/tinyusb/src/device/usbd_control.c.obj
                0x0000000010008448                tud_control_xfer
 .text.usbd_control_reset
                0x0000000010008504       0x14 CMakeFiles/swarm.dir/pico/pico-sdk/lib/tinyusb/src/device/usbd_control.c.obj
                0x0000000010008504                usbd_control_reset
 .text.usbd_control_set_complete_callback
                0x0000000010008518        0xc CMakeFiles/swarm.dir/pico/pico-sdk/lib/tinyusb/src/device/usbd_control.c.obj
                0x0000000010008518                usbd_control_set_complete_callback
 .text.usbd_control_set_request
                0x0000000010008524       0x1c CMakeFiles/swarm.dir/pico/pico-sdk/lib/tinyusb/src/device/usbd_control.c.obj
                0x0000000010008524                usbd_control_set_request
 .text.usbd_control_xfer_cb
                0x0000000010008540       0xfc CMakeFiles/swarm.dir/pico/pico-sdk/lib/tinyusb/src/device/usbd_control.c.obj
                0x0000000010008540                usbd_control_xfer_cb
 .text.tud_cdc_n_connected
                0x000000001000863c       0x30 CMakeFiles/swarm.dir/pico/pico-sdk/lib/tinyusb/src/class/cdc/cdc_device.c.obj
                0x000000001000863c                tud_cdc_n_connected
 .text.tud_cdc_n_available
                0x000000001000866c       0x18 CMakeFiles/swarm.dir/pico/pico-sdk/lib/tinyusb/src/class/cdc/cdc_device.c.obj
                0x000000001000866c                tud_cdc_n_available
 .text.tud_cdc_n_read
                0x0000000010008684       0x70 CMakeFiles/swarm.dir/pico/pico-sdk/lib/tinyusb/src/class/cdc/cdc_device.c.obj
                0x0000000010008684                tud_cdc_n_read
 .text.tud_cdc_n_write_flush
                0x00000000100086f4       0x78 CMakeFiles/swarm.dir/pico/pico-sdk/lib/tinyusb/src/class/cdc/cdc_device.c.obj
                0x00000000100086f4                tud_cdc_n_write_flush
 .text.tud_cdc_n_write
                0x000000001000876c       0x34 CMakeFiles/swarm.dir/pico/pico-sdk/lib/tinyusb/src/class/cdc/cdc_device.c.obj
                0x000000001000876c                tud_cdc_n_write
 .text.tud_cdc_n_write_available
                0x00000000100087a0       0x18 CMakeFiles/swarm.dir/pico/pico-sdk/lib/tinyusb/src/class/cdc/cdc_device.c.obj
                0x00000000100087a0                tud_cdc_n_write_available
 .text.cdcd_init
                0x00000000100087b8       0x7c CMakeFiles/swarm.dir/pico/pico-sdk/lib/tinyusb/src/class/cdc/cdc_device.c.obj
                0x00000000100087b8                cdcd_init
 .text.cdcd_reset
                0x0000000010008834       0x2c CMakeFiles/swarm.dir/pico/pico-sdk/lib/tinyusb/src/class/cdc/cdc_device.c.obj
                0x0000000010008834                cdcd_reset
 .text.cdcd_open
                0x0000000010008860       0xe4 CMakeFiles/swarm.dir/pico/pico-sdk/lib/tinyusb/src/class/cdc/cdc_device.c.obj
                0x0000000010008860                cdcd_open
 .text.cdcd_control_xfer_cb
                0x0000000010008944       0xe4 CMakeFiles/swarm.dir/pico/pico-sdk/lib/tinyusb/src/class/cdc/cdc_device.c.obj
                0x0000000010008944                cdcd_control_xfer_cb
 .text.cdcd_xfer_cb
                0x0000000010008a28      0x148 CMakeFiles/swarm.dir/pico/pico-sdk/lib/tinyusb/src/class/cdc/cdc_device.c.obj
                0x0000000010008a28                cdcd_xfer_cb
 .text.tusb_init
                0x0000000010008b70        0xc CMakeFiles/swarm.dir/pico/pico-sdk/lib/tinyusb/src/tusb.c.obj
                0x0000000010008b70                tusb_init
 .text.tusb_inited
                0x0000000010008b7c        0x8 CMakeFiles/swarm.dir/pico/pico-sdk/lib/tinyusb/src/tusb.c.obj
                0x0000000010008b7c                tusb_inited
 .text.tu_edpt_validate
                0x0000000010008b84       0x78 CMakeFiles/swarm.dir/pico/pico-sdk/lib/tinyusb/src/tusb.c.obj
                0x0000000010008b84                tu_edpt_validate
 .text.tu_edpt_bind_driver
                0x0000000010008bfc       0x2c CMakeFiles/swarm.dir/pico/pico-sdk/lib/tinyusb/src/tusb.c.obj
                0x0000000010008bfc                tu_edpt_bind_driver
 .text.tu_fifo_config
                0x0000000010008c28       0x78 CMakeFiles/swarm.dir/pico/pico-sdk/lib/tinyusb/src/common/tusb_fifo.c.obj
                0x0000000010008c28                tu_fifo_config
 .text.tu_fifo_count
                0x0000000010008ca0       0x20 CMakeFiles/swarm.dir/pico/pico-sdk/lib/tinyusb/src/common/tusb_fifo.c.obj
                0x0000000010008ca0                tu_fifo_count
 .text.tu_fifo_empty
                0x0000000010008cc0       0x10 CMakeFiles/swarm.dir/pico/pico-sdk/lib/tinyusb/src/common/tusb_fifo.c.obj
                0x0000000010008cc0                tu_fifo_empty
 .text.tu_fifo_remaining
                0x0000000010008cd0       0x1c CMakeFiles/swarm.dir/pico/pico-sdk/lib/tinyusb/src/common/tusb_fifo.c.obj
                0x0000000010008cd0                tu_fifo_remaining
 .text.tu_fifo_read
                0x0000000010008cec       0x9c CMakeFiles/swarm.dir/pico/pico-sdk/lib/tinyusb/src/common/tusb_fifo.c.obj
                0x0000000010008cec                tu_fifo_read
 .text.tu_fifo_read_n
                0x0000000010008d88      0x100 CMakeFiles/swarm.dir/pico/pico-sdk/lib/tinyusb/src/common/tusb_fifo.c.obj
                0x0000000010008d88                tu_fifo_read_n
 .text.tu_fifo_write
                0x0000000010008e88       0x7c CMakeFiles/swarm.dir/pico/pico-sdk/lib/tinyusb/src/common/tusb_fifo.c.obj
                0x0000000010008e88                tu_fifo_write
 .text.tu_fifo_write_n
                0x0000000010008f04      0x100 CMakeFiles/swarm.dir/pico/pico-sdk/lib/tinyusb/src/common/tusb_fifo.c.obj
                0x0000000010008f04                tu_fifo_write_n
 .text.tu_fifo_clear
                0x0000000010009004       0x4c CMakeFiles/swarm.dir/pico/pico-sdk/lib/tinyusb/src/common/tusb_fifo.c.obj
                0x0000000010009004                tu_fifo_clear
 .text.tu_fifo_set_overwritable
                0x0000000010009050       0x3c CMakeFiles/swarm.dir/pico/pico-sdk/lib/tinyusb/src/common/tusb_fifo.c.obj
                0x0000000010009050                tu_fifo_set_overwritable
 .text.startup._retrieve_unique_id_on_boot
                0x000000001000908c       0x10 CMakeFiles/swarm.dir/pico/pico-sdk/src/rp2_common/pico_unique_id/unique_id.c.obj
 .text.pico_get_unique_board_id_string
                0x000000001000909c      0x1a8 CMakeFiles/swarm.dir/pico/pico-sdk/src/rp2_common/pico_unique_id/unique_id.c.obj
                0x000000001000909c                pico_get_unique_board_id_string
 .text.flash_get_unique_id
                0x0000000010009244       0x40 CMakeFiles/swarm.dir/pico/pico-sdk/src/rp2_common/hardware_flash/flash.c.obj
                0x0000000010009244                flash_get_unique_id
 .text.pio_sm_unclaim
                0x0000000010009284       0x20 CMakeFiles/swarm.dir/pico/pico-sdk/src/rp2_common/hardware_pio/pio.c.obj
                0x0000000010009284                pio_sm_unclaim
 .text.pio_claim_unused_sm
                0x00000000100092a4       0x3c CMakeFiles/swarm.dir/pico/pico-sdk/src/rp2_common/hardware_pio/pio.c.obj
                0x00000000100092a4                pio_claim_unused_sm
 .text.pio_add_program
                0x00000000100092e0       0xc8 CMakeFiles/swarm.dir/pico/pico-sdk/src/rp2_common/hardware_pio/pio.c.obj
                0x00000000100092e0                pio_add_program
 .text.pio_remove_program
                0x00000000100093a8       0x34 CMakeFiles/swarm.dir/pico/pico-sdk/src/rp2_common/hardware_pio/pio.c.obj
                0x00000000100093a8                pio_remove_program
 .text.pio_clear_instruction_memory
                0x00000000100093dc       0x38 CMakeFiles/swarm.dir/pico/pico-sdk/src/rp2_common/hardware_pio/pio.c.obj
                0x00000000100093dc                pio_clear_instruction_memory
 .text.pio_sm_set_pins_with_mask
                0x0000000010009414       0x84 CMakeFiles/swarm.dir/pico/pico-sdk/src/rp2_common/hardware_pio/pio.c.obj
                0x0000000010009414                pio_sm_set_pins_with_mask
 .text.pio_sm_set_pindirs_with_mask
                0x0000000010009498       0x88 CMakeFiles/swarm.dir/pico/pico-sdk/src/rp2_common/hardware_pio/pio.c.obj
                0x0000000010009498                pio_sm_set_pindirs_with_mask
 .text.pio_sm_init
                0x0000000010009520       0x90 CMakeFiles/swarm.dir/pico/pico-sdk/src/rp2_common/hardware_pio/pio.c.obj
                0x0000000010009520                pio_sm_init
 .text          0x00000000100095b0        0xc /usr/lib/gcc/arm-none-eabi/10.3.1/../../../arm-none-eabi/lib/thumb/v6-m/nofp/libc.a(lib_a-atof.o)
                0x00000000100095b0                atof
 .text          0x00000000100095bc       0x18 /usr/lib/gcc/arm-none-eabi/10.3.1/../../../arm-none-eabi/lib/thumb/v6-m/nofp/libc.a(lib_a-atoi.o)
                0x00000000100095bc                atoi
                0x00000000100095c8                _atoi_r
 .text          0x00000000100095d4       0x5c /usr/lib/gcc/arm-none-eabi/10.3.1/../../../arm-none-eabi/lib/thumb/v6-m/nofp/libc.a(lib_a-callocr.o)
                0x00000000100095d4                _calloc_r
 .text          0x0000000010009630       0x28 /usr/lib/gcc/arm-none-eabi/10.3.1/../../../arm-none-eabi/lib/thumb/v6-m/nofp/libc.a(lib_a-malloc.o)
                0x0000000010009630                malloc
                0x0000000010009644                free
 .text          0x0000000010009658      0x574 /usr/lib/gcc/arm-none-eabi/10.3.1/../../../arm-none-eabi/lib/thumb/v6-m/nofp/libc.a(lib_a-mallocr.o)
                0x0000000010009658                _malloc_r
 .text          0x0000000010009bcc      0x5d4 /usr/lib/gcc/arm-none-eabi/10.3.1/../../../arm-none-eabi/lib/thumb/v6-m/nofp/libc.a(lib_a-mktime.o)
                0x0000000010009dac                mktime
 .text          0x000000001000a1a0        0x8 /usr/lib/gcc/arm-none-eabi/10.3.1/../../../arm-none-eabi/lib/thumb/v6-m/nofp/libc.a(lib_a-mlock.o)
                0x000000001000a1a0                __malloc_lock
                0x000000001000a1a4                __malloc_unlock
 .text          0x000000001000a1a8      0x354 /usr/lib/gcc/arm-none-eabi/10.3.1/../../../arm-none-eabi/lib/thumb/v6-m/nofp/libc.a(lib_a-reallocr.o)
                0x000000001000a1a8                _realloc_r
 .text          0x000000001000a4fc       0x24 /usr/lib/gcc/arm-none-eabi/10.3.1/../../../arm-none-eabi/lib/thumb/v6-m/nofp/libc.a(lib_a-sbrkr.o)
                0x000000001000a4fc                _sbrk_r
 .text          0x000000001000a520      0xc00 /usr/lib/gcc/arm-none-eabi/10.3.1/../../../arm-none-eabi/lib/thumb/v6-m/nofp/libc.a(lib_a-strftime.o)
                0x000000001000b110                strftime
                0x000000001000b118                strftime_l
 .text          0x000000001000b120       0x5c /usr/lib/gcc/arm-none-eabi/10.3.1/../../../arm-none-eabi/lib/thumb/v6-m/nofp/libc.a(lib_a-strlen-stub.o)
                0x000000001000b120                strlen
 .text          0x000000001000b17c     0x1128 /usr/lib/gcc/arm-none-eabi/10.3.1/../../../arm-none-eabi/lib/thumb/v6-m/nofp/libc.a(lib_a-strtod.o)
                0x000000001000b17c                _strtod_l
                0x000000001000c0fc                _strtod_r
                0x000000001000c10c                strtod_l
                0x000000001000c124                strtod
                0x000000001000c140                strtof_l
                0x000000001000c1f0                strtof
 .text          0x000000001000c2a4      0x1b8 /usr/lib/gcc/arm-none-eabi/10.3.1/../../../arm-none-eabi/lib/thumb/v6-m/nofp/libc.a(lib_a-strtol.o)
                0x000000001000c3e8                _strtol_r
                0x000000001000c404                strtol_l
                0x000000001000c430                strtol
 .text          0x000000001000c45c      0x180 /usr/lib/gcc/arm-none-eabi/10.3.1/../../../arm-none-eabi/lib/thumb/v6-m/nofp/libc.a(lib_a-strtoul.o)
                0x000000001000c5a4                _strtoul_r
                0x000000001000c5ac                strtoul_l
                0x000000001000c5c4                strtoul
 .text          0x000000001000c5dc      0x19c /usr/lib/gcc/arm-none-eabi/10.3.1/../../../arm-none-eabi/lib/thumb/v6-m/nofp/libc.a(lib_a-tzcalc_limits.o)
                0x000000001000c5dc                __tzcalc_limits
 .text          0x000000001000c778        0x8 /usr/lib/gcc/arm-none-eabi/10.3.1/../../../arm-none-eabi/lib/thumb/v6-m/nofp/libc.a(lib_a-tzlock.o)
                0x000000001000c778                __tz_lock
                0x000000001000c77c                __tz_unlock
 .text          0x000000001000c780       0x28 /usr/lib/gcc/arm-none-eabi/10.3.1/../../../arm-none-eabi/lib/thumb/v6-m/nofp/libc.a(lib_a-tzset.o)
                0x000000001000c780                _tzset_unlocked
                0x000000001000c790                tzset
 .text          0x000000001000c7a8      0x358 /usr/lib/gcc/arm-none-eabi/10.3.1/../../../arm-none-eabi/lib/thumb/v6-m/nofp/libc.a(lib_a-tzset_r.o)
                0x000000001000c7a8                _tzset_unlocked_r
                0x000000001000caec                _tzset_r
 .text          0x000000001000cb00        0x8 /usr/lib/gcc/arm-none-eabi/10.3.1/../../../arm-none-eabi/lib/thumb/v6-m/nofp/libc.a(lib_a-abs.o)
                0x000000001000cb00                abs
 .text          0x000000001000cb08       0x30 /usr/lib/gcc/arm-none-eabi/10.3.1/../../../arm-none-eabi/lib/thumb/v6-m/nofp/libc.a(lib_a-div.o)
                0x000000001000cb08                div
 .text          0x000000001000cb38        0xc /usr/lib/gcc/arm-none-eabi/10.3.1/../../../arm-none-eabi/lib/thumb/v6-m/nofp/libc.a(lib_a-errno.o)
                0x000000001000cb38                __errno
 .text          0x000000001000cb44      0x260 /usr/lib/gcc/arm-none-eabi/10.3.1/../../../arm-none-eabi/lib/thumb/v6-m/nofp/libc.a(lib_a-freer.o)
                0x000000001000cb44                _malloc_trim_r
                0x000000001000cbe0                _free_r
 .text          0x000000001000cda4      0x670 /usr/lib/gcc/arm-none-eabi/10.3.1/../../../arm-none-eabi/lib/thumb/v6-m/nofp/libc.a(lib_a-gdtoa-gethex.o)
                0x000000001000ce48                __gethex
 .text          0x000000001000d414      0x1fc /usr/lib/gcc/arm-none-eabi/10.3.1/../../../arm-none-eabi/lib/thumb/v6-m/nofp/libc.a(lib_a-gdtoa-hexnan.o)
                0x000000001000d414                __match
                0x000000001000d440                __hexnan
 .text          0x000000001000d610       0xa0 /usr/lib/gcc/arm-none-eabi/10.3.1/../../../arm-none-eabi/lib/thumb/v6-m/nofp/libc.a(lib_a-getenv_r.o)
                0x000000001000d610                _findenv_r
                0x000000001000d6a0                _getenv_r
 .text          0x000000001000d6b0        0x8 /usr/lib/gcc/arm-none-eabi/10.3.1/../../../arm-none-eabi/lib/thumb/v6-m/nofp/libc.a(lib_a-gettzinfo.o)
                0x000000001000d6b0                __gettzinfo
 .text          0x000000001000d6b8        0x8 /usr/lib/gcc/arm-none-eabi/10.3.1/../../../arm-none-eabi/lib/thumb/v6-m/nofp/libc.a(lib_a-labs.o)
                0x000000001000d6b8                labs
 .text          0x000000001000d6c0       0x98 /usr/lib/gcc/arm-none-eabi/10.3.1/../../../arm-none-eabi/lib/thumb/v6-m/nofp/libc.a(lib_a-locale.o)
                0x000000001000d6c0                _setlocale_r
                0x000000001000d704                __locale_mb_cur_max
                0x000000001000d714                setlocale
 .text          0x000000001000d758       0x44 /usr/lib/gcc/arm-none-eabi/10.3.1/../../../arm-none-eabi/lib/thumb/v6-m/nofp/libc.a(lib_a-mbtowc_r.o)
                0x000000001000d758                _mbtowc_r
                0x000000001000d770                __ascii_mbtowc
 .text          0x000000001000d79c      0xafc /usr/lib/gcc/arm-none-eabi/10.3.1/../../../arm-none-eabi/lib/thumb/v6-m/nofp/libc.a(lib_a-mprec.o)
                0x000000001000d79c                _Balloc
                0x000000001000d7ec                _Bfree
                0x000000001000d800                __multadd
                0x000000001000d8a8                __s2b
                0x000000001000d958                __hi0bits
                0x000000001000d990                __lo0bits
                0x000000001000d9ec                __i2b
                0x000000001000da4c                __multiply
                0x000000001000dbf0                __pow5mult
                0x000000001000dcc8                __lshift
                0x000000001000ddc4                __mcmp
                0x000000001000ddf8                __mdiff
                0x000000001000df84                __ulp
                0x000000001000dfcc                __b2d
                0x000000001000e094                __d2b
                0x000000001000e16c                __ratio
                0x000000001000e1d4                _mprec_log10
                0x000000001000e208                __copybits
                0x000000001000e248                __any_on
 .text          0x000000001000e298        0xc /usr/lib/gcc/arm-none-eabi/10.3.1/../../../arm-none-eabi/lib/thumb/v6-m/nofp/libc.a(lib_a-s_nan.o)
                0x000000001000e298                nan
 .text          0x000000001000e2a4        0x8 /usr/lib/gcc/arm-none-eabi/10.3.1/../../../arm-none-eabi/lib/thumb/v6-m/nofp/libc.a(lib_a-sf_nan.o)
                0x000000001000e2a4                nanf
 .text          0x000000001000e2ac       0xa0 /usr/lib/gcc/arm-none-eabi/10.3.1/../../../arm-none-eabi/lib/thumb/v6-m/nofp/libc.a(lib_a-siscanf.o)
                0x000000001000e2ac                siscanf
                0x000000001000e2fc                _siscanf_r
 .text          0x000000001000e34c      0x100 /usr/lib/gcc/arm-none-eabi/10.3.1/../../../arm-none-eabi/lib/thumb/v6-m/nofp/libc.a(lib_a-sniprintf.o)
                0x000000001000e34c                _sniprintf_r
                0x000000001000e3c8                sniprintf
 .text          0x000000001000e44c       0xa4 /usr/lib/gcc/arm-none-eabi/10.3.1/../../../arm-none-eabi/lib/thumb/v6-m/nofp/libc.a(lib_a-stdio.o)
                0x000000001000e44c                __sread
                0x000000001000e474                __seofread
                0x000000001000e478                __swrite
                0x000000001000e4b8                __sseek
                0x000000001000e4e4                __sclose
 .text          0x000000001000e4f0       0x88 /usr/lib/gcc/arm-none-eabi/10.3.1/../../../arm-none-eabi/lib/thumb/v6-m/nofp/libc.a(lib_a-strcmp.o)
                0x000000001000e4f0                strcmp
 .text          0x000000001000e578       0x10 /usr/lib/gcc/arm-none-eabi/10.3.1/../../../arm-none-eabi/lib/thumb/v6-m/nofp/libc.a(lib_a-strcpy.o)
                0x000000001000e578                strcpy
 .text          0x000000001000e588       0x74 /usr/lib/gcc/arm-none-eabi/10.3.1/../../../arm-none-eabi/lib/thumb/v6-m/nofp/libc.a(lib_a-strncmp.o)
                0x000000001000e588                strncmp
 .text          0x000000001000e5fc      0xbfc /usr/lib/gcc/arm-none-eabi/10.3.1/../../../arm-none-eabi/lib/thumb/v6-m/nofp/libc.a(lib_a-svfiprintf.o)
                0x000000001000e5fc                __ssprint_r
                0x000000001000e710                _svfiprintf_r
 .text          0x000000001000f1f8      0xf10 /usr/lib/gcc/arm-none-eabi/10.3.1/../../../arm-none-eabi/lib/thumb/v6-m/nofp/libc.a(lib_a-svfiscanf.o)
                0x000000001000f1f8                _sungetc_r
                0x000000001000f27c                __ssrefill_r
                0x000000001000f2bc                _sfread_r
                0x000000001000f380                __ssvfiscanf_r
 .text          0x0000000010010108      0x188 /usr/lib/gcc/arm-none-eabi/10.3.1/../../../arm-none-eabi/lib/thumb/v6-m/nofp/libc.a(lib_a-ungetc.o)
                0x0000000010010108                __submore
                0x000000001001018c                _ungetc_r
                0x0000000010010278                ungetc
 .text          0x0000000010010290       0x2c /usr/lib/gcc/arm-none-eabi/10.3.1/../../../arm-none-eabi/lib/thumb/v6-m/nofp/libc.a(lib_a-wctomb_r.o)
                0x0000000010010290                _wctomb_r
                0x00000000100102a0                __ascii_wctomb
 .text          0x00000000100102bc       0x28 /usr/lib/gcc/arm-none-eabi/10.3.1/../../../arm-none-eabi/lib/thumb/v6-m/nofp/libc.a(lib_a-writer.o)
                0x00000000100102bc                _write_r
 .text          0x00000000100102e4       0x24 /usr/lib/gcc/arm-none-eabi/10.3.1/../../../arm-none-eabi/lib/thumb/v6-m/nofp/libc.a(lib_a-closer.o)
                0x00000000100102e4                _close_r
 .text          0x0000000010010308        0x8 /usr/lib/gcc/arm-none-eabi/10.3.1/../../../arm-none-eabi/lib/thumb/v6-m/nofp/libc.a(lib_a-envlock.o)
                0x0000000010010308                __env_lock
                0x000000001001030c                __env_unlock
 .text          0x0000000010010310      0x1c0 /usr/lib/gcc/arm-none-eabi/10.3.1/../../../arm-none-eabi/lib/thumb/v6-m/nofp/libc.a(lib_a-fflush.o)
                0x0000000010010310                __sflush_r
                0x0000000010010450                _fflush_r
                0x000000001001047c                fflush
 .text          0x00000000100104d0      0x248 /usr/lib/gcc/arm-none-eabi/10.3.1/../../../arm-none-eabi/lib/thumb/v6-m/nofp/libc.a(lib_a-findfp.o)
                0x00000000100104d4                _cleanup_r
                0x00000000100105d0                __sfmoreglue
                0x0000000010010600                __sfp
                0x00000000100106b0                _cleanup
                0x00000000100106c8                __sinit
                0x00000000100106d8                __sfp_lock_acquire
                0x00000000100106dc                __sfp_lock_release
                0x00000000100106e0                __sinit_lock_acquire
                0x00000000100106e4                __sinit_lock_release
                0x00000000100106e8                __fp_lock_all
                0x0000000010010700                __fp_unlock_all
 .text          0x0000000010010718       0x88 /usr/lib/gcc/arm-none-eabi/10.3.1/../../../arm-none-eabi/lib/thumb/v6-m/nofp/libc.a(lib_a-fwalk.o)
                0x0000000010010718                _fwalk
                0x0000000010010758                _fwalk_reent
 .text          0x00000000100107a0        0xc /usr/lib/gcc/arm-none-eabi/10.3.1/../../../arm-none-eabi/lib/thumb/v6-m/nofp/libc.a(lib_a-iswspace.o)
                0x00000000100107a0                iswspace
 .text          0x00000000100107ac       0x18 /usr/lib/gcc/arm-none-eabi/10.3.1/../../../arm-none-eabi/lib/thumb/v6-m/nofp/libc.a(lib_a-iswspace_l.o)
                0x00000000100107ac                iswspace_l
 .text          0x00000000100107c4       0x28 /usr/lib/gcc/arm-none-eabi/10.3.1/../../../arm-none-eabi/lib/thumb/v6-m/nofp/libc.a(lib_a-lseekr.o)
                0x00000000100107c4                _lseek_r
 .text          0x00000000100107ec       0x9c /usr/lib/gcc/arm-none-eabi/10.3.1/../../../arm-none-eabi/lib/thumb/v6-m/nofp/libc.a(lib_a-mbrtowc.o)
                0x00000000100107ec                _mbrtowc_r
                0x0000000010010838                mbrtowc
 .text          0x0000000010010888       0x28 /usr/lib/gcc/arm-none-eabi/10.3.1/../../../arm-none-eabi/lib/thumb/v6-m/nofp/libc.a(lib_a-readr.o)
                0x0000000010010888                _read_r
 .text          0x00000000100108b0       0x80 /usr/lib/gcc/arm-none-eabi/10.3.1/../../../arm-none-eabi/lib/thumb/v6-m/nofp/libc.a(lib_a-sccl.o)
                0x00000000100108b0                __sccl
 .text          0x0000000010010930      0x1d0 /usr/lib/gcc/arm-none-eabi/10.3.1/../../../arm-none-eabi/lib/thumb/v6-m/nofp/libc.a(lib_a-strtoll.o)
                0x0000000010010ac8                _strtoll_r
                0x0000000010010ad0                strtoll_l
                0x0000000010010ae8                strtoll
 .text          0x0000000010010b00      0x1f4 /usr/lib/gcc/arm-none-eabi/10.3.1/../../../arm-none-eabi/lib/thumb/v6-m/nofp/libc.a(lib_a-strtoull.o)
                0x0000000010010cbc                _strtoull_r
                0x0000000010010cc4                strtoull_l
                0x0000000010010cdc                strtoull
 .text          0x0000000010010cf4       0xe8 /usr/lib/gcc/arm-none-eabi/10.3.1/../../../arm-none-eabi/lib/thumb/v6-m/nofp/libc.a(lib_a-fclose.o)
                0x0000000010010d64                _fclose_r
                0x0000000010010d9c                fclose
 .text          0x0000000010010ddc       0x10 /usr/lib/gcc/arm-none-eabi/10.3.1/../../../arm-none-eabi/lib/thumb/v6-m/nofp/libnosys.a(close.o)
                0x0000000010010ddc                _close
 .text          0x0000000010010dec       0x10 /usr/lib/gcc/arm-none-eabi/10.3.1/../../../arm-none-eabi/lib/thumb/v6-m/nofp/libnosys.a(lseek.o)
                0x0000000010010dec                _lseek
 *(.fini)
 .fini          0x0000000010010dfc        0x4 /usr/lib/gcc/arm-none-eabi/10.3.1/thumb/v6-m/nofp/crti.o
                0x0000000010010dfc                _fini
 .fini.__stub   0x0000000010010e00       0x90 linker stubs
 *crtbegin.o(.ctors)
 *crtbegin?.o(.ctors)
 *(EXCLUDE_FILE(*crtend.o *crtend?.o) .ctors)
 *(SORT_BY_NAME(.ctors.*))
 *(.ctors)
 *crtbegin.o(.dtors)
 *crtbegin?.o(.dtors)
 *(EXCLUDE_FILE(*crtend.o *crtend?.o) .dtors)
 *(SORT_BY_NAME(.dtors.*))
 *(.dtors)
 *(.eh_frame*)
 .eh_frame      0x0000000010010e90        0x0 /usr/lib/gcc/arm-none-eabi/10.3.1/thumb/v6-m/nofp/crtbegin.o
                0x0000000010010e90                . = ALIGN (0x4)

.glue_7         0x0000000010010e90        0x0
 .glue_7        0x0000000010010e90        0x0 linker stubs

.glue_7t        0x0000000010010e90        0x0
 .glue_7t       0x0000000010010e90        0x0 linker stubs

.vfp11_veneer   0x0000000010010e90        0x0
 .vfp11_veneer  0x0000000010010e90        0x0 linker stubs

.v4_bx          0x0000000010010e90        0x0
 .v4_bx         0x0000000010010e90        0x0 linker stubs

.iplt           0x0000000010010e90        0x0
 .iplt          0x0000000010010e90        0x0 /usr/lib/gcc/arm-none-eabi/10.3.1/thumb/v6-m/nofp/crtbegin.o

.rodata         0x0000000010010e90     0x19a8
 *(EXCLUDE_FILE(*libm.a: *libc.a:*lib_a-mem*.o *libgcc.a:) .rodata*)
 .rodata.str1.4
                0x0000000010010e90       0xa9 CMakeFiles/swarm.dir/main.c.obj
 *fill*         0x0000000010010f39        0x3 
 .rodata        0x0000000010010f3c       0x98 CMakeFiles/swarm.dir/main.c.obj
 .rodata.__bi_48.0
                0x0000000010010fd4        0xc CMakeFiles/swarm.dir/main.c.obj
 .rodata.__bi_49.1
                0x0000000010010fe0        0xc CMakeFiles/swarm.dir/main.c.obj
 .rodata.__bi_50.2
                0x0000000010010fec        0xc CMakeFiles/swarm.dir/main.c.obj
 .rodata.__bi_51.3
                0x0000000010010ff8        0xc CMakeFiles/swarm.dir/main.c.obj
 .rodata.__bi_52.4
                0x0000000010011004        0xc CMakeFiles/swarm.dir/main.c.obj
 .rodata.__bi_53.5
                0x0000000010011010        0xc CMakeFiles/swarm.dir/main.c.obj
 .rodata.setPayload.str1.4
                0x000000001001101c       0x4b CMakeFiles/swarm.dir/aprs.c.obj
 *fill*         0x0000000010011067        0x1 
 .rodata.sinValues
                0x0000000010011068       0x20 CMakeFiles/swarm.dir/aprs.c.obj
                0x0000000010011068                sinValues
 .rodata.configureDra818v.str1.4
                0x0000000010011088       0x6c CMakeFiles/swarm.dir/vhf.c.obj
 .rodata.str1.4
                0x00000000100110f4       0x89 CMakeFiles/swarm.dir/vhf.c.obj
 *fill*         0x000000001001117d        0x3 
 .rodata.__bi_150.0
                0x0000000010011180        0xc CMakeFiles/swarm.dir/vhf.c.obj
 .rodata.__bi_151.1
                0x000000001001118c        0xc CMakeFiles/swarm.dir/vhf.c.obj
 .rodata.__bi_152.2
                0x0000000010011198        0xc CMakeFiles/swarm.dir/vhf.c.obj
 .rodata.__bi_153.3
                0x00000000100111a4        0xc CMakeFiles/swarm.dir/vhf.c.obj
 .rodata.__bi_154.4
                0x00000000100111b0        0xc CMakeFiles/swarm.dir/vhf.c.obj
 .rodata.__bi_155.5
                0x00000000100111bc        0xc CMakeFiles/swarm.dir/vhf.c.obj
 .rodata.uart_tx_program
                0x00000000100111c8        0x6 CMakeFiles/swarm.dir/vhf.c.obj
 *fill*         0x00000000100111ce        0x2 
 .rodata.uart_tx_program_instructions
                0x00000000100111d0        0x8 CMakeFiles/swarm.dir/vhf.c.obj
 .rodata.formatSwarmMsg.str1.4
                0x00000000100111d8       0x3a CMakeFiles/swarm.dir/swarm.c.obj
 *fill*         0x0000000010011212        0x2 
 .rodata.writeToModem.str1.4
                0x0000000010011214       0x11 CMakeFiles/swarm.dir/swarm.c.obj
 *fill*         0x0000000010011225        0x3 
 .rodata.storeGpsData.str1.4
                0x0000000010011228       0x11 CMakeFiles/swarm.dir/swarm.c.obj
 *fill*         0x0000000010011239        0x3 
 .rodata.storeDTData.str1.4
                0x000000001001123c        0xf CMakeFiles/swarm.dir/swarm.c.obj
 *fill*         0x000000001001124b        0x1 
 .rodata.swarmInit.str1.4
                0x000000001001124c       0x4e CMakeFiles/swarm.dir/swarm.c.obj
 *fill*         0x000000001001129a        0x2 
 .rodata        0x000000001001129c        0xb CMakeFiles/swarm.dir/swarm.c.obj
 *fill*         0x00000000100112a7        0x1 
 .rodata.spin_lock_claim_unused.str1.4
                0x00000000100112a8       0x1b CMakeFiles/swarm.dir/pico/pico-sdk/src/rp2_common/hardware_sync/sync.c.obj
 *fill*         0x00000000100112c3        0x1 
 .rodata.user_irq_claim_unused.str1.4
                0x00000000100112c4       0x1b CMakeFiles/swarm.dir/pico/pico-sdk/src/rp2_common/hardware_irq/irq.c.obj
 *fill*         0x00000000100112df        0x1 
 .rodata.at_the_end_of_time
                0x00000000100112e0        0x8 CMakeFiles/swarm.dir/pico/pico-sdk/src/common/pico_time/time.c.obj
                0x00000000100112e0                at_the_end_of_time
 .rodata.hardware_alarm_claim.str1.4
                0x00000000100112e8       0x22 CMakeFiles/swarm.dir/pico/pico-sdk/src/rp2_common/hardware_timer/timer.c.obj
 *fill*         0x000000001001130a        0x2 
 .rodata.__assert_func.str1.4
                0x000000001001130c       0x3f CMakeFiles/swarm.dir/pico/pico-sdk/src/rp2_common/pico_runtime/runtime.c.obj
                                         0x43 (size before relaxing)
 *fill*         0x000000001001134b        0x1 
 .rodata.panic.str1.4
                0x000000001001134c       0x12 CMakeFiles/swarm.dir/pico/pico-sdk/src/rp2_common/pico_runtime/runtime.c.obj
 *fill*         0x000000001001135e        0x2 
 .rodata.hard_assertion_failure.str1.4
                0x0000000010011360        0xc CMakeFiles/swarm.dir/pico/pico-sdk/src/rp2_common/pico_runtime/runtime.c.obj
 .rodata._ftoa.str1.4
                0x000000001001136c       0x15 CMakeFiles/swarm.dir/pico/pico-sdk/src/rp2_common/pico_printf/printf.c.obj
 *fill*         0x0000000010011381        0x3 
 .rodata._vsnprintf
                0x0000000010011384      0x1e0 CMakeFiles/swarm.dir/pico/pico-sdk/src/rp2_common/pico_printf/printf.c.obj
 *fill*         0x0000000010011564        0x4 
 .rodata.pow10.0
                0x0000000010011568       0x50 CMakeFiles/swarm.dir/pico/pico-sdk/src/rp2_common/pico_printf/printf.c.obj
 .rodata.str1.4
                0x00000000100115b8       0x3c CMakeFiles/swarm.dir/pico/pico-sdk/src/rp2_common/pico_standard_link/binary_info.c.obj
 .rodata.__bi_44
                0x00000000100115f4        0xc CMakeFiles/swarm.dir/pico/pico-sdk/src/rp2_common/pico_standard_link/binary_info.c.obj
 .rodata.__bi_75
                0x0000000010011600        0xc CMakeFiles/swarm.dir/pico/pico-sdk/src/rp2_common/pico_standard_link/binary_info.c.obj
 .rodata.__bi_81
                0x000000001001160c        0xc CMakeFiles/swarm.dir/pico/pico-sdk/src/rp2_common/pico_standard_link/binary_info.c.obj
 .rodata.crlf_str.0
                0x0000000010011618        0x2 CMakeFiles/swarm.dir/pico/pico-sdk/src/rp2_common/pico_stdio/stdio.c.obj
 *fill*         0x000000001001161a        0x2 
 .rodata._resetd_driver
                0x000000001001161c       0x18 CMakeFiles/swarm.dir/pico/pico-sdk/src/rp2_common/pico_stdio_usb/reset_interface.c.obj
 .rodata.str1.4
                0x0000000010011634       0x13 CMakeFiles/swarm.dir/pico/pico-sdk/src/rp2_common/pico_stdio_usb/stdio_usb.c.obj
 *fill*         0x0000000010011647        0x1 
 .rodata.__bi_118.0
                0x0000000010011648        0xc CMakeFiles/swarm.dir/pico/pico-sdk/src/rp2_common/pico_stdio_usb/stdio_usb.c.obj
 .rodata.str1.4
                0x0000000010011654       0x2a CMakeFiles/swarm.dir/pico/pico-sdk/src/rp2_common/pico_stdio_usb/stdio_usb_descriptors.c.obj
 *fill*         0x000000001001167e        0x2 
 .rodata.usbd_desc_cfg
                0x0000000010011680       0x54 CMakeFiles/swarm.dir/pico/pico-sdk/src/rp2_common/pico_stdio_usb/stdio_usb_descriptors.c.obj
 .rodata.usbd_desc_device
                0x00000000100116d4       0x12 CMakeFiles/swarm.dir/pico/pico-sdk/src/rp2_common/pico_stdio_usb/stdio_usb_descriptors.c.obj
 *fill*         0x00000000100116e6        0x2 
 .rodata.usbd_desc_str
                0x00000000100116e8       0x18 CMakeFiles/swarm.dir/pico/pico-sdk/src/rp2_common/pico_stdio_usb/stdio_usb_descriptors.c.obj
 .rodata.dcd_rp2040_irq.str1.4
                0x0000000010011700       0x14 CMakeFiles/swarm.dir/pico/pico-sdk/lib/tinyusb/src/portable/raspberrypi/rp2040/dcd_rp2040.c.obj
 .rodata._hw_endpoint_buffer_control_update32.part.0.isra.0.str1.4
                0x0000000010011714       0x1f CMakeFiles/swarm.dir/pico/pico-sdk/lib/tinyusb/src/portable/raspberrypi/rp2040/rp2040_usb.c.obj
 *fill*         0x0000000010011733        0x1 
 .rodata.hw_endpoint_xfer_continue.str1.4
                0x0000000010011734       0x29 CMakeFiles/swarm.dir/pico/pico-sdk/lib/tinyusb/src/portable/raspberrypi/rp2040/rp2040_usb.c.obj
 *fill*         0x000000001001175d        0x3 
 .rodata.str1.4
                0x0000000010011760        0x4 CMakeFiles/swarm.dir/pico/pico-sdk/lib/tinyusb/src/portable/raspberrypi/rp2040/rp2040_usb.c.obj
                                          0x7 (size before relaxing)
 .rodata.tud_task
                0x0000000010011764       0x8c CMakeFiles/swarm.dir/pico/pico-sdk/lib/tinyusb/src/device/usbd.c.obj
 .rodata._usbd_driver
                0x00000000100117f0       0x18 CMakeFiles/swarm.dir/pico/pico-sdk/lib/tinyusb/src/device/usbd.c.obj
 .rodata.pio_claim_unused_sm.str1.4
                0x0000000010011808       0x24 CMakeFiles/swarm.dir/pico/pico-sdk/src/rp2_common/hardware_pio/pio.c.obj
 .rodata.pio_add_program.str1.4
                0x000000001001182c       0x11 CMakeFiles/swarm.dir/pico/pico-sdk/src/rp2_common/hardware_pio/pio.c.obj
 *fill*         0x000000001001183d        0x3 
 .rodata        0x0000000010011840        0x4 /usr/lib/gcc/arm-none-eabi/10.3.1/../../../arm-none-eabi/lib/thumb/v6-m/nofp/libc.a(lib_a-impure.o)
                0x0000000010011840                _global_impure_ptr
 .rodata        0x0000000010011844       0x60 /usr/lib/gcc/arm-none-eabi/10.3.1/../../../arm-none-eabi/lib/thumb/v6-m/nofp/libc.a(lib_a-mktime.o)
 .rodata        0x00000000100118a4      0x2b8 /usr/lib/gcc/arm-none-eabi/10.3.1/../../../arm-none-eabi/lib/thumb/v6-m/nofp/libc.a(lib_a-strftime.o)
 .rodata.str1.4
                0x0000000010011b5c       0x7c /usr/lib/gcc/arm-none-eabi/10.3.1/../../../arm-none-eabi/lib/thumb/v6-m/nofp/libc.a(lib_a-strftime.o)
                                         0x80 (size before relaxing)
 .rodata.str1.4
                0x0000000010011bd8        0xf /usr/lib/gcc/arm-none-eabi/10.3.1/../../../arm-none-eabi/lib/thumb/v6-m/nofp/libc.a(lib_a-strtod.o)
                                         0x11 (size before relaxing)
 *fill*         0x0000000010011be7        0x1 
 .rodata        0x0000000010011be8      0x120 /usr/lib/gcc/arm-none-eabi/10.3.1/../../../arm-none-eabi/lib/thumb/v6-m/nofp/libc.a(lib_a-strtod.o)
 .rodata.str1.4
                0x0000000010011d08      0x158 /usr/lib/gcc/arm-none-eabi/10.3.1/../../../arm-none-eabi/lib/thumb/v6-m/nofp/libc.a(lib_a-timelocal.o)
                                        0x159 (size before relaxing)
 .rodata        0x0000000010011e60       0xfc /usr/lib/gcc/arm-none-eabi/10.3.1/../../../arm-none-eabi/lib/thumb/v6-m/nofp/libc.a(lib_a-timelocal.o)
                0x0000000010011e60                _C_time_locale
 .rodata.str1.4
                0x0000000010011f5c       0x53 /usr/lib/gcc/arm-none-eabi/10.3.1/../../../arm-none-eabi/lib/thumb/v6-m/nofp/libc.a(lib_a-tzset_r.o)
 .rodata.str1.4
                0x0000000010011faf        0x4 /usr/lib/gcc/arm-none-eabi/10.3.1/../../../arm-none-eabi/lib/thumb/v6-m/nofp/libc.a(lib_a-tzvars.o)
 *fill*         0x0000000010011faf        0x1 
 .rodata        0x0000000010011fb0      0x101 /usr/lib/gcc/arm-none-eabi/10.3.1/../../../arm-none-eabi/lib/thumb/v6-m/nofp/libc.a(lib_a-ctype_.o)
                0x0000000010011fb0                _ctype_
 *fill*         0x00000000100120b1        0x3 
 .rodata.str1.4
                0x00000000100120b4       0x4e /usr/lib/gcc/arm-none-eabi/10.3.1/../../../arm-none-eabi/lib/thumb/v6-m/nofp/libc.a(lib_a-gdtoa-gethex.o)
 *fill*         0x0000000010012102        0x2 
 .rodata        0x0000000010012104      0x100 /usr/lib/gcc/arm-none-eabi/10.3.1/../../../arm-none-eabi/lib/thumb/v6-m/nofp/libc.a(lib_a-gdtoa-gethex.o)
                0x0000000010012104                __hexdig
 .rodata.str1.4
                0x0000000010012204        0x2 /usr/lib/gcc/arm-none-eabi/10.3.1/../../../arm-none-eabi/lib/thumb/v6-m/nofp/libc.a(lib_a-lnumeric.o)
                                          0x5 (size before relaxing)
 *fill*         0x0000000010012206        0x2 
 .rodata        0x0000000010012208        0xc /usr/lib/gcc/arm-none-eabi/10.3.1/../../../arm-none-eabi/lib/thumb/v6-m/nofp/libc.a(lib_a-lnumeric.o)
                0x0000000010012208                _C_numeric_locale
 .rodata.str1.4
                0x0000000010012214        0x6 /usr/lib/gcc/arm-none-eabi/10.3.1/../../../arm-none-eabi/lib/thumb/v6-m/nofp/libc.a(lib_a-locale.o)
                                         0x12 (size before relaxing)
 *fill*         0x000000001001221a        0x2 
 .rodata        0x000000001001221c       0x60 /usr/lib/gcc/arm-none-eabi/10.3.1/../../../arm-none-eabi/lib/thumb/v6-m/nofp/libc.a(lib_a-month_lengths.o)
                0x000000001001221c                __month_lengths
 .rodata.str1.4
                0x000000001001227c       0x33 /usr/lib/gcc/arm-none-eabi/10.3.1/../../../arm-none-eabi/lib/thumb/v6-m/nofp/libc.a(lib_a-mprec.o)
                                         0x47 (size before relaxing)
 *fill*         0x00000000100122af        0x1 
 .rodata        0x00000000100122b0      0x128 /usr/lib/gcc/arm-none-eabi/10.3.1/../../../arm-none-eabi/lib/thumb/v6-m/nofp/libc.a(lib_a-mprec.o)
                0x00000000100122c0                __mprec_tinytens
                0x00000000100122e8                __mprec_bigtens
                0x0000000010012310                __mprec_tens
 .rodata.str1.4
                0x00000000100123d8       0x2f /usr/lib/gcc/arm-none-eabi/10.3.1/../../../arm-none-eabi/lib/thumb/v6-m/nofp/libc.a(lib_a-svfiprintf.o)
 *fill*         0x0000000010012407        0x1 
 .rodata        0x0000000010012408      0x184 /usr/lib/gcc/arm-none-eabi/10.3.1/../../../arm-none-eabi/lib/thumb/v6-m/nofp/libc.a(lib_a-svfiprintf.o)
 .rodata        0x000000001001258c      0x2aa /usr/lib/gcc/arm-none-eabi/10.3.1/../../../arm-none-eabi/lib/thumb/v6-m/nofp/libc.a(lib_a-svfiscanf.o)
 .rodata.str1.4
                0x0000000010012836        0x1 /usr/lib/gcc/arm-none-eabi/10.3.1/../../../arm-none-eabi/lib/thumb/v6-m/nofp/libc.a(lib_a-mbrtowc.o)
                0x0000000010012838                . = ALIGN (0x4)
 *fill*         0x0000000010012836        0x2 
 *(SORT_BY_ALIGNMENT(SORT_BY_NAME(.flashdata*)))
                0x0000000010012838                . = ALIGN (0x4)

.rel.dyn        0x0000000010012838        0x0
 .rel.iplt      0x0000000010012838        0x0 /usr/lib/gcc/arm-none-eabi/10.3.1/thumb/v6-m/nofp/crtbegin.o

.ARM.extab
 *(.ARM.extab* .gnu.linkonce.armextab.*)
                0x0000000010012838                __exidx_start = .

.ARM.exidx
 *(.ARM.exidx* .gnu.linkonce.armexidx.*)
                0x0000000010012838                __exidx_end = .
                0x0000000010012838                . = ALIGN (0x4)
                0x0000000010012838                __binary_info_start = .

.binary_info    0x0000000010012838       0x50
 *(.binary_info.keep.*)
 .binary_info.keep.__bi_ptr48
                0x0000000010012838        0x4 CMakeFiles/swarm.dir/main.c.obj
 .binary_info.keep.__bi_ptr49
                0x000000001001283c        0x4 CMakeFiles/swarm.dir/main.c.obj
 .binary_info.keep.__bi_ptr50
                0x0000000010012840        0x4 CMakeFiles/swarm.dir/main.c.obj
 .binary_info.keep.__bi_ptr51
                0x0000000010012844        0x4 CMakeFiles/swarm.dir/main.c.obj
 .binary_info.keep.__bi_ptr52
                0x0000000010012848        0x4 CMakeFiles/swarm.dir/main.c.obj
 .binary_info.keep.__bi_ptr53
                0x000000001001284c        0x4 CMakeFiles/swarm.dir/main.c.obj
 .binary_info.keep.__bi_ptr150
                0x0000000010012850        0x4 CMakeFiles/swarm.dir/vhf.c.obj
 .binary_info.keep.__bi_ptr151
                0x0000000010012854        0x4 CMakeFiles/swarm.dir/vhf.c.obj
 .binary_info.keep.__bi_ptr152
                0x0000000010012858        0x4 CMakeFiles/swarm.dir/vhf.c.obj