../Core/Src/main.c:83:5:main	8	static
../Core/Src/main.c:135:6:SystemClock_Config	128	static
../Core/Src/main.c:195:13:MX_DAC1_Init	64	static
../Core/Src/main.c:250:13:MX_GPDMA1_Init	16	static
../Core/Src/main.c:278:13:MX_RTC_Init	40	static
../Core/Src/main.c:333:13:MX_TIM2_Init	40	static
../Core/Src/main.c:378:13:MX_UART4_Init	8	static
../Core/Src/main.c:427:13:MX_USART3_UART_Init	8	static
../Core/Src/main.c:475:13:MX_GPIO_Init	48	static
../Core/Src/main.c:512:6:MX_TIM2_Fake_Init	48	static
../Core/Src/main.c:552:6:HAL_TIM_PeriodElapsedCallback	16	static
../Core/Src/main.c:569:6:Error_Handler	4	static,ignoring_inline_asm
